* installing *source* package ‘ROI.plugin.qpoases’ ...
** this is package ‘ROI.plugin.qpoases’ version ‘1.0-3’
** package ‘ROI.plugin.qpoases’ successfully unpacked and MD5 sums checked
** using staged installation
** libs
using C++ compiler: ‘aarch64-linux-gnu-g++ (Ubuntu 15.2.0-16ubuntu1) 15.2.0’
aarch64-linux-gnu-g++ -std=gnu++20 -I"/usr/share/R/include" -DNDEBUG -Iqpoases/include -DLINUX -D__USE_LONG_INTEGERS__ -D__USE_LONG_FINTS__ -DSOLVER_NONE -D__NO_COPYRIGHT__ -D__SUPPRESSANYOUTPUT__ -D__R__ -I'/usr/local/lib/R/site-library/Rcpp/include'     -fPIC  -g -O2 -fno-omit-frame-pointer -mno-omit-leaf-frame-pointer -ffile-prefix-map=/build/r-base-J3M54U/r-base-4.6.1=. -fstack-protector-strong -fstack-clash-protection -Wformat -Werror=format-security -mbranch-protection=standard -fdebug-prefix-map=/build/r-base-J3M54U/r-base-4.6.1=/usr/src/r-base-4.6.1-4.2604.0 -Wdate-time -D_FORTIFY_SOURCE=3   -c qpoases/src/SQProblem.cpp -o qpoases/src/SQProblem.o
aarch64-linux-gnu-g++ -std=gnu++20 -I"/usr/share/R/include" -DNDEBUG -Iqpoases/include -DLINUX -D__USE_LONG_INTEGERS__ -D__USE_LONG_FINTS__ -DSOLVER_NONE -D__NO_COPYRIGHT__ -D__SUPPRESSANYOUTPUT__ -D__R__ -I'/usr/local/lib/R/site-library/Rcpp/include'     -fPIC  -g -O2 -fno-omit-frame-pointer -mno-omit-leaf-frame-pointer -ffile-prefix-map=/build/r-base-J3M54U/r-base-4.6.1=. -fstack-protector-strong -fstack-clash-protection -Wformat -Werror=format-security -mbranch-protection=standard -fdebug-prefix-map=/build/r-base-J3M54U/r-base-4.6.1=/usr/src/r-base-4.6.1-4.2604.0 -Wdate-time -D_FORTIFY_SOURCE=3   -c qpoases/src/QProblem.cpp -o qpoases/src/QProblem.o
aarch64-linux-gnu-g++ -std=gnu++20 -I"/usr/share/R/include" -DNDEBUG -Iqpoases/include -DLINUX -D__USE_LONG_INTEGERS__ -D__USE_LONG_FINTS__ -DSOLVER_NONE -D__NO_COPYRIGHT__ -D__SUPPRESSANYOUTPUT__ -D__R__ -I'/usr/local/lib/R/site-library/Rcpp/include'     -fPIC  -g -O2 -fno-omit-frame-pointer -mno-omit-leaf-frame-pointer -ffile-prefix-map=/build/r-base-J3M54U/r-base-4.6.1=. -fstack-protector-strong -fstack-clash-protection -Wformat -Werror=format-security -mbranch-protection=standard -fdebug-prefix-map=/build/r-base-J3M54U/r-base-4.6.1=/usr/src/r-base-4.6.1-4.2604.0 -Wdate-time -D_FORTIFY_SOURCE=3   -c qpoases/src/QProblemB.cpp -o qpoases/src/QProblemB.o
aarch64-linux-gnu-g++ -std=gnu++20 -I"/usr/share/R/include" -DNDEBUG -Iqpoases/include -DLINUX -D__USE_LONG_INTEGERS__ -D__USE_LONG_FINTS__ -DSOLVER_NONE -D__NO_COPYRIGHT__ -D__SUPPRESSANYOUTPUT__ -D__R__ -I'/usr/local/lib/R/site-library/Rcpp/include'     -fPIC  -g -O2 -fno-omit-frame-pointer -mno-omit-leaf-frame-pointer -ffile-prefix-map=/build/r-base-J3M54U/r-base-4.6.1=. -fstack-protector-strong -fstack-clash-protection -Wformat -Werror=format-security -mbranch-protection=standard -fdebug-prefix-map=/build/r-base-J3M54U/r-base-4.6.1=/usr/src/r-base-4.6.1-4.2604.0 -Wdate-time -D_FORTIFY_SOURCE=3   -c qpoases/src/SQProblemSchur.cpp -o qpoases/src/SQProblemSchur.o
qpoases/src/SQProblemSchur.cpp: In function ‘void MyPrintf(const char*, ...)’:
qpoases/src/SQProblemSchur.cpp:51:26: error: no match for ‘operator<<’ (operand types are ‘std::basic_ostream<char>’ and ‘va_list’)
   51 |   Rcpp::Rcout << pformat << ap;
      |   ~~~~~~~~~~~~~~~~~~~~~~ ^~ ~~
      |               |             |
      |               |             va_list
      |               std::basic_ostream<char>
qpoases/src/SQProblemSchur.cpp:51:26: note: there are 57 candidates
   51 |   Rcpp::Rcout << pformat << ap;
      |   ~~~~~~~~~~~~~~~~~~~~~~~^~~~~
In file included from /usr/include/c++/15/ostream:42,
                 from /usr/include/c++/15/iostream:43,
                 from qpoases/include/qpOASES/QProblem.hpp:41,
                 from qpoases/include/qpOASES/SQProblem.hpp:42,
                 from qpoases/include/qpOASES/SQProblemSchur.hpp:42,
                 from qpoases/src/SQProblemSchur.cpp:37:
/usr/include/c++/15/bits/ostream.h:116:7: note: candidate 1: ‘std::basic_ostream<_CharT, _Traits>::__ostream_type& std::basic_ostream<_CharT, _Traits>::operator<<(__ostream_type& (*)(__ostream_type&)) [with _CharT = char; _Traits = std::char_traits<char>; __ostream_type = std::basic_ostream<char>]’
  116 |       operator<<(__ostream_type& (*__pf)(__ostream_type&))
      |       ^~~~~~~~
/usr/include/c++/15/bits/ostream.h:116:36: note: no known conversion for argument 1 from ‘va_list’ to ‘std::basic_ostream<char>::__ostream_type& (*)(std::basic_ostream<char>::__ostream_type&)’ {aka ‘std::basic_ostream<char>& (*)(std::basic_ostream<char>&)’}
  116 |       operator<<(__ostream_type& (*__pf)(__ostream_type&))
      |                  ~~~~~~~~~~~~~~~~~~^~~~~~~~~~~~~~~~~~~~~~
/usr/include/c++/15/bits/ostream.h:125:7: note: candidate 2: ‘std::basic_ostream<_CharT, _Traits>::__ostream_type& std::basic_ostream<_CharT, _Traits>::operator<<(__ios_type& (*)(__ios_type&)) [with _CharT = char; _Traits = std::char_traits<char>; __ostream_type = std::basic_ostream<char>; __ios_type = std::basic_ios<char>]’
  125 |       operator<<(__ios_type& (*__pf)(__ios_type&))
      |       ^~~~~~~~
/usr/include/c++/15/bits/ostream.h:125:32: note: no known conversion for argument 1 from ‘va_list’ to ‘std::basic_ostream<char>::__ios_type& (*)(std::basic_ostream<char>::__ios_type&)’ {aka ‘std::basic_ios<char>& (*)(std::basic_ios<char>&)’}
  125 |       operator<<(__ios_type& (*__pf)(__ios_type&))
      |                  ~~~~~~~~~~~~~~^~~~~~~~~~~~~~~~~~
/usr/include/c++/15/bits/ostream.h:135:7: note: candidate 3: ‘std::basic_ostream<_CharT, _Traits>::__ostream_type& std::basic_ostream<_CharT, _Traits>::operator<<(std::ios_base& (*)(std::ios_base&)) [with _CharT = char; _Traits = std::char_traits<char>; __ostream_type = std::basic_ostream<char>]’
  135 |       operator<<(ios_base& (*__pf) (ios_base&))
      |       ^~~~~~~~
/usr/include/c++/15/bits/ostream.h:135:30: note: no known conversion for argument 1 from ‘va_list’ to ‘std::ios_base& (*)(std::ios_base&)’
  135 |       operator<<(ios_base& (*__pf) (ios_base&))
      |                  ~~~~~~~~~~~~^~~~~~~~~~~~~~~~~
/usr/include/c++/15/bits/ostream.h:174:7: note: candidate 4: ‘std::basic_ostream<_CharT, _Traits>::__ostream_type& std::basic_ostream<_CharT, _Traits>::operator<<(long int) [with _CharT = char; _Traits = std::char_traits<char>; __ostream_type = std::basic_ostream<char>]’
  174 |       operator<<(long __n)
      |       ^~~~~~~~
/usr/include/c++/15/bits/ostream.h:174:23: note: no known conversion for argument 1 from ‘va_list’ to ‘long int’
  174 |       operator<<(long __n)
      |                  ~~~~~^~~
/usr/include/c++/15/bits/ostream.h:178:7: note: candidate 5: ‘std::basic_ostream<_CharT, _Traits>::__ostream_type& std::basic_ostream<_CharT, _Traits>::operator<<(long unsigned int) [with _CharT = char; _Traits = std::char_traits<char>; __ostream_type = std::basic_ostream<char>]’
  178 |       operator<<(unsigned long __n)
      |       ^~~~~~~~
/usr/include/c++/15/bits/ostream.h:178:32: note: no known conversion for argument 1 from ‘va_list’ to ‘long unsigned int’
  178 |       operator<<(unsigned long __n)
      |                  ~~~~~~~~~~~~~~^~~
/usr/include/c++/15/bits/ostream.h:182:7: note: candidate 6: ‘std::basic_ostream<_CharT, _Traits>::__ostream_type& std::basic_ostream<_CharT, _Traits>::operator<<(bool) [with _CharT = char; _Traits = std::char_traits<char>; __ostream_type = std::basic_ostream<char>]’
  182 |       operator<<(bool __n)
      |       ^~~~~~~~
/usr/include/c++/15/bits/ostream.h:182:23: note: no known conversion for argument 1 from ‘va_list’ to ‘bool’
  182 |       operator<<(bool __n)
      |                  ~~~~~^~~
In file included from /usr/include/c++/15/ostream:294:
/usr/include/c++/15/bits/ostream.tcc:100:5: note: candidate 7: ‘std::basic_ostream<_CharT, _Traits>& std::basic_ostream<_CharT, _Traits>::operator<<(short int) [with _CharT = char; _Traits = std::char_traits<char>]’
  100 |     basic_ostream<_CharT, _Traits>::
      |     ^~~~~~~~~~~~~~~~~~~~~~~~~~~~~~
/usr/include/c++/15/bits/ostream.tcc:101:22: note: no known conversion for argument 1 from ‘va_list’ to ‘short int’
  101 |     operator<<(short __n)
      |                ~~~~~~^~~
/usr/include/c++/15/bits/ostream.h:189:7: note: candidate 8: ‘std::basic_ostream<_CharT, _Traits>::__ostream_type& std::basic_ostream<_CharT, _Traits>::operator<<(short unsigned int) [with _CharT = char; _Traits = std::char_traits<char>; __ostream_type = std::basic_ostream<char>]’
  189 |       operator<<(unsigned short __n)
      |       ^~~~~~~~
/usr/include/c++/15/bits/ostream.h:189:33: note: no known conversion for argument 1 from ‘va_list’ to ‘short unsigned int’
  189 |       operator<<(unsigned short __n)
      |                  ~~~~~~~~~~~~~~~^~~
/usr/include/c++/15/bits/ostream.tcc:114:5: note: candidate 9: ‘std::basic_ostream<_CharT, _Traits>& std::basic_ostream<_CharT, _Traits>::operator<<(int) [with _CharT = char; _Traits = std::char_traits<char>]’
  114 |     basic_ostream<_CharT, _Traits>::
      |     ^~~~~~~~~~~~~~~~~~~~~~~~~~~~~~
/usr/include/c++/15/bits/ostream.tcc:115:20: note: no known conversion for argument 1 from ‘va_list’ to ‘int’
  115 |     operator<<(int __n)
      |                ~~~~^~~
/usr/include/c++/15/bits/ostream.h:200:7: note: candidate 10: ‘std::basic_ostream<_CharT, _Traits>::__ostream_type& std::basic_ostream<_CharT, _Traits>::operator<<(unsigned int) [with _CharT = char; _Traits = std::char_traits<char>; __ostream_type = std::basic_ostream<char>]’
  200 |       operator<<(unsigned int __n)
      |       ^~~~~~~~
/usr/include/c++/15/bits/ostream.h:200:31: note: no known conversion for argument 1 from ‘va_list’ to ‘unsigned int’
  200 |       operator<<(unsigned int __n)
      |                  ~~~~~~~~~~~~~^~~
/usr/include/c++/15/bits/ostream.h:211:7: note: candidate 11: ‘std::basic_ostream<_CharT, _Traits>::__ostream_type& std::basic_ostream<_CharT, _Traits>::operator<<(long long int) [with _CharT = char; _Traits = std::char_traits<char>; __ostream_type = std::basic_ostream<char>]’
  211 |       operator<<(long long __n)
      |       ^~~~~~~~
/usr/include/c++/15/bits/ostream.h:211:28: note: no known conversion for argument 1 from ‘va_list’ to ‘long long int’
  211 |       operator<<(long long __n)
      |                  ~~~~~~~~~~^~~
/usr/include/c++/15/bits/ostream.h:215:7: note: candidate 12: ‘std::basic_ostream<_CharT, _Traits>::__ostream_type& std::basic_ostream<_CharT, _Traits>::operator<<(long long unsigned int) [with _CharT = char; _Traits = std::char_traits<char>; __ostream_type = std::basic_ostream<char>]’
  215 |       operator<<(unsigned long long __n)
      |       ^~~~~~~~
/usr/include/c++/15/bits/ostream.h:215:37: note: no known conversion for argument 1 from ‘va_list’ to ‘long long unsigned int’
  215 |       operator<<(unsigned long long __n)
      |                  ~~~~~~~~~~~~~~~~~~~^~~
/usr/include/c++/15/bits/ostream.h:231:7: note: candidate 13: ‘std::basic_ostream<_CharT, _Traits>::__ostream_type& std::basic_ostream<_CharT, _Traits>::operator<<(double) [with _CharT = char; _Traits = std::char_traits<char>; __ostream_type = std::basic_ostream<char>]’
  231 |       operator<<(double __f)
      |       ^~~~~~~~
/usr/include/c++/15/bits/ostream.h:231:25: note: no known conversion for argument 1 from ‘va_list’ to ‘double’
  231 |       operator<<(double __f)
      |                  ~~~~~~~^~~
/usr/include/c++/15/bits/ostream.h:235:7: note: candidate 14: ‘std::basic_ostream<_CharT, _Traits>::__ostream_type& std::basic_ostream<_CharT, _Traits>::operator<<(float) [with _CharT = char; _Traits = std::char_traits<char>; __ostream_type = std::basic_ostream<char>]’
  235 |       operator<<(float __f)
      |       ^~~~~~~~
/usr/include/c++/15/bits/ostream.h:235:24: note: no known conversion for argument 1 from ‘va_list’ to ‘float’
  235 |       operator<<(float __f)
      |                  ~~~~~~^~~
/usr/include/c++/15/bits/ostream.h:243:7: note: candidate 15: ‘std::basic_ostream<_CharT, _Traits>::__ostream_type& std::basic_ostream<_CharT, _Traits>::operator<<(long double) [with _CharT = char; _Traits = std::char_traits<char>; __ostream_type = std::basic_ostream<char>]’
  243 |       operator<<(long double __f)
      |       ^~~~~~~~
/usr/include/c++/15/bits/ostream.h:243:30: note: no known conversion for argument 1 from ‘va_list’ to ‘long double’
  243 |       operator<<(long double __f)
      |                  ~~~~~~~~~~~~^~~
/usr/include/c++/15/bits/ostream.h:301:7: note: candidate 16: ‘std::basic_ostream<_CharT, _Traits>::__ostream_type& std::basic_ostream<_CharT, _Traits>::operator<<(const void*) [with _CharT = char; _Traits = std::char_traits<char>; __ostream_type = std::basic_ostream<char>]’
  301 |       operator<<(const void* __p)
      |       ^~~~~~~~
/usr/include/c++/15/bits/ostream.h:301:30: note: no known conversion for argument 1 from ‘va_list’ to ‘const void*’
  301 |       operator<<(const void* __p)
      |                  ~~~~~~~~~~~~^~~
/usr/include/c++/15/bits/ostream.h:306:7: note: candidate 17: ‘std::basic_ostream<_CharT, _Traits>::__ostream_type& std::basic_ostream<_CharT, _Traits>::operator<<(std::nullptr_t) [with _CharT = char; _Traits = std::char_traits<char>; __ostream_type = std::basic_ostream<char>; std::nullptr_t = std::nullptr_t]’
  306 |       operator<<(nullptr_t)
      |       ^~~~~~~~
/usr/include/c++/15/bits/ostream.h:306:18: note: no known conversion for argument 1 from ‘va_list’ to ‘std::nullptr_t’
  306 |       operator<<(nullptr_t)
      |                  ^~~~~~~~~
/usr/include/c++/15/bits/ostream.tcc:128:5: note: candidate 18: ‘std::basic_ostream<_CharT, _Traits>& std::basic_ostream<_CharT, _Traits>::operator<<(__streambuf_type*) [with _CharT = char; _Traits = std::char_traits<char>; __streambuf_type = std::basic_streambuf<char>]’
  128 |     basic_ostream<_CharT, _Traits>::
      |     ^~~~~~~~~~~~~~~~~~~~~~~~~~~~~~
/usr/include/c++/15/bits/ostream.tcc:129:34: note: no known conversion for argument 1 from ‘va_list’ to ‘std::basic_ostream<char>::__streambuf_type*’ {aka ‘std::basic_streambuf<char>*’}
  129 |     operator<<(__streambuf_type* __sbin)
      |                ~~~~~~~~~~~~~~~~~~^~~~~~
In file included from /usr/include/c++/15/bits/basic_string.h:51,
                 from /usr/include/c++/15/string:56,
                 from /usr/include/c++/15/bits/locale_classes.h:42,
                 from /usr/include/c++/15/bits/ios_base.h:43,
                 from /usr/include/c++/15/ios:46,
                 from /usr/include/c++/15/bits/ostream.h:43:
/usr/include/c++/15/string_view:767:5: note: candidate 19: ‘template<class _CharT, class _Traits> std::basic_ostream<_CharT, _Traits>& std::operator<<(basic_ostream<_CharT, _Traits>&, basic_string_view<_CharT, _Traits>)’
  767 |     operator<<(basic_ostream<_CharT, _Traits>& __os,
      |     ^~~~~~~~
/usr/include/c++/15/string_view:767:5: note: template argument deduction/substitution failed:
qpoases/src/SQProblemSchur.cpp:51:29: note:   ‘__va_list’ is not derived from ‘std::basic_string_view<_CharT, _Traits>’
   51 |   Rcpp::Rcout << pformat << ap;
      |                             ^~
/usr/include/c++/15/bits/basic_string.h:4365:5: note: candidate 20: ‘template<class _CharT, class _Traits, class _Alloc> std::basic_ostream<_CharT, _Traits>& std::operator<<(basic_ostream<_CharT, _Traits>&, const __cxx11::basic_string<_CharT, _Traits, _Alloc>&)’
 4365 |     operator<<(basic_ostream<_CharT, _Traits>& __os,
      |     ^~~~~~~~
/usr/include/c++/15/bits/basic_string.h:4365:5: note: template argument deduction/substitution failed:
qpoases/src/SQProblemSchur.cpp:51:29: note:   ‘va_list’ is not derived from ‘const std::__cxx11::basic_string<_CharT, _Traits, _Alloc>’
   51 |   Rcpp::Rcout << pformat << ap;
      |                             ^~
In file included from /usr/include/c++/15/bits/memory_resource.h:40,
                 from /usr/include/c++/15/string:72:
/usr/include/c++/15/cstddef:130:5: note: candidate 21: ‘template<class _IntegerType> constexpr std::__byte_op_t<_IntegerType> std::operator<<(byte, _IntegerType)’
  130 |     operator<<(byte __b, _IntegerType __shift) noexcept
      |     ^~~~~~~~
/usr/include/c++/15/cstddef:130:5: note: template argument deduction/substitution failed:
qpoases/src/SQProblemSchur.cpp:51:15: note:   cannot convert ‘std::operator<< <char_traits<char> >(Rcpp::Rcout.Rcpp::Rostream<true>::std::basic_ostream<char>, pformat)’ (type ‘std::basic_ostream<char>’) to type ‘std::byte’
   51 |   Rcpp::Rcout << pformat << ap;
      |   ~~~~~~~~~~~~^~~~~~~~~~
In file included from /usr/include/c++/15/bits/ios_base.h:48:
/usr/include/c++/15/system_error:341:5: note: candidate 22: ‘template<class _CharT, class _Traits> std::basic_ostream<_CharT, _Traits>& std::operator<<(basic_ostream<_CharT, _Traits>&, const error_code&)’
  341 |     operator<<(basic_ostream<_CharT, _Traits>& __os, const error_code& __e)
      |     ^~~~~~~~
/usr/include/c++/15/system_error:341:5: note: template argument deduction/substitution failed:
qpoases/src/SQProblemSchur.cpp:51:29: note:   cannot convert ‘ap’ (type ‘va_list’) to type ‘const std::error_code&’
   51 |   Rcpp::Rcout << pformat << ap;
      |                             ^~
/usr/include/c++/15/bits/ostream.h:626:5: note: candidate 23: ‘template<class _CharT, class _Traits> std::basic_ostream<_CharT, _Traits>& std::operator<<(basic_ostream<_CharT, _Traits>&, _CharT)’
  626 |     operator<<(basic_ostream<_CharT, _Traits>& __out, _CharT __c)
      |     ^~~~~~~~
/usr/include/c++/15/bits/ostream.h:626:5: note: template argument deduction/substitution failed:
qpoases/src/SQProblemSchur.cpp:51:29: note:   deduced conflicting types for parameter ‘_CharT’ (‘char’ and ‘__va_list’)
   51 |   Rcpp::Rcout << pformat << ap;
      |                             ^~
/usr/include/c++/15/bits/ostream.h:636:5: note: candidate 24: ‘template<class _CharT, class _Traits> std::basic_ostream<_CharT, _Traits>& std::operator<<(basic_ostream<_CharT, _Traits>&, char)’
  636 |     operator<<(basic_ostream<_CharT, _Traits>& __out, char __c)
      |     ^~~~~~~~
/usr/include/c++/15/bits/ostream.h:636:5: note: template argument deduction/substitution failed:
qpoases/src/SQProblemSchur.cpp:51:29: note:   cannot convert ‘ap’ (type ‘va_list’) to type ‘char’
   51 |   Rcpp::Rcout << pformat << ap;
      |                             ^~
/usr/include/c++/15/bits/ostream.h:642:5: note: candidate 25: ‘template<class _Traits> std::basic_ostream<char, _Traits>& std::operator<<(basic_ostream<char, _Traits>&, char)’
  642 |     operator<<(basic_ostream<char, _Traits>& __out, char __c)
      |     ^~~~~~~~
/usr/include/c++/15/bits/ostream.h:642:5: note: template argument deduction/substitution failed:
qpoases/src/SQProblemSchur.cpp:51:29: note:   cannot convert ‘ap’ (type ‘va_list’) to type ‘char’
   51 |   Rcpp::Rcout << pformat << ap;
      |                             ^~
/usr/include/c++/15/bits/ostream.h:653:5: note: candidate 26: ‘template<class _Traits> std::basic_ostream<char, _Traits>& std::operator<<(basic_ostream<char, _Traits>&, signed char)’
  653 |     operator<<(basic_ostream<char, _Traits>& __out, signed char __c)
      |     ^~~~~~~~
/usr/include/c++/15/bits/ostream.h:653:5: note: template argument deduction/substitution failed:
qpoases/src/SQProblemSchur.cpp:51:29: note:   cannot convert ‘ap’ (type ‘va_list’) to type ‘signed char’
   51 |   Rcpp::Rcout << pformat << ap;
      |                             ^~
/usr/include/c++/15/bits/ostream.h:658:5: note: candidate 27: ‘template<class _Traits> std::basic_ostream<char, _Traits>& std::operator<<(basic_ostream<char, _Traits>&, unsigned char)’
  658 |     operator<<(basic_ostream<char, _Traits>& __out, unsigned char __c)
      |     ^~~~~~~~
/usr/include/c++/15/bits/ostream.h:658:5: note: template argument deduction/substitution failed:
qpoases/src/SQProblemSchur.cpp:51:29: note:   cannot convert ‘ap’ (type ‘va_list’) to type ‘unsigned char’
   51 |   Rcpp::Rcout << pformat << ap;
      |                             ^~
/usr/include/c++/15/bits/ostream.h:667:5: note: candidate 28: ‘template<class _Traits> std::basic_ostream<char, _Traits>& std::operator<<(basic_ostream<char, _Traits>&, wchar_t)’ (deleted)
  667 |     operator<<(basic_ostream<char, _Traits>&, wchar_t) = delete;
      |     ^~~~~~~~
/usr/include/c++/15/bits/ostream.h:667:5: note: template argument deduction/substitution failed:
qpoases/src/SQProblemSchur.cpp:51:29: note:   cannot convert ‘ap’ (type ‘va_list’) to type ‘wchar_t’
   51 |   Rcpp::Rcout << pformat << ap;
      |                             ^~
/usr/include/c++/15/bits/ostream.h:672:5: note: candidate 29: ‘template<class _Traits> std::basic_ostream<char, _Traits>& std::operator<<(basic_ostream<char, _Traits>&, char8_t)’ (deleted)
  672 |     operator<<(basic_ostream<char, _Traits>&, char8_t) = delete;
      |     ^~~~~~~~
/usr/include/c++/15/bits/ostream.h:672:5: note: template argument deduction/substitution failed:
qpoases/src/SQProblemSchur.cpp:51:29: note:   cannot convert ‘ap’ (type ‘va_list’) to type ‘char8_t’
   51 |   Rcpp::Rcout << pformat << ap;
      |                             ^~
/usr/include/c++/15/bits/ostream.h:677:5: note: candidate 30: ‘template<class _Traits> std::basic_ostream<char, _Traits>& std::operator<<(basic_ostream<char, _Traits>&, char16_t)’ (deleted)
  677 |     operator<<(basic_ostream<char, _Traits>&, char16_t) = delete;
      |     ^~~~~~~~
/usr/include/c++/15/bits/ostream.h:677:5: note: template argument deduction/substitution failed:
qpoases/src/SQProblemSchur.cpp:51:29: note:   cannot convert ‘ap’ (type ‘va_list’) to type ‘char16_t’
   51 |   Rcpp::Rcout << pformat << ap;
      |                             ^~
/usr/include/c++/15/bits/ostream.h:681:5: note: candidate 31: ‘template<class _Traits> std::basic_ostream<char, _Traits>& std::operator<<(basic_ostream<char, _Traits>&, char32_t)’ (deleted)
  681 |     operator<<(basic_ostream<char, _Traits>&, char32_t) = delete;
      |     ^~~~~~~~
/usr/include/c++/15/bits/ostream.h:681:5: note: template argument deduction/substitution failed:
qpoases/src/SQProblemSchur.cpp:51:29: note:   cannot convert ‘ap’ (type ‘va_list’) to type ‘char32_t’
   51 |   Rcpp::Rcout << pformat << ap;
      |                             ^~
/usr/include/c++/15/bits/ostream.h:687:5: note: candidate 32: ‘template<class _Traits> std::basic_ostream<wchar_t, _Traits>& std::operator<<(basic_ostream<wchar_t, _Traits>&, char8_t)’ (deleted)
  687 |     operator<<(basic_ostream<wchar_t, _Traits>&, char8_t) = delete;
      |     ^~~~~~~~
/usr/include/c++/15/bits/ostream.h:687:5: note: template argument deduction/substitution failed:
qpoases/src/SQProblemSchur.cpp:51:29: note:   mismatched types ‘wchar_t’ and ‘char’
   51 |   Rcpp::Rcout << pformat << ap;
      |                             ^~
/usr/include/c++/15/bits/ostream.h:692:5: note: candidate 33: ‘template<class _Traits> std::basic_ostream<wchar_t, _Traits>& std::operator<<(basic_ostream<wchar_t, _Traits>&, char16_t)’ (deleted)
  692 |     operator<<(basic_ostream<wchar_t, _Traits>&, char16_t) = delete;
      |     ^~~~~~~~
/usr/include/c++/15/bits/ostream.h:692:5: note: template argument deduction/substitution failed:
qpoases/src/SQProblemSchur.cpp:51:29: note:   mismatched types ‘wchar_t’ and ‘char’
   51 |   Rcpp::Rcout << pformat << ap;
      |                             ^~
/usr/include/c++/15/bits/ostream.h:696:5: note: candidate 34: ‘template<class _Traits> std::basic_ostream<wchar_t, _Traits>& std::operator<<(basic_ostream<wchar_t, _Traits>&, char32_t)’ (deleted)
  696 |     operator<<(basic_ostream<wchar_t, _Traits>&, char32_t) = delete;
      |     ^~~~~~~~
/usr/include/c++/15/bits/ostream.h:696:5: note: template argument deduction/substitution failed:
qpoases/src/SQProblemSchur.cpp:51:29: note:   mismatched types ‘wchar_t’ and ‘char’
   51 |   Rcpp::Rcout << pformat << ap;
      |                             ^~
/usr/include/c++/15/bits/ostream.h:717:5: note: candidate 35: ‘template<class _CharT, class _Traits> std::basic_ostream<_CharT, _Traits>& std::operator<<(basic_ostream<_CharT, _Traits>&, const _CharT*)’
  717 |     operator<<(basic_ostream<_CharT, _Traits>& __out, const _CharT* __s)
      |     ^~~~~~~~
/usr/include/c++/15/bits/ostream.h:717:5: note: template argument deduction/substitution failed:
qpoases/src/SQProblemSchur.cpp:51:29: note:   mismatched types ‘const _CharT*’ and ‘__va_list’
   51 |   Rcpp::Rcout << pformat << ap;
      |                             ^~
/usr/include/c++/15/bits/ostream.tcc:311:5: note: candidate 36: ‘template<class _CharT, class _Traits> std::basic_ostream<_CharT, _Traits>& std::operator<<(basic_ostream<_CharT, _Traits>&, const char*)’
  311 |     operator<<(basic_ostream<_CharT, _Traits>& __out, const char* __s)
      |     ^~~~~~~~
/usr/include/c++/15/bits/ostream.tcc:311:5: note: template argument deduction/substitution failed:
qpoases/src/SQProblemSchur.cpp:51:29: note:   cannot convert ‘ap’ (type ‘va_list’) to type ‘const char*’
   51 |   Rcpp::Rcout << pformat << ap;
      |                             ^~
/usr/include/c++/15/bits/ostream.h:734:5: note: candidate 37: ‘template<class _Traits> std::basic_ostream<char, _Traits>& std::operator<<(basic_ostream<char, _Traits>&, const char*)’
  734 |     operator<<(basic_ostream<char, _Traits>& __out, const char* __s)
      |     ^~~~~~~~
/usr/include/c++/15/bits/ostream.h:734:5: note: template argument deduction/substitution failed:
qpoases/src/SQProblemSchur.cpp:51:29: note:   cannot convert ‘ap’ (type ‘va_list’) to type ‘const char*’
   51 |   Rcpp::Rcout << pformat << ap;
      |                             ^~
/usr/include/c++/15/bits/ostream.h:747:5: note: candidate 38: ‘template<class _Traits> std::basic_ostream<char, _Traits>& std::operator<<(basic_ostream<char, _Traits>&, const signed char*)’
  747 |     operator<<(basic_ostream<char, _Traits>& __out, const signed char* __s)
      |     ^~~~~~~~
/usr/include/c++/15/bits/ostream.h:747:5: note: template argument deduction/substitution failed:
qpoases/src/SQProblemSchur.cpp:51:29: note:   cannot convert ‘ap’ (type ‘va_list’) to type ‘const signed char*’
   51 |   Rcpp::Rcout << pformat << ap;
      |                             ^~
/usr/include/c++/15/bits/ostream.h:752:5: note: candidate 39: ‘template<class _Traits> std::basic_ostream<char, _Traits>& std::operator<<(basic_ostream<char, _Traits>&, const unsigned char*)’
  752 |     operator<<(basic_ostream<char, _Traits>& __out, const unsigned char* __s)
      |     ^~~~~~~~
/usr/include/c++/15/bits/ostream.h:752:5: note: template argument deduction/substitution failed:
qpoases/src/SQProblemSchur.cpp:51:29: note:   cannot convert ‘ap’ (type ‘va_list’) to type ‘const unsigned char*’
   51 |   Rcpp::Rcout << pformat << ap;
      |                             ^~
/usr/include/c++/15/bits/ostream.h:761:5: note: candidate 40: ‘template<class _Traits> std::basic_ostream<char, _Traits>& std::operator<<(basic_ostream<char, _Traits>&, const wchar_t*)’ (deleted)
  761 |     operator<<(basic_ostream<char, _Traits>&, const wchar_t*) = delete;
      |     ^~~~~~~~
/usr/include/c++/15/bits/ostream.h:761:5: note: template argument deduction/substitution failed:
qpoases/src/SQProblemSchur.cpp:51:29: note:   cannot convert ‘ap’ (type ‘va_list’) to type ‘const wchar_t*’
   51 |   Rcpp::Rcout << pformat << ap;
      |                             ^~
/usr/include/c++/15/bits/ostream.h:766:5: note: candidate 41: ‘template<class _Traits> std::basic_ostream<char, _Traits>& std::operator<<(basic_ostream<char, _Traits>&, const char8_t*)’ (deleted)
  766 |     operator<<(basic_ostream<char, _Traits>&, const char8_t*) = delete;
      |     ^~~~~~~~
/usr/include/c++/15/bits/ostream.h:766:5: note: template argument deduction/substitution failed:
qpoases/src/SQProblemSchur.cpp:51:29: note:   cannot convert ‘ap’ (type ‘va_list’) to type ‘const char8_t*’
   51 |   Rcpp::Rcout << pformat << ap;
      |                             ^~
/usr/include/c++/15/bits/ostream.h:771:5: note: candidate 42: ‘template<class _Traits> std::basic_ostream<char, _Traits>& std::operator<<(basic_ostream<char, _Traits>&, const char16_t*)’ (deleted)
  771 |     operator<<(basic_ostream<char, _Traits>&, const char16_t*) = delete;
      |     ^~~~~~~~
/usr/include/c++/15/bits/ostream.h:771:5: note: template argument deduction/substitution failed:
qpoases/src/SQProblemSchur.cpp:51:29: note:   cannot convert ‘ap’ (type ‘va_list’) to type ‘const char16_t*’
   51 |   Rcpp::Rcout << pformat << ap;
      |                             ^~
/usr/include/c++/15/bits/ostream.h:775:5: note: candidate 43: ‘template<class _Traits> std::basic_ostream<char, _Traits>& std::operator<<(basic_ostream<char, _Traits>&, const char32_t*)’ (deleted)
  775 |     operator<<(basic_ostream<char, _Traits>&, const char32_t*) = delete;
      |     ^~~~~~~~
/usr/include/c++/15/bits/ostream.h:775:5: note: template argument deduction/substitution failed:
qpoases/src/SQProblemSchur.cpp:51:29: note:   cannot convert ‘ap’ (type ‘va_list’) to type ‘const char32_t*’
   51 |   Rcpp::Rcout << pformat << ap;
      |                             ^~
/usr/include/c++/15/bits/ostream.h:781:5: note: candidate 44: ‘template<class _Traits> std::basic_ostream<wchar_t, _Traits>& std::operator<<(basic_ostream<wchar_t, _Traits>&, const char8_t*)’ (deleted)
  781 |     operator<<(basic_ostream<wchar_t, _Traits>&, const char8_t*) = delete;
      |     ^~~~~~~~
/usr/include/c++/15/bits/ostream.h:781:5: note: template argument deduction/substitution failed:
qpoases/src/SQProblemSchur.cpp:51:29: note:   mismatched types ‘wchar_t’ and ‘char’
   51 |   Rcpp::Rcout << pformat << ap;
      |                             ^~
/usr/include/c++/15/bits/ostream.h:786:5: note: candidate 45: ‘template<class _Traits> std::basic_ostream<wchar_t, _Traits>& std::operator<<(basic_ostream<wchar_t, _Traits>&, const char16_t*)’ (deleted)
  786 |     operator<<(basic_ostream<wchar_t, _Traits>&, const char16_t*) = delete;
      |     ^~~~~~~~
/usr/include/c++/15/bits/ostream.h:786:5: note: template argument deduction/substitution failed:
qpoases/src/SQProblemSchur.cpp:51:29: note:   mismatched types ‘wchar_t’ and ‘char’
   51 |   Rcpp::Rcout << pformat << ap;
      |                             ^~
/usr/include/c++/15/bits/ostream.h:790:5: note: candidate 46: ‘template<class _Traits> std::basic_ostream<wchar_t, _Traits>& std::operator<<(basic_ostream<wchar_t, _Traits>&, const char32_t*)’ (deleted)
  790 |     operator<<(basic_ostream<wchar_t, _Traits>&, const char32_t*) = delete;
      |     ^~~~~~~~
/usr/include/c++/15/bits/ostream.h:790:5: note: template argument deduction/substitution failed:
qpoases/src/SQProblemSchur.cpp:51:29: note:   mismatched types ‘wchar_t’ and ‘char’
   51 |   Rcpp::Rcout << pformat << ap;
      |                             ^~
/usr/include/c++/15/bits/ostream.h:836:5: note: candidate 47: ‘template<class _Ostream, class _Tp> _Ostream&& std::operator<<(_Ostream&&, const _Tp&)’
  836 |     operator<<(_Ostream&& __os, const _Tp& __x)
      |     ^~~~~~~~
/usr/include/c++/15/bits/ostream.h:836:5: note: template argument deduction/substitution failed:
/usr/include/c++/15/bits/ostream.h: In substitution of ‘template<class _Ostream, class _Tp> _Ostream&& std::operator<<(_Ostream&&, const _Tp&) [with _Ostream = std::basic_ostream<char>&; _Tp = __va_list]’:
qpoases/src/SQProblemSchur.cpp:51:29:   required from here
   51 |   Rcpp::Rcout << pformat << ap;
      |                             ^~
/usr/include/c++/15/bits/ostream.h:836:5: error: template constraint failure for ‘template<class _Os, class _Tp>  requires (__derived_from_ios_base<_Os>) && requires(_Os& __os, const _Tp& __t) {__os << __t;} using std::__rvalue_stream_insertion_t = _Os&&’
  836 |     operator<<(_Ostream&& __os, const _Tp& __x)
      |     ^~~~~~~~
/usr/include/c++/15/bits/ostream.h:836:5: note: constraints not satisfied
/usr/include/c++/15/bits/ostream.h: In substitution of ‘template<class _Os, class _Tp>  requires (__derived_from_ios_base<_Os>) && requires(_Os& __os, const _Tp& __t) {__os << __t;} using std::__rvalue_stream_insertion_t = _Os&& [with _Os = std::basic_ostream<char>&; _Tp = __va_list]’:
/usr/include/c++/15/bits/ostream.h:836:5:   required by substitution of ‘template<class _Ostream, class _Tp> _Ostream&& std::operator<<(_Ostream&&, const _Tp&) [with _Ostream = std::basic_ostream<char>&; _Tp = __va_list]’
qpoases/src/SQProblemSchur.cpp:51:29:   required from here
   51 |   Rcpp::Rcout << pformat << ap;
      |                             ^~
/usr/include/c++/15/bits/ostream.h:803:13:   required for the satisfaction of ‘__derived_from_ios_base<_Os>’ [with _Os = std::basic_ostream<char, std::char_traits<char> >&]
/usr/include/c++/15/bits/ostream.h:803:39: note: the expression ‘is_class_v<_Tp> [with _Tp = std::basic_ostream<char, std::char_traits<char> >&]’ evaluated to ‘false’
  803 |     concept __derived_from_ios_base = is_class_v<_Tp>
      |                                       ^~~~~~~~~~~~~~~
In file included from /usr/local/lib/R/site-library/Rcpp/include/RcppCommon.h:54,
                 from /usr/local/lib/R/site-library/Rcpp/include/Rcpp.h:27,
                 from qpoases/src/SQProblemSchur.cpp:42:
/usr/include/c++/15/iomanip:89:5: note: candidate 48: ‘template<class _CharT, class _Traits> std::basic_ostream<_CharT, _Traits>& std::operator<<(basic_ostream<_CharT, _Traits>&, _Resetiosflags)’
   89 |     operator<<(basic_ostream<_CharT, _Traits>& __os, _Resetiosflags __f)
      |     ^~~~~~~~
/usr/include/c++/15/iomanip:89:5: note: template argument deduction/substitution failed:
qpoases/src/SQProblemSchur.cpp:51:29: note:   cannot convert ‘ap’ (type ‘va_list’) to type ‘std::_Resetiosflags’
   51 |   Rcpp::Rcout << pformat << ap;
      |                             ^~
/usr/include/c++/15/iomanip:119:5: note: candidate 49: ‘template<class _CharT, class _Traits> std::basic_ostream<_CharT, _Traits>& std::operator<<(basic_ostream<_CharT, _Traits>&, _Setiosflags)’
  119 |     operator<<(basic_ostream<_CharT, _Traits>& __os, _Setiosflags __f)
      |     ^~~~~~~~
/usr/include/c++/15/iomanip:119:5: note: template argument deduction/substitution failed:
qpoases/src/SQProblemSchur.cpp:51:29: note:   cannot convert ‘ap’ (type ‘va_list’) to type ‘std::_Setiosflags’
   51 |   Rcpp::Rcout << pformat << ap;
      |                             ^~
/usr/include/c++/15/iomanip:153:5: note: candidate 50: ‘template<class _CharT, class _Traits> std::basic_ostream<_CharT, _Traits>& std::operator<<(basic_ostream<_CharT, _Traits>&, _Setbase)’
  153 |     operator<<(basic_ostream<_CharT, _Traits>& __os, _Setbase __f)
      |     ^~~~~~~~
/usr/include/c++/15/iomanip:153:5: note: template argument deduction/substitution failed:
qpoases/src/SQProblemSchur.cpp:51:29: note:   cannot convert ‘ap’ (type ‘va_list’) to type ‘std::_Setbase’
   51 |   Rcpp::Rcout << pformat << ap;
      |                             ^~
/usr/include/c++/15/iomanip:190:5: note: candidate 51: ‘template<class _CharT, class _Traits> std::basic_ostream<_CharT, _Traits>& std::operator<<(basic_ostream<_CharT, _Traits>&, _Setfill<_CharT>)’
  190 |     operator<<(basic_ostream<_CharT, _Traits>& __os, _Setfill<_CharT> __f)
      |     ^~~~~~~~
/usr/include/c++/15/iomanip:190:5: note: template argument deduction/substitution failed:
qpoases/src/SQProblemSchur.cpp:51:29: note:   ‘__va_list’ is not derived from ‘std::_Setfill<_CharT>’
   51 |   Rcpp::Rcout << pformat << ap;
      |                             ^~
/usr/include/c++/15/iomanip:220:5: note: candidate 52: ‘template<class _CharT, class _Traits> std::basic_ostream<_CharT, _Traits>& std::operator<<(basic_ostream<_CharT, _Traits>&, _Setprecision)’
  220 |     operator<<(basic_ostream<_CharT, _Traits>& __os, _Setprecision __f)
      |     ^~~~~~~~
/usr/include/c++/15/iomanip:220:5: note: template argument deduction/substitution failed:
qpoases/src/SQProblemSchur.cpp:51:29: note:   cannot convert ‘ap’ (type ‘va_list’) to type ‘std::_Setprecision’
   51 |   Rcpp::Rcout << pformat << ap;
      |                             ^~
/usr/include/c++/15/iomanip:250:5: note: candidate 53: ‘template<class _CharT, class _Traits> std::basic_ostream<_CharT, _Traits>& std::operator<<(basic_ostream<_CharT, _Traits>&, _Setw)’
  250 |     operator<<(basic_ostream<_CharT, _Traits>& __os, _Setw __f)
      |     ^~~~~~~~
/usr/include/c++/15/iomanip:250:5: note: template argument deduction/substitution failed:
qpoases/src/SQProblemSchur.cpp:51:29: note:   cannot convert ‘ap’ (type ‘va_list’) to type ‘std::_Setw’
   51 |   Rcpp::Rcout << pformat << ap;
      |                             ^~
/usr/include/c++/15/iomanip:323:5: note: candidate 54: ‘template<class _CharT, class _Traits, class _MoneyT> std::basic_ostream<_CharT, _Traits>& std::operator<<(basic_ostream<_CharT, _Traits>&, _Put_money<_MoneyT>)’
  323 |     operator<<(basic_ostream<_CharT, _Traits>& __os, _Put_money<_MoneyT> __f)
      |     ^~~~~~~~
/usr/include/c++/15/iomanip:323:5: note: template argument deduction/substitution failed:
qpoases/src/SQProblemSchur.cpp:51:29: note:   ‘__va_list’ is not derived from ‘std::_Put_money<_MoneyT>’
   51 |   Rcpp::Rcout << pformat << ap;
      |                             ^~
/usr/include/c++/15/iomanip:375:5: note: candidate 55: ‘template<class _CharT, class _Traits> std::basic_ostream<_CharT, _Traits>& std::operator<<(basic_ostream<_CharT, _Traits>&, _Put_time<_CharT>)’
  375 |     operator<<(basic_ostream<_CharT, _Traits>& __os, _Put_time<_CharT> __f)
      |     ^~~~~~~~
/usr/include/c++/15/iomanip:375:5: note: template argument deduction/substitution failed:
qpoases/src/SQProblemSchur.cpp:51:29: note:   ‘__va_list’ is not derived from ‘std::_Put_time<_CharT>’
   51 |   Rcpp::Rcout << pformat << ap;
      |                             ^~
In file included from /usr/local/lib/R/site-library/Rcpp/include/RcppCommon.h:69:
/usr/include/c++/15/complex:597:5: note: candidate 56: ‘template<class _Tp, class _CharT, class _Traits> std::basic_ostream<_CharT, _Traits>& std::operator<<(basic_ostream<_CharT, _Traits>&, const complex<_Tp>&)’
  597 |     operator<<(basic_ostream<_CharT, _Traits>& __os, const complex<_Tp>& __x)
      |     ^~~~~~~~
/usr/include/c++/15/complex:597:5: note: template argument deduction/substitution failed:
qpoases/src/SQProblemSchur.cpp:51:29: note:   ‘va_list’ is not derived from ‘const std::complex<_Tp>’
   51 |   Rcpp::Rcout << pformat << ap;
      |                             ^~
In file included from /usr/local/lib/R/site-library/Rcpp/include/RcppCommon.h:137:
/usr/local/lib/R/site-library/Rcpp/include/Rcpp/complex.h:76:23: note: candidate 57: ‘std::ostream& operator<<(std::ostream&, const Rcomplex&)’
   76 | inline std::ostream & operator<<(std::ostream &os, const Rcomplex& cplx) {
      |                       ^~~~~~~~
/usr/local/lib/R/site-library/Rcpp/include/Rcpp/complex.h:76:68: note: no known conversion for argument 2 from ‘va_list’ to ‘const Rcomplex&’
   76 | inline std::ostream & operator<<(std::ostream &os, const Rcomplex& cplx) {
      |                                                    ~~~~~~~~~~~~~~~~^~~~
make: *** [/usr/lib/R/etc/Makeconf:199: qpoases/src/SQProblemSchur.o] Error 1
ERROR: compilation failed for package ‘ROI.plugin.qpoases’
* removing ‘/__w/linux-arm64-checks/linux-arm64-checks/mylib/ROI.plugin.qpoases’
