* using log directory ‘/__w/linux-arm64-checks/linux-arm64-checks/ROracle.Rcheck’
* using R version 4.5.2 (2025-10-31)
* using platform: aarch64-unknown-linux-gnu
* R was compiled by
    gcc (Ubuntu 15.2.0-11ubuntu1) 15.2.0
    GNU Fortran (Ubuntu 15.2.0-11ubuntu1) 15.2.0
* running under: Ubuntu 26.04 LTS
* using session charset: UTF-8
* using options ‘--no-manual --no-vignettes’
* checking for file ‘ROracle/DESCRIPTION’ ... OK
* this is package ‘ROracle’ version ‘1.5-1’
* checking package namespace information ... OK
* checking package dependencies ... OK
* checking if this is a source package ... OK
* checking if there is a namespace ... OK
* checking for executable files ... OK
* checking for hidden files and directories ... OK
* checking for portable file names ... OK
* checking for sufficient/correct file permissions ... OK
* checking whether package ‘ROracle’ can be installed ... ERROR
Installation failed.
See ‘/__w/linux-arm64-checks/linux-arm64-checks/ROracle.Rcheck/00install.out’ for details.
* DONE
Status: 1 ERROR
