* using log directory ‘/__w/linux-arm64-checks/linux-arm64-checks/dryingkineticmodels.Rcheck’
* using R version 4.6.1 (2026-06-24)
* using platform: aarch64-unknown-linux-gnu
* R was compiled by
    aarch64-linux-gnu-gcc (Ubuntu 15.2.0-16ubuntu1) 15.2.0
    GNU Fortran (Ubuntu 15.2.0-16ubuntu1) 15.2.0
* running under: Ubuntu 26.04 LTS
* using session charset: UTF-8
* current time: 2026-07-21 12:31:35 UTC
* using options ‘--no-manual --no-vignettes’
* checking for file ‘dryingkineticmodels/DESCRIPTION’ ... OK
* this is package ‘dryingkineticmodels’ version ‘1.0.0’
* package encoding: UTF-8
* checking package namespace information ... OK
* checking package dependencies ... ERROR
Package required but not available: ‘officer’

See section ‘The DESCRIPTION file’ in the ‘Writing R Extensions’
manual.
* DONE
Status: 1 ERROR
