* using log directory ‘/__w/linux-arm64-checks/linux-arm64-checks/rvtk.Rcheck’
* using R version 4.6.0 (2026-04-24)
* using platform: aarch64-unknown-linux-gnu
* R was compiled by
    aarch64-linux-gnu-gcc (Ubuntu 15.2.0-16ubuntu1) 15.2.0
    GNU Fortran (Ubuntu 15.2.0-16ubuntu1) 15.2.0
* running under: Ubuntu 26.04 LTS
* using session charset: UTF-8
* current time: 2026-05-31 03:10:11 UTC
* using options ‘--no-manual --no-vignettes’
* checking for file ‘rvtk/DESCRIPTION’ ... OK
* this is package ‘rvtk’ version ‘0.1.3’
* package encoding: UTF-8
* checking package namespace information ... OK
* checking package dependencies ... OK
* checking if this is a source package ... OK
* checking if there is a namespace ... OK
* checking for executable files ... OK
* checking for hidden files and directories ... OK
* checking for portable file names ... OK
* checking for sufficient/correct file permissions ... OK
* checking whether package ‘rvtk’ can be installed ... ERROR
Installation failed.
See ‘/__w/linux-arm64-checks/linux-arm64-checks/rvtk.Rcheck/00install.out’ for details.
* DONE
Status: 1 ERROR
