* using log directory ‘/__w/linux-arm64-checks/linux-arm64-checks/ARCokrig.Rcheck’
* using R version 4.6.1 (2026-06-24)
* using platform: aarch64-unknown-linux-gnu
* R was compiled by
    aarch64-linux-gnu-gcc (Ubuntu 15.2.0-16ubuntu1) 15.2.0
    GNU Fortran (Ubuntu 15.2.0-16ubuntu1) 15.2.0
* running under: Ubuntu 26.04 LTS
* using session charset: UTF-8
* current time: 2026-06-28 02:41:52 UTC
* using options ‘--no-manual --no-vignettes’
* checking for file ‘ARCokrig/DESCRIPTION’ ... OK
* checking extension type ... Package
* this is package ‘ARCokrig’ version ‘0.1.3’
* package encoding: UTF-8
* checking package namespace information ... OK
* checking package dependencies ... OK
* checking if this is a source package ... OK
* checking if there is a namespace ... OK
* checking for executable files ... OK
* checking for hidden files and directories ... OK
* checking for portable file names ... OK
* checking for sufficient/correct file permissions ... OK
* checking whether package ‘ARCokrig’ can be installed ... OK
* used C++ compiler: ‘aarch64-linux-gnu-g++ (Ubuntu 15.2.0-16ubuntu1) 15.2.0’
* checking C++ specification ... INFO
  specified C++17
* checking installed package size ... INFO
  installed size is 36.8Mb
  sub-directories of 1Mb or more:
    libs  36.5Mb
* checking package directory ... OK
* checking DESCRIPTION meta-information ... OK
* checking top-level files ... OK
* checking for left-over files ... OK
* checking index information ... OK
* checking package subdirectories ... OK
* checking code files for non-ASCII characters ... OK
* checking R files for syntax errors ... OK
* checking whether the package can be loaded ... OK
* checking whether the package can be loaded with stated dependencies ... OK
* checking whether the package can be unloaded cleanly ... OK
* checking whether the namespace can be loaded with stated dependencies ... OK
* checking whether the namespace can be unloaded cleanly ... OK
* checking loading without being on the library search path ... OK
* checking dependencies in R code ... OK
* checking S3 generic/method consistency ... OK
* checking replacement functions ... OK
* checking foreign function calls ... OK
* checking R code for possible problems ... OK
* checking Rd files ... OK
* checking Rd metadata ... OK
* checking Rd cross-references ... OK
* checking for missing documentation entries ... OK
* checking for code/documentation mismatches ... OK
* checking Rd \usage sections ... OK
* checking Rd contents ... OK
* checking for unstated dependencies in examples ... OK
* checking line endings in C/C++/Fortran sources/headers ... OK
* checking line endings in Makefiles ... OK
* checking compilation flags in Makevars ... OK
* checking for GNU extensions in Makefiles ... OK
* checking for portable use of $(BLAS_LIBS) and $(LAPACK_LIBS) ... OK
* checking use of PKG_*FLAGS in Makefiles ... OK
* checking compiled code ... INFO
Note: information on .o files is not available
* checking examples ... ERROR
Running examples in ‘ARCokrig-Ex.R’ failed
The error most likely occurred in:

> ### Name: ARCokrig
> ### Title: Fit the AR-Cokriging model and make predictions
> ### Aliases: ARCokrig
> 
> ### ** Examples
> 
> 
> ##############################################################
> ##############################################################
> ############ Example
> Funcc = function(x){
+   return(0.5*(6*x-2)^2*sin(12*x-4)+10*(x-0.5)-5)
+ }
> 
> Funcf = function(x){
+   z1 = Funcc(x)
+   z2 = 2*z1-20*x+20 + sin(10*cos(5*x))
+   return(z2)
+ }
> 
> #####################################################################
> ###### Nested design 
> #####################################################################
> Dc <- seq(-1,1,0.1)
> indDf <- c(1, 3, 6, 8, 10, 13, 17, 21)
> zc <- Funcc(Dc)
> Df <- Dc[indDf]
> zf <- Funcf(Df)
> 
> input.new = as.matrix(seq(-1,1,length.out=200))
> 
> 
> ## fit and predict with the AR-Cokriging model
> 
> out = ARCokrig(formula=list(~1,~1+x1), output=list(c(zc), c(zf)),
+               input=list(as.matrix(Dc), as.matrix(Df)),
+               cov.model="matern_5_2",
+               input.new=input.new)
[1] "optimization error, skip t=1"
[1] "Error in chol.default(R) : the leading minor of order 2 is not positive\n"
attr(,"class")
[1] "try-error"
attr(,"condition")
<simpleError in chol.default(R): the leading minor of order 2 is not positive>
[1] "optimization error, skip t=2"
[1] "Error in chol.default(R) : the leading minor of order 2 is not positive\n"
attr(,"class")
[1] "try-error"
attr(,"condition")
<simpleError in chol.default(R): the leading minor of order 2 is not positive>
Error in chol.default(R) : the leading minor of order 2 is not positive
Calls: ARCokrig -> cokm.predict -> chol -> chol.default
Execution halted
* DONE
Status: 1 ERROR
