* installing *source* package ‘psvr’ ...
** this is package ‘psvr’ version ‘0.1.0’
** package ‘psvr’ successfully unpacked and MD5 sums checked
** using staged installation
** libs
using C++ compiler: ‘aarch64-linux-gnu-g++ (Ubuntu 15.2.0-16ubuntu1) 15.2.0’
aarch64-linux-gnu-g++ -std=gnu++20 -I"/usr/share/R/include" -DNDEBUG  -I'/usr/local/lib/R/site-library/Rcpp/include'     -fPIC  -g -O2 -fno-omit-frame-pointer -mno-omit-leaf-frame-pointer -ffile-prefix-map=/build/r-base-G8rfbz/r-base-4.6.1=. -fstack-protector-strong -fstack-clash-protection -Wformat -Werror=format-security -mbranch-protection=standard -fdebug-prefix-map=/build/r-base-G8rfbz/r-base-4.6.1=/usr/src/r-base-4.6.1-6.2604.0 -Wdate-time -D_FORTIFY_SOURCE=3   -c RcppExports.cpp -o RcppExports.o
aarch64-linux-gnu-g++ -std=gnu++20 -I"/usr/share/R/include" -DNDEBUG  -I'/usr/local/lib/R/site-library/Rcpp/include'     -fPIC  -g -O2 -fno-omit-frame-pointer -mno-omit-leaf-frame-pointer -ffile-prefix-map=/build/r-base-G8rfbz/r-base-4.6.1=. -fstack-protector-strong -fstack-clash-protection -Wformat -Werror=format-security -mbranch-protection=standard -fdebug-prefix-map=/build/r-base-G8rfbz/r-base-4.6.1=/usr/src/r-base-4.6.1-6.2604.0 -Wdate-time -D_FORTIFY_SOURCE=3   -c binding_kernel.cpp -o binding_kernel.o
aarch64-linux-gnu-g++ -std=gnu++20 -I"/usr/share/R/include" -DNDEBUG  -I'/usr/local/lib/R/site-library/Rcpp/include'     -fPIC  -g -O2 -fno-omit-frame-pointer -mno-omit-leaf-frame-pointer -ffile-prefix-map=/build/r-base-G8rfbz/r-base-4.6.1=. -fstack-protector-strong -fstack-clash-protection -Wformat -Werror=format-security -mbranch-protection=standard -fdebug-prefix-map=/build/r-base-G8rfbz/r-base-4.6.1=/usr/src/r-base-4.6.1-6.2604.0 -Wdate-time -D_FORTIFY_SOURCE=3   -c binding_smo.cpp -o binding_smo.o
aarch64-linux-gnu-g++ -std=gnu++20 -I"/usr/share/R/include" -DNDEBUG  -I'/usr/local/lib/R/site-library/Rcpp/include'     -fPIC  -g -O2 -fno-omit-frame-pointer -mno-omit-leaf-frame-pointer -ffile-prefix-map=/build/r-base-G8rfbz/r-base-4.6.1=. -fstack-protector-strong -fstack-clash-protection -Wformat -Werror=format-security -mbranch-protection=standard -fdebug-prefix-map=/build/r-base-G8rfbz/r-base-4.6.1=/usr/src/r-base-4.6.1-6.2604.0 -Wdate-time -D_FORTIFY_SOURCE=3   -c core_block_k4.cpp -o core_block_k4.o
aarch64-linux-gnu-g++ -std=gnu++20 -I"/usr/share/R/include" -DNDEBUG  -I'/usr/local/lib/R/site-library/Rcpp/include'     -fPIC  -g -O2 -fno-omit-frame-pointer -mno-omit-leaf-frame-pointer -ffile-prefix-map=/build/r-base-G8rfbz/r-base-4.6.1=. -fstack-protector-strong -fstack-clash-protection -Wformat -Werror=format-security -mbranch-protection=standard -fdebug-prefix-map=/build/r-base-G8rfbz/r-base-4.6.1=/usr/src/r-base-4.6.1-6.2604.0 -Wdate-time -D_FORTIFY_SOURCE=3   -c core_kernel_linear.cpp -o core_kernel_linear.o
aarch64-linux-gnu-g++ -std=gnu++20 -I"/usr/share/R/include" -DNDEBUG  -I'/usr/local/lib/R/site-library/Rcpp/include'     -fPIC  -g -O2 -fno-omit-frame-pointer -mno-omit-leaf-frame-pointer -ffile-prefix-map=/build/r-base-G8rfbz/r-base-4.6.1=. -fstack-protector-strong -fstack-clash-protection -Wformat -Werror=format-security -mbranch-protection=standard -fdebug-prefix-map=/build/r-base-G8rfbz/r-base-4.6.1=/usr/src/r-base-4.6.1-6.2604.0 -Wdate-time -D_FORTIFY_SOURCE=3   -c core_kernel_poly.cpp -o core_kernel_poly.o
aarch64-linux-gnu-g++ -std=gnu++20 -I"/usr/share/R/include" -DNDEBUG  -I'/usr/local/lib/R/site-library/Rcpp/include'     -fPIC  -g -O2 -fno-omit-frame-pointer -mno-omit-leaf-frame-pointer -ffile-prefix-map=/build/r-base-G8rfbz/r-base-4.6.1=. -fstack-protector-strong -fstack-clash-protection -Wformat -Werror=format-security -mbranch-protection=standard -fdebug-prefix-map=/build/r-base-G8rfbz/r-base-4.6.1=/usr/src/r-base-4.6.1-6.2604.0 -Wdate-time -D_FORTIFY_SOURCE=3   -c core_kernel_rbf.cpp -o core_kernel_rbf.o
aarch64-linux-gnu-g++ -std=gnu++20 -I"/usr/share/R/include" -DNDEBUG  -I'/usr/local/lib/R/site-library/Rcpp/include'     -fPIC  -g -O2 -fno-omit-frame-pointer -mno-omit-leaf-frame-pointer -ffile-prefix-map=/build/r-base-G8rfbz/r-base-4.6.1=. -fstack-protector-strong -fstack-clash-protection -Wformat -Werror=format-security -mbranch-protection=standard -fdebug-prefix-map=/build/r-base-G8rfbz/r-base-4.6.1=/usr/src/r-base-4.6.1-6.2604.0 -Wdate-time -D_FORTIFY_SOURCE=3   -c core_smo_solve.cpp -o core_smo_solve.o
aarch64-linux-gnu-g++ -std=gnu++20 -shared -L/usr/lib/R/lib -Wl,-Bsymbolic-functions -Wl,--package-metadata=%7B%22type%22:%22deb%22%2C%22os%22:%22ubuntu%22%2C%22name%22:%22r-base%22%2C%22version%22:%224.6.1-6.2604.0%22%2C%22architecture%22:%22arm64%22%7D -flto=auto -ffat-lto-objects -Wl,-z,relro -o psvr.so RcppExports.o binding_kernel.o binding_smo.o core_block_k4.o core_kernel_linear.o core_kernel_poly.o core_kernel_rbf.o core_smo_solve.o -lblas -lgfortran -lm -L/usr/lib/R/lib -lR
installing to /__w/linux-arm64-checks/linux-arm64-checks/mylib/00LOCK-psvr/00new/psvr/libs
** R
** inst
** byte-compile and prepare package for lazy loading
** help
*** installing help indices
*** copying figures
** building package indices
** installing vignettes
** testing if installed package can be loaded from temporary location
** checking absolute paths in shared objects and dynamic libraries
** testing if installed package can be loaded from final location
** testing if installed package keeps a record of temporary installation path
* DONE (psvr)
