* using log directory ‘/__w/linux-arm64-checks/linux-arm64-checks/HausdorffGoF.Rcheck’
* using R version 4.6.0 (2026-04-24)
* using platform: aarch64-unknown-linux-gnu
* R was compiled by
    aarch64-linux-gnu-gcc (Ubuntu 15.2.0-16ubuntu1) 15.2.0
    GNU Fortran (Ubuntu 15.2.0-16ubuntu1) 15.2.0
* running under: Ubuntu 26.04 LTS
* using session charset: UTF-8
* current time: 2026-05-17 02:14:16 UTC
* using options ‘--no-manual --no-vignettes’
* checking for file ‘HausdorffGoF/DESCRIPTION’ ... OK
* checking extension type ... Package
* this is package ‘HausdorffGoF’ version ‘0.3.0’
* package encoding: UTF-8
* checking package namespace information ... OK
* checking package dependencies ... ERROR
Package required but not available: ‘KSgeneral’

See section ‘The DESCRIPTION file’ in the ‘Writing R Extensions’
manual.
* DONE
Status: 1 ERROR
