* using log directory ‘/__w/linux-arm64-checks/linux-arm64-checks/blocking.Rcheck’
* using R version 4.6.1 (2026-06-24)
* using platform: aarch64-unknown-linux-gnu
* R was compiled by
    aarch64-linux-gnu-gcc (Ubuntu 15.2.0-16ubuntu1) 15.2.0
    GNU Fortran (Ubuntu 15.2.0-16ubuntu1) 15.2.0
* running under: Ubuntu 26.04 LTS
* using session charset: UTF-8
* current time: 2026-08-23 01:07:44 UTC
* using options ‘--no-manual --no-vignettes’
* checking for file ‘blocking/DESCRIPTION’ ... OK
* checking extension type ... Package
* this is package ‘blocking’ version ‘1.0.3’
* package encoding: UTF-8
* checking package namespace information ... OK
* checking package dependencies ... OK
* checking if this is a source package ... OK
* checking if there is a namespace ... OK
* checking for executable files ... OK
* checking for hidden files and directories ... OK
* checking for portable file names ... OK
* checking for sufficient/correct file permissions ... OK
* checking whether package ‘blocking’ can be installed ... OK
* checking installed package size ... OK
* checking package directory ... OK
* checking ‘build’ directory ... OK
* checking DESCRIPTION meta-information ... OK
* checking top-level files ... OK
* checking for left-over files ... OK
* checking index information ... OK
* checking package subdirectories ... OK
* checking code files for non-ASCII characters ... OK
* checking R files for syntax errors ... OK
* checking whether the package can be loaded ... OK
* checking whether the package can be loaded with stated dependencies ... OK
* checking whether the package can be unloaded cleanly ... OK
* checking whether the namespace can be loaded with stated dependencies ... OK
* checking whether the namespace can be unloaded cleanly ... OK
* checking loading without being on the library search path ... OK
* checking dependencies in R code ... OK
* checking S3 generic/method consistency ... OK
* checking replacement functions ... OK
* checking foreign function calls ... OK
* checking R code for possible problems ... OK
* checking Rd files ... OK
* checking Rd metadata ... OK
* checking Rd cross-references ... OK
* checking for missing documentation entries ... OK
* checking for code/documentation mismatches ... OK
* checking Rd \usage sections ... OK
* checking Rd contents ... OK
* checking for unstated dependencies in examples ... OK
* checking contents of ‘data’ directory ... OK
* checking data for non-ASCII characters ... OK
* checking LazyData ... OK
* checking data for ASCII and uncompressed saves ... OK
* checking installed files from ‘inst/doc’ ... OK
* checking files in ‘vignettes’ ... OK
* checking examples ... OK
* checking for unstated dependencies in ‘tests’ ... OK
* checking tests ... ERROR
  Running ‘tinytest.R’
Running the tests in ‘tests/tinytest.R’ failed.
Last 13 lines of output:
   call| expect_equal(blocking(x = mat_x, y = mat_y, ann = "hnsw", control_ann = controls_ann(hnsw = list(M = 5, 
   call| -->    ef_s = 10, ef_c = 10))), structure(list(result = structure(list(x = c(1, 
   call| -->    1, 1, 1, 2, 2, 2, 2), y = c(5, 6, 7, 8, 1, 2, 3, 4), block = c(2, 
   call| -->    2, 2, 2, 1, 1, 1, 1), dist = c(1.19209289550781e-07, 0.0425729155540466, 
   call| -->    1.19209289550781e-07, 0.278312206268311, 0.0513166785240173, 
   call| -->    -1.19209289550781e-07, 0.0513166785240173, 0.225403368473053)), 
   call| -->    row.names = c(NA, -8), class = c("data.table", "data.frame")), 
   call| -->    method = "hnsw", deduplication = FALSE, representation = "custom_matrix", 
   call| -->    metrics = NULL, confusion = NULL, colnames = c("al", "an", 
   call| -->        "ho", "ij", "ja", "ki", "ko", "ls", "mo", "nt", "ow", 
   call| -->        "py", "sk", "ty", "wa", "yp", "yt", "on", "th"), graph = NULL), 
   call| -->    class = "blocking", n_x = 3, n_y = 8))
   diff| Component "result": Column 'dist': Mean relative difference: 1.837035e-07
  Error: 2 out of 95 tests failed
  Execution halted
* checking for unstated dependencies in vignettes ... OK
* checking package vignettes ... OK
* checking running R code from vignettes ... SKIPPED
* checking re-building of vignette outputs ... SKIPPED
* DONE
Status: 1 ERROR
