* using log directory ‘/__w/linux-arm64-checks/linux-arm64-checks/starling.Rcheck’
* using R version 4.6.1 (2026-06-24)
* using platform: aarch64-unknown-linux-gnu
* R was compiled by
    aarch64-linux-gnu-gcc (Ubuntu 15.2.0-16ubuntu1) 15.2.0
    GNU Fortran (Ubuntu 15.2.0-16ubuntu1) 15.2.0
* running under: Ubuntu 26.04 LTS
* using session charset: UTF-8
* current time: 2026-07-10 08:41:54 UTC
* using options ‘--no-manual --no-vignettes’
* checking for file ‘starling/DESCRIPTION’ ... OK
* this is package ‘starling’ version ‘1.1.0’
* package encoding: UTF-8
* checking package namespace information ... OK
* checking package dependencies ... ERROR
Package required but not available: ‘ggplot2’

Packages suggested but not available for checking:
  'patchwork', 'plotly', 'phonics', 'mudnester'

See section ‘The DESCRIPTION file’ in the ‘Writing R Extensions’
manual.
* DONE
Status: 1 ERROR
