* using log directory ‘/__w/linux-arm64-checks/linux-arm64-checks/taxonomizr.Rcheck’
* using R version 4.6.0 (2026-04-24)
* using platform: aarch64-unknown-linux-gnu
* R was compiled by
    aarch64-linux-gnu-gcc (Ubuntu 15.2.0-16ubuntu1) 15.2.0
    GNU Fortran (Ubuntu 15.2.0-16ubuntu1) 15.2.0
* running under: Ubuntu 26.04 LTS
* using session charset: UTF-8
* current time: 2026-06-21 03:25:09 UTC
* using options ‘--no-manual --no-vignettes’
* checking for file ‘taxonomizr/DESCRIPTION’ ... OK
* checking extension type ... Package
* this is package ‘taxonomizr’ version ‘0.11.1’
* package encoding: UTF-8
* checking package namespace information ... OK
* checking package dependencies ... OK
* checking if this is a source package ... OK
* checking if there is a namespace ... OK
* checking for executable files ... OK
* checking for hidden files and directories ... OK
* checking for portable file names ... OK
* checking for sufficient/correct file permissions ... OK
* checking whether package ‘taxonomizr’ can be installed ... OK
* used C compiler: ‘aarch64-linux-gnu-gcc (Ubuntu 15.2.0-16ubuntu1) 15.2.0’
* checking installed package size ... OK
* checking package directory ... OK
* checking ‘build’ directory ... OK
* checking DESCRIPTION meta-information ... OK
* checking top-level files ... OK
* checking for left-over files ... OK
* checking index information ... OK
* checking package subdirectories ... OK
* checking code files for non-ASCII characters ... OK
* checking R files for syntax errors ... OK
* checking whether the package can be loaded ... OK
* checking whether the package can be loaded with stated dependencies ... OK
* checking whether the package can be unloaded cleanly ... OK
* checking whether the namespace can be loaded with stated dependencies ... OK
* checking whether the namespace can be unloaded cleanly ... OK
* checking loading without being on the library search path ... OK
* checking dependencies in R code ... OK
* checking S3 generic/method consistency ... OK
* checking replacement functions ... OK
* checking foreign function calls ... OK
* checking R code for possible problems ... OK
* checking Rd files ... OK
* checking Rd metadata ... OK
* checking Rd cross-references ... OK
* checking for missing documentation entries ... OK
* checking for code/documentation mismatches ... OK
* checking Rd \usage sections ... OK
* checking Rd contents ... OK
* checking for unstated dependencies in examples ... OK
* checking line endings in C/C++/Fortran sources/headers ... OK
* checking compiled code ... INFO
Note: information on .o files is not available
* checking installed files from ‘inst/doc’ ... OK
* checking files in ‘vignettes’ ... OK
* checking examples ... ERROR
Running examples in ‘taxonomizr-Ex.R’ failed
The error most likely occurred in:

> ### Name: accessionToTaxa
> ### Title: Convert accessions to taxa
> ### Aliases: accessionToTaxa
> 
> ### ** Examples
> 
> taxa<-c(
+  "accession\taccession.version\ttaxid\tgi",
+  "Z17427\tZ17427.1\t3702\t16569",
+  "Z17428\tZ17428.1\t3702\t16570",
+  "Z17429\tZ17429.1\t3702\t16571",
+  "Z17430\tZ17430.1\t3702\t16572",
+  "X62402\tX62402.1\t9606\t30394"
+ )
> inFile<-tempfile()
> sqlFile<-tempfile()
> writeLines(taxa,inFile)
> read.accession2taxid(inFile,sqlFile,vocal=FALSE)
Error in trimTaxa(ii, tmp, 1:3) : 
  Could not write to file. Out of disk space?
Calls: read.accession2taxid -> trimTaxa
Execution halted
* checking for unstated dependencies in ‘tests’ ... OK
* checking tests ...
[FATAL TIMEOUT / HANG]
