* installing *source* package ‘retistruct’ ...
** this is package ‘retistruct’ version ‘0.8.1’
** package ‘retistruct’ successfully unpacked and MD5 sums checked
** using staged installation
** libs
using C compiler: ‘aarch64-linux-gnu-gcc (Ubuntu 15.2.0-16ubuntu1) 15.2.0’
aarch64-linux-gnu-gcc -I"/usr/share/R/include" -DNDEBUG       -fPIC  -g -O2 -fno-omit-frame-pointer -mno-omit-leaf-frame-pointer -ffile-prefix-map=/build/r-base-k3yPaA/r-base-4.6.0=. -fstack-protector-strong -fstack-clash-protection -Wformat -Werror=format-security -mbranch-protection=standard -fdebug-prefix-map=/build/r-base-k3yPaA/r-base-4.6.0=/usr/src/r-base-4.6.0-0.2604.2 -Wdate-time -D_FORTIFY_SOURCE=3  -c bary2sph.c -o bary2sph.o
aarch64-linux-gnu-gcc -I"/usr/share/R/include" -DNDEBUG       -fPIC  -g -O2 -fno-omit-frame-pointer -mno-omit-leaf-frame-pointer -ffile-prefix-map=/build/r-base-k3yPaA/r-base-4.6.0=. -fstack-protector-strong -fstack-clash-protection -Wformat -Werror=format-security -mbranch-protection=standard -fdebug-prefix-map=/build/r-base-k3yPaA/r-base-4.6.0=/usr/src/r-base-4.6.0-0.2604.2 -Wdate-time -D_FORTIFY_SOURCE=3  -c energy.c -o energy.o
aarch64-linux-gnu-gcc -I"/usr/share/R/include" -DNDEBUG       -fPIC  -g -O2 -fno-omit-frame-pointer -mno-omit-leaf-frame-pointer -ffile-prefix-map=/build/r-base-k3yPaA/r-base-4.6.0=. -fstack-protector-strong -fstack-clash-protection -Wformat -Werror=format-security -mbranch-protection=standard -fdebug-prefix-map=/build/r-base-k3yPaA/r-base-4.6.0=/usr/src/r-base-4.6.0-0.2604.2 -Wdate-time -D_FORTIFY_SOURCE=3  -c retistruct_init.c -o retistruct_init.o
aarch64-linux-gnu-gcc -shared -L/usr/lib/R/lib -Wl,-Bsymbolic-functions -Wl,--package-metadata=%7B%22type%22:%22deb%22%2C%22os%22:%22ubuntu%22%2C%22name%22:%22r-base%22%2C%22version%22:%224.6.0-0.2604.2%22%2C%22architecture%22:%22arm64%22%7D -flto=auto -ffat-lto-objects -Wl,-z,relro -o retistruct.so bary2sph.o energy.o retistruct_init.o -L/usr/lib/R/lib -lR
installing to /__w/linux-arm64-checks/linux-arm64-checks/mylib/00LOCK-retistruct/00new/retistruct/libs
** R
** demo
** inst
** byte-compile and prepare package for lazy loading
Warning: 'rgl.init' failed, will use the null device.
See '?rgl.useNULL' for ways to avoid this warning.
** help
*** installing help indices
** building package indices
** testing if installed package can be loaded from temporary location
Warning: 'rgl.init' failed, will use the null device.
See '?rgl.useNULL' for ways to avoid this warning.
** checking absolute paths in shared objects and dynamic libraries
** testing if installed package can be loaded from final location
Warning: 'rgl.init' failed, will use the null device.
See '?rgl.useNULL' for ways to avoid this warning.
** testing if installed package keeps a record of temporary installation path
* DONE (retistruct)
