* installing *source* package ‘rvtk’ ...
** this is package ‘rvtk’ version ‘0.2.0’
** using staged installation
No system VTK found. Trying pre-built static libraries from GitHub...
  Downloading https://github.com/astamm/rvtk/releases/download/v9.5.2/vtk-9.5.2-linux-aarch64.tar.gz ...
  Extracted to inst/prebuilt
  -> using pre-built VTK 9.5.2
Written inst/vtk.conf (pre-built; paths resolved at runtime)
  VTK_VERSION=9.5.2
  VTK_SUFFIX=-9.5
** R
** inst
** byte-compile and prepare package for lazy loading
** help
*** installing help indices
*** copying figures
** building package indices
** testing if installed package can be loaded from temporary location
** testing if installed package can be loaded from final location
** testing if installed package keeps a record of temporary installation path
* DONE (rvtk)
