* using log directory ‘/__w/linux-arm64-checks/linux-arm64-checks/glmMisrep.Rcheck’
* using R version 4.6.1 (2026-06-24)
* using platform: aarch64-unknown-linux-gnu
* R was compiled by
    aarch64-linux-gnu-gcc (Ubuntu 15.2.0-16ubuntu1) 15.2.0
    GNU Fortran (Ubuntu 15.2.0-16ubuntu1) 15.2.0
* running under: Ubuntu 26.04 LTS
* using session charset: UTF-8
* current time: 2026-08-21 01:49:11 UTC
* using options ‘--no-manual --no-vignettes’
* checking for file ‘glmMisrep/DESCRIPTION’ ... OK
* checking extension type ... Package
* this is package ‘glmMisrep’ version ‘0.1.2’
* package encoding: UTF-8
* checking package namespace information ... OK
* checking package dependencies ... OK
* checking if this is a source package ... OK
* checking if there is a namespace ... OK
* checking for executable files ... OK
* checking for hidden files and directories ... OK
* checking for portable file names ... OK
* checking for sufficient/correct file permissions ... OK
* checking whether package ‘glmMisrep’ can be installed ... OK
* checking installed package size ... OK
* checking package directory ... OK
* checking DESCRIPTION meta-information ... OK
* checking top-level files ... OK
* checking for left-over files ... OK
* checking index information ... OK
* checking package subdirectories ... OK
* checking code files for non-ASCII characters ... OK
* checking R files for syntax errors ... OK
* checking whether the package can be loaded ... OK
* checking whether the package can be loaded with stated dependencies ... OK
* checking whether the package can be unloaded cleanly ... OK
* checking whether the namespace can be loaded with stated dependencies ... OK
* checking whether the namespace can be unloaded cleanly ... OK
* checking loading without being on the library search path ... OK
* checking dependencies in R code ... OK
* checking S3 generic/method consistency ... OK
* checking replacement functions ... OK
* checking foreign function calls ... OK
* checking R code for possible problems ... OK
* checking Rd files ... OK
* checking Rd metadata ... OK
* checking Rd cross-references ... OK
* checking for missing documentation entries ... OK
* checking for code/documentation mismatches ... OK
* checking Rd \usage sections ... OK
* checking Rd contents ... OK
* checking for unstated dependencies in examples ... OK
* checking contents of ‘data’ directory ... OK
* checking data for non-ASCII characters ... OK
* checking LazyData ... OK
* checking data for ASCII and uncompressed saves ... OK
* checking examples ... OK
* checking for unstated dependencies in ‘tests’ ... OK
* checking tests ... ERROR
  Running ‘gamma-testing.R’
  Running ‘LN-testing.R’
  Running ‘NB-testing.R’
  Running ‘Norm-testing.R’
  Running ‘Pois-testing.R’
Running the tests in ‘tests/Pois-testing.R’ failed.
Last 13 lines of output:
  + matrix(data = c(0.0114492285, -0.0004087145,  0.0016883055, -0.001674646, -0.01493787,  0.004194090,  0.004620007,  0.003212934,  0.0008121915,
  +                -0.0004087145,  0.1376023242, -0.0103938967, -0.021763262, -0.10804979,  0.001850089, -0.001523425, -0.033947804, -0.0502985311,
  +                 0.0016883055, -0.0103938967,  0.0153809909,  0.005402047, -0.02063417,  0.003663544,  0.001754054,  0.008152043,  0.0006989913,
  +                -0.0016746456, -0.0217632624,  0.0054020474,  0.012549504,  0.02752248, -0.006829300, -0.008499404,  0.001601437,  0.0045586028,
  +                -0.0149378678, -0.1080497865, -0.0206341716,  0.027522475,  0.26797912, -0.040935476, -0.039438494, -0.023606980,  0.0234374153,
  +                 0.0041940900,  0.0018500887,  0.0036635440, -0.006829300, -0.04093548,  0.024832614,  0.009305140,  0.004723165, -0.0062878481,
  +                 0.0046200066, -0.0015234254,  0.0017540537, -0.008499404, -0.03943849,  0.009305140,  0.033156029,  0.023238618, -0.0090039233,
  +                 0.0032129343, -0.0339478042,  0.0081520434,  0.001601437, -0.02360698,  0.004723165,  0.023238618,  0.095149535,  0.0125163473,
  +                 0.0008121915, -0.0502985311,  0.0006989913,  0.004558603,  0.02343742, -0.006287848, -0.009003923,  0.012516347,  0.0479783934),
  +         ncol = 9, nrow = 9, byrow = TRUE, dimnames = list( c("lambda", names(t12$params)), c("lambda", names(t12$params)) ) ), tolerance = 2e-7
  + )
  + )
  Error: t12$cov.estimates and matrix(data = c(0.0114492285, -0.0004087145, 0.0016883055, -0.001674646,  .... are not equal:
    Mean relative difference: 2.657992e-07
  Execution halted
* DONE
Status: 1 ERROR
