* using log directory ‘/__w/linux-arm64-checks/linux-arm64-checks/polyglotSQL.Rcheck’
* using R version 4.6.1 (2026-06-24)
* using platform: aarch64-unknown-linux-gnu
* R was compiled by
    aarch64-linux-gnu-gcc (Ubuntu 15.2.0-16ubuntu1) 15.2.0
    GNU Fortran (Ubuntu 15.2.0-16ubuntu1) 15.2.0
* running under: Ubuntu 26.04.1 LTS
* using session charset: UTF-8
* current time: 2026-09-27 11:38:07 UTC
* using options ‘--no-manual --no-vignettes’
* checking for file ‘polyglotSQL/DESCRIPTION’ ... OK
* this is package ‘polyglotSQL’ version ‘0.1.1’
* package encoding: UTF-8
* checking package namespace information ... OK
* checking package dependencies ... OK
* checking if this is a source package ... OK
* checking if there is a namespace ... OK
* checking for executable files ... OK
* checking for hidden files and directories ... OK
* checking for portable file names ... OK
* checking for sufficient/correct file permissions ... OK
* checking whether package ‘polyglotSQL’ can be installed ... ERROR
Installation failed.
See ‘/__w/linux-arm64-checks/linux-arm64-checks/polyglotSQL.Rcheck/00install.out’ for details.
* DONE
Status: 1 ERROR
