* using log directory ‘/__w/linux-arm64-checks/linux-arm64-checks/polykde.Rcheck’
* using R version 4.6.1 (2026-06-24)
* using platform: aarch64-unknown-linux-gnu
* R was compiled by
    aarch64-linux-gnu-gcc (Ubuntu 15.2.0-16ubuntu1) 15.2.0
    GNU Fortran (Ubuntu 15.2.0-16ubuntu1) 15.2.0
* running under: Ubuntu 26.04 LTS
* using session charset: UTF-8
* current time: 2026-07-25 21:06:21 UTC
* using options ‘--no-manual --no-vignettes’
* checking for file ‘polykde/DESCRIPTION’ ... OK
* checking extension type ... Package
* this is package ‘polykde’ version ‘1.2.0’
* package encoding: UTF-8
* checking package namespace information ... OK
* checking package dependencies ... OK
* checking if this is a source package ... OK
* checking if there is a namespace ... OK
* checking for executable files ... OK
* checking for hidden files and directories ... OK
* checking for portable file names ... OK
* checking for sufficient/correct file permissions ... OK
* checking whether package ‘polykde’ can be installed ... OK
* used C++ compiler: ‘aarch64-linux-gnu-g++ (Ubuntu 15.2.0-16ubuntu1) 15.2.0’
* checking installed package size ... INFO
  installed size is 12.0Mb
  sub-directories of 1Mb or more:
    data   1.3Mb
    libs   9.2Mb
* checking package directory ... OK
* checking DESCRIPTION meta-information ... OK
* checking top-level files ... OK
* checking for left-over files ... OK
* checking index information ... OK
* checking package subdirectories ... OK
* checking code files for non-ASCII characters ... OK
* checking R files for syntax errors ... OK
* checking whether the package can be loaded ... OK
* checking whether the package can be loaded with stated dependencies ... OK
* checking whether the package can be unloaded cleanly ... OK
* checking whether the namespace can be loaded with stated dependencies ... OK
* checking whether the namespace can be unloaded cleanly ... OK
* checking loading without being on the library search path ... OK
* checking whether startup messages can be suppressed ... OK
* checking dependencies in R code ... OK
* checking S3 generic/method consistency ... OK
* checking replacement functions ... OK
* checking foreign function calls ... OK
* checking R code for possible problems ... OK
* checking Rd files ... OK
* checking Rd metadata ... OK
* checking Rd cross-references ... OK
* checking for missing documentation entries ... OK
* checking for code/documentation mismatches ... OK
* checking Rd \usage sections ... OK
* checking Rd contents ... OK
* checking for unstated dependencies in examples ... OK
* checking contents of ‘data’ directory ... OK
* checking data for non-ASCII characters ... OK
* checking LazyData ... OK
* checking data for ASCII and uncompressed saves ... OK
* checking R/sysdata.rda ... OK
* checking line endings in C/C++/Fortran sources/headers ... OK
* checking line endings in Makefiles ... OK
* checking compilation flags in Makevars ... OK
* checking for GNU extensions in Makefiles ... OK
* checking for portable use of $(BLAS_LIBS) and $(LAPACK_LIBS) ... OK
* checking use of PKG_*FLAGS in Makefiles ... OK
* checking compiled code ... INFO
Note: information on .o files is not available
* checking examples ... OK
* checking for unstated dependencies in ‘tests’ ... OK
* checking tests ... ERROR
  Running ‘testthat.R’
Running the tests in ‘tests/testthat.R’ failed.
Last 13 lines of output:
  ══ Skipped tests (6) ═══════════════════════════════════════════════════════════
  • No tests for euler ridges, just visualizations (1): 'tests_euler.R:504:1'
  • Unstable (5): 'tests_kde.R:165:3', 'tests_kre.R:49:3', 'tests_tests.R:115:3',
    'tests_tests.R:191:3', 'tests_tests.R:200:3'
  
  ══ Failed tests ════════════════════════════════════════════════════════════════
  ── Failure ('tests_tests.R:240:3'): Tests do not reject H_0 when it is true ────
  Expected `pval_mea` > 0.05.
  Actual comparison: 0.020 <= 0.050
  Difference: -0.030 <= 0
  
  [ FAIL 1 | WARN 0 | SKIP 6 | PASS 1045 ]
  Error:
  ! Test failures.
  Execution halted
* DONE
Status: 1 ERROR
