* installing *source* package ‘hibayes’ ...
** this is package ‘hibayes’ version ‘3.1.0’
** package ‘hibayes’ successfully unpacked and MD5 sums checked
** using staged installation
** libs
using C++ compiler: ‘aarch64-linux-gnu-g++ (Ubuntu 15.2.0-16ubuntu1) 15.2.0’
aarch64-linux-gnu-g++ -std=gnu++20 -I"/usr/share/R/include" -DNDEBUG  -I'/usr/local/lib/R/site-library/Rcpp/include' -I'/usr/local/lib/R/site-library/RcppArmadillo/include' -I'/usr/local/lib/R/site-library/RcppProgress/include' -I'/usr/local/lib/R/site-library/BH/include' -I'/usr/local/lib/R/site-library/bigmemory/include' -I'/usr/lib/R/library/Matrix/include'    -DARMA_64BIT_WORD=1 -DARMA_USE_CURRENT -fopenmp -fPIC  -g -O2 -fno-omit-frame-pointer -mno-omit-leaf-frame-pointer -ffile-prefix-map=/build/r-base-fzVJzL/r-base-4.6.0=. -fstack-protector-strong -fstack-clash-protection -Wformat -Werror=format-security -mbranch-protection=standard -fdebug-prefix-map=/build/r-base-fzVJzL/r-base-4.6.0=/usr/src/r-base-4.6.0-3.2604.0 -Wdate-time -D_FORTIFY_SOURCE=3   -c Bayes.cpp -o Bayes.o
aarch64-linux-gnu-g++ -std=gnu++20 -I"/usr/share/R/include" -DNDEBUG  -I'/usr/local/lib/R/site-library/Rcpp/include' -I'/usr/local/lib/R/site-library/RcppArmadillo/include' -I'/usr/local/lib/R/site-library/RcppProgress/include' -I'/usr/local/lib/R/site-library/BH/include' -I'/usr/local/lib/R/site-library/bigmemory/include' -I'/usr/lib/R/library/Matrix/include'    -DARMA_64BIT_WORD=1 -DARMA_USE_CURRENT -fopenmp -fPIC  -g -O2 -fno-omit-frame-pointer -mno-omit-leaf-frame-pointer -ffile-prefix-map=/build/r-base-fzVJzL/r-base-4.6.0=. -fstack-protector-strong -fstack-clash-protection -Wformat -Werror=format-security -mbranch-protection=standard -fdebug-prefix-map=/build/r-base-fzVJzL/r-base-4.6.0=/usr/src/r-base-4.6.0-3.2604.0 -Wdate-time -D_FORTIFY_SOURCE=3   -c RcppExports.cpp -o RcppExports.o
aarch64-linux-gnu-g++ -std=gnu++20 -I"/usr/share/R/include" -DNDEBUG  -I'/usr/local/lib/R/site-library/Rcpp/include' -I'/usr/local/lib/R/site-library/RcppArmadillo/include' -I'/usr/local/lib/R/site-library/RcppProgress/include' -I'/usr/local/lib/R/site-library/BH/include' -I'/usr/local/lib/R/site-library/bigmemory/include' -I'/usr/lib/R/library/Matrix/include'    -DARMA_64BIT_WORD=1 -DARMA_USE_CURRENT -fopenmp -fPIC  -g -O2 -fno-omit-frame-pointer -mno-omit-leaf-frame-pointer -ffile-prefix-map=/build/r-base-fzVJzL/r-base-4.6.0=. -fstack-protector-strong -fstack-clash-protection -Wformat -Werror=format-security -mbranch-protection=standard -fdebug-prefix-map=/build/r-base-fzVJzL/r-base-4.6.0=/usr/src/r-base-4.6.0-3.2604.0 -Wdate-time -D_FORTIFY_SOURCE=3   -c SBayesD.cpp -o SBayesD.o
aarch64-linux-gnu-g++ -std=gnu++20 -I"/usr/share/R/include" -DNDEBUG  -I'/usr/local/lib/R/site-library/Rcpp/include' -I'/usr/local/lib/R/site-library/RcppArmadillo/include' -I'/usr/local/lib/R/site-library/RcppProgress/include' -I'/usr/local/lib/R/site-library/BH/include' -I'/usr/local/lib/R/site-library/bigmemory/include' -I'/usr/lib/R/library/Matrix/include'    -DARMA_64BIT_WORD=1 -DARMA_USE_CURRENT -fopenmp -fPIC  -g -O2 -fno-omit-frame-pointer -mno-omit-leaf-frame-pointer -ffile-prefix-map=/build/r-base-fzVJzL/r-base-4.6.0=. -fstack-protector-strong -fstack-clash-protection -Wformat -Werror=format-security -mbranch-protection=standard -fdebug-prefix-map=/build/r-base-fzVJzL/r-base-4.6.0=/usr/src/r-base-4.6.0-3.2604.0 -Wdate-time -D_FORTIFY_SOURCE=3   -c SBayesS.cpp -o SBayesS.o
aarch64-linux-gnu-g++ -std=gnu++20 -I"/usr/share/R/include" -DNDEBUG  -I'/usr/local/lib/R/site-library/Rcpp/include' -I'/usr/local/lib/R/site-library/RcppArmadillo/include' -I'/usr/local/lib/R/site-library/RcppProgress/include' -I'/usr/local/lib/R/site-library/BH/include' -I'/usr/local/lib/R/site-library/bigmemory/include' -I'/usr/lib/R/library/Matrix/include'    -DARMA_64BIT_WORD=1 -DARMA_USE_CURRENT -fopenmp -fPIC  -g -O2 -fno-omit-frame-pointer -mno-omit-leaf-frame-pointer -ffile-prefix-map=/build/r-base-fzVJzL/r-base-4.6.0=. -fstack-protector-strong -fstack-clash-protection -Wformat -Werror=format-security -mbranch-protection=standard -fdebug-prefix-map=/build/r-base-fzVJzL/r-base-4.6.0=/usr/src/r-base-4.6.0-3.2604.0 -Wdate-time -D_FORTIFY_SOURCE=3   -c cg.cpp -o cg.o
aarch64-linux-gnu-g++ -std=gnu++20 -I"/usr/share/R/include" -DNDEBUG  -I'/usr/local/lib/R/site-library/Rcpp/include' -I'/usr/local/lib/R/site-library/RcppArmadillo/include' -I'/usr/local/lib/R/site-library/RcppProgress/include' -I'/usr/local/lib/R/site-library/BH/include' -I'/usr/local/lib/R/site-library/bigmemory/include' -I'/usr/lib/R/library/Matrix/include'    -DARMA_64BIT_WORD=1 -DARMA_USE_CURRENT -fopenmp -fPIC  -g -O2 -fno-omit-frame-pointer -mno-omit-leaf-frame-pointer -ffile-prefix-map=/build/r-base-fzVJzL/r-base-4.6.0=. -fstack-protector-strong -fstack-clash-protection -Wformat -Werror=format-security -mbranch-protection=standard -fdebug-prefix-map=/build/r-base-fzVJzL/r-base-4.6.0=/usr/src/r-base-4.6.0-3.2604.0 -Wdate-time -D_FORTIFY_SOURCE=3   -c cutwind.cpp -o cutwind.o
aarch64-linux-gnu-g++ -std=gnu++20 -I"/usr/share/R/include" -DNDEBUG  -I'/usr/local/lib/R/site-library/Rcpp/include' -I'/usr/local/lib/R/site-library/RcppArmadillo/include' -I'/usr/local/lib/R/site-library/RcppProgress/include' -I'/usr/local/lib/R/site-library/BH/include' -I'/usr/local/lib/R/site-library/bigmemory/include' -I'/usr/lib/R/library/Matrix/include'    -DARMA_64BIT_WORD=1 -DARMA_USE_CURRENT -fopenmp -fPIC  -g -O2 -fno-omit-frame-pointer -mno-omit-leaf-frame-pointer -ffile-prefix-map=/build/r-base-fzVJzL/r-base-4.6.0=. -fstack-protector-strong -fstack-clash-protection -Wformat -Werror=format-security -mbranch-protection=standard -fdebug-prefix-map=/build/r-base-fzVJzL/r-base-4.6.0=/usr/src/r-base-4.6.0-3.2604.0 -Wdate-time -D_FORTIFY_SOURCE=3   -c read_bed.cpp -o read_bed.o
In file included from /usr/local/lib/R/site-library/BH/include/boost/smart_ptr/shared_ptr.hpp:17,
                 from /usr/local/lib/R/site-library/BH/include/boost/shared_ptr.hpp:17,
                 from /usr/local/lib/R/site-library/bigmemory/include/bigmemory/BigMatrix.h:10,
                 from read_bed.cpp:4:
/usr/local/lib/R/site-library/BH/include/boost/smart_ptr/detail/shared_count.hpp:294:33: warning: ‘template<class> class std::auto_ptr’ is deprecated: use 'std::unique_ptr' instead [-Wdeprecated-declarations]
  294 |     explicit shared_count( std::auto_ptr<Y> & r ): pi_( new sp_counted_impl_p<Y>( r.get() ) )
      |                                 ^~~~~~~~
In file included from /usr/include/c++/15/memory:80,
                 from /usr/local/lib/R/site-library/BH/include/boost/smart_ptr/detail/sp_counted_impl.hpp:27,
                 from /usr/local/lib/R/site-library/BH/include/boost/smart_ptr/detail/shared_count.hpp:23:
/usr/include/c++/15/bits/unique_ptr.h:58:28: note: declared here
   58 |   template<typename> class auto_ptr;
      |                            ^~~~~~~~
/usr/local/lib/R/site-library/BH/include/boost/smart_ptr/shared_ptr.hpp:354:31: warning: ‘template<class> class std::auto_ptr’ is deprecated: use 'std::unique_ptr' instead [-Wdeprecated-declarations]
  354 |     explicit shared_ptr( std::auto_ptr<Y> & r ): px(r.get()), pn()
      |                               ^~~~~~~~
/usr/include/c++/15/bits/unique_ptr.h:58:28: note: declared here
   58 |   template<typename> class auto_ptr;
      |                            ^~~~~~~~
/usr/local/lib/R/site-library/BH/include/boost/smart_ptr/shared_ptr.hpp:365:22: warning: ‘template<class> class std::auto_ptr’ is deprecated: use 'std::unique_ptr' instead [-Wdeprecated-declarations]
  365 |     shared_ptr( std::auto_ptr<Y> && r ): px(r.get()), pn()
      |                      ^~~~~~~~
/usr/include/c++/15/bits/unique_ptr.h:58:28: note: declared here
   58 |   template<typename> class auto_ptr;
      |                            ^~~~~~~~
/usr/local/lib/R/site-library/BH/include/boost/smart_ptr/shared_ptr.hpp:423:34: warning: ‘template<class> class std::auto_ptr’ is deprecated: use 'std::unique_ptr' instead [-Wdeprecated-declarations]
  423 |     shared_ptr & operator=( std::auto_ptr<Y> & r )
      |                                  ^~~~~~~~
/usr/include/c++/15/bits/unique_ptr.h:58:28: note: declared here
   58 |   template<typename> class auto_ptr;
      |                            ^~~~~~~~
/usr/local/lib/R/site-library/BH/include/boost/smart_ptr/shared_ptr.hpp:430:34: warning: ‘template<class> class std::auto_ptr’ is deprecated: use 'std::unique_ptr' instead [-Wdeprecated-declarations]
  430 |     shared_ptr & operator=( std::auto_ptr<Y> && r )
      |                                  ^~~~~~~~
/usr/include/c++/15/bits/unique_ptr.h:58:28: note: declared here
   58 |   template<typename> class auto_ptr;
      |                            ^~~~~~~~
/usr/local/lib/R/site-library/BH/include/boost/smart_ptr/shared_ptr.hpp: In member function ‘boost::shared_ptr<T>& boost::shared_ptr<T>::operator=(std::auto_ptr<_Up>&&)’:
/usr/local/lib/R/site-library/BH/include/boost/smart_ptr/shared_ptr.hpp:432:38: warning: ‘template<class> class std::auto_ptr’ is deprecated: use 'std::unique_ptr' instead [-Wdeprecated-declarations]
  432 |         this_type( static_cast< std::auto_ptr<Y> && >( r ) ).swap( *this );
      |                                      ^~~~~~~~
/usr/include/c++/15/bits/unique_ptr.h:58:28: note: declared here
   58 |   template<typename> class auto_ptr;
      |                            ^~~~~~~~
aarch64-linux-gnu-g++ -std=gnu++20 -I"/usr/share/R/include" -DNDEBUG  -I'/usr/local/lib/R/site-library/Rcpp/include' -I'/usr/local/lib/R/site-library/RcppArmadillo/include' -I'/usr/local/lib/R/site-library/RcppProgress/include' -I'/usr/local/lib/R/site-library/BH/include' -I'/usr/local/lib/R/site-library/bigmemory/include' -I'/usr/lib/R/library/Matrix/include'    -DARMA_64BIT_WORD=1 -DARMA_USE_CURRENT -fopenmp -fPIC  -g -O2 -fno-omit-frame-pointer -mno-omit-leaf-frame-pointer -ffile-prefix-map=/build/r-base-fzVJzL/r-base-4.6.0=. -fstack-protector-strong -fstack-clash-protection -Wformat -Werror=format-security -mbranch-protection=standard -fdebug-prefix-map=/build/r-base-fzVJzL/r-base-4.6.0=/usr/src/r-base-4.6.0-3.2604.0 -Wdate-time -D_FORTIFY_SOURCE=3   -c rm.cpp -o rm.o
aarch64-linux-gnu-g++ -std=gnu++20 -I"/usr/share/R/include" -DNDEBUG  -I'/usr/local/lib/R/site-library/Rcpp/include' -I'/usr/local/lib/R/site-library/RcppArmadillo/include' -I'/usr/local/lib/R/site-library/RcppProgress/include' -I'/usr/local/lib/R/site-library/BH/include' -I'/usr/local/lib/R/site-library/bigmemory/include' -I'/usr/lib/R/library/Matrix/include'    -DARMA_64BIT_WORD=1 -DARMA_USE_CURRENT -fopenmp -fPIC  -g -O2 -fno-omit-frame-pointer -mno-omit-leaf-frame-pointer -ffile-prefix-map=/build/r-base-fzVJzL/r-base-4.6.0=. -fstack-protector-strong -fstack-clash-protection -Wformat -Werror=format-security -mbranch-protection=standard -fdebug-prefix-map=/build/r-base-fzVJzL/r-base-4.6.0=/usr/src/r-base-4.6.0-3.2604.0 -Wdate-time -D_FORTIFY_SOURCE=3   -c solver.cpp -o solver.o
aarch64-linux-gnu-g++ -std=gnu++20 -I"/usr/share/R/include" -DNDEBUG  -I'/usr/local/lib/R/site-library/Rcpp/include' -I'/usr/local/lib/R/site-library/RcppArmadillo/include' -I'/usr/local/lib/R/site-library/RcppProgress/include' -I'/usr/local/lib/R/site-library/BH/include' -I'/usr/local/lib/R/site-library/bigmemory/include' -I'/usr/lib/R/library/Matrix/include'    -DARMA_64BIT_WORD=1 -DARMA_USE_CURRENT -fopenmp -fPIC  -g -O2 -fno-omit-frame-pointer -mno-omit-leaf-frame-pointer -ffile-prefix-map=/build/r-base-fzVJzL/r-base-4.6.0=. -fstack-protector-strong -fstack-clash-protection -Wformat -Werror=format-security -mbranch-protection=standard -fdebug-prefix-map=/build/r-base-fzVJzL/r-base-4.6.0=/usr/src/r-base-4.6.0-3.2604.0 -Wdate-time -D_FORTIFY_SOURCE=3   -c stats.cpp -o stats.o
aarch64-linux-gnu-g++ -std=gnu++20 -I"/usr/share/R/include" -DNDEBUG  -I'/usr/local/lib/R/site-library/Rcpp/include' -I'/usr/local/lib/R/site-library/RcppArmadillo/include' -I'/usr/local/lib/R/site-library/RcppProgress/include' -I'/usr/local/lib/R/site-library/BH/include' -I'/usr/local/lib/R/site-library/bigmemory/include' -I'/usr/lib/R/library/Matrix/include'    -DARMA_64BIT_WORD=1 -DARMA_USE_CURRENT -fopenmp -fPIC  -g -O2 -fno-omit-frame-pointer -mno-omit-leaf-frame-pointer -ffile-prefix-map=/build/r-base-fzVJzL/r-base-4.6.0=. -fstack-protector-strong -fstack-clash-protection -Wformat -Werror=format-security -mbranch-protection=standard -fdebug-prefix-map=/build/r-base-fzVJzL/r-base-4.6.0=/usr/src/r-base-4.6.0-3.2604.0 -Wdate-time -D_FORTIFY_SOURCE=3   -c tXXmat.cpp -o tXXmat.o
In file included from /usr/local/lib/R/site-library/BH/include/boost/smart_ptr/shared_ptr.hpp:17,
                 from /usr/local/lib/R/site-library/BH/include/boost/shared_ptr.hpp:17,
                 from /usr/local/lib/R/site-library/bigmemory/include/bigmemory/BigMatrix.h:10,
                 from tXXmat.cpp:2:
/usr/local/lib/R/site-library/BH/include/boost/smart_ptr/detail/shared_count.hpp:294:33: warning: ‘template<class> class std::auto_ptr’ is deprecated: use 'std::unique_ptr' instead [-Wdeprecated-declarations]
  294 |     explicit shared_count( std::auto_ptr<Y> & r ): pi_( new sp_counted_impl_p<Y>( r.get() ) )
      |                                 ^~~~~~~~
In file included from /usr/include/c++/15/memory:80,
                 from /usr/local/lib/R/site-library/RcppArmadillo/include/armadillo:38,
                 from /usr/local/lib/R/site-library/RcppArmadillo/include/RcppArmadillo/interface/RcppArmadilloForward.h:51,
                 from /usr/local/lib/R/site-library/RcppArmadillo/include/RcppArmadillo.h:29,
                 from hibayes.h:8,
                 from tXXmat.cpp:1:
/usr/include/c++/15/bits/unique_ptr.h:58:28: note: declared here
   58 |   template<typename> class auto_ptr;
      |                            ^~~~~~~~
/usr/local/lib/R/site-library/BH/include/boost/smart_ptr/shared_ptr.hpp:354:31: warning: ‘template<class> class std::auto_ptr’ is deprecated: use 'std::unique_ptr' instead [-Wdeprecated-declarations]
  354 |     explicit shared_ptr( std::auto_ptr<Y> & r ): px(r.get()), pn()
      |                               ^~~~~~~~
/usr/include/c++/15/bits/unique_ptr.h:58:28: note: declared here
   58 |   template<typename> class auto_ptr;
      |                            ^~~~~~~~
/usr/local/lib/R/site-library/BH/include/boost/smart_ptr/shared_ptr.hpp:365:22: warning: ‘template<class> class std::auto_ptr’ is deprecated: use 'std::unique_ptr' instead [-Wdeprecated-declarations]
  365 |     shared_ptr( std::auto_ptr<Y> && r ): px(r.get()), pn()
      |                      ^~~~~~~~
/usr/include/c++/15/bits/unique_ptr.h:58:28: note: declared here
   58 |   template<typename> class auto_ptr;
      |                            ^~~~~~~~
/usr/local/lib/R/site-library/BH/include/boost/smart_ptr/shared_ptr.hpp:423:34: warning: ‘template<class> class std::auto_ptr’ is deprecated: use 'std::unique_ptr' instead [-Wdeprecated-declarations]
  423 |     shared_ptr & operator=( std::auto_ptr<Y> & r )
      |                                  ^~~~~~~~
/usr/include/c++/15/bits/unique_ptr.h:58:28: note: declared here
   58 |   template<typename> class auto_ptr;
      |                            ^~~~~~~~
/usr/local/lib/R/site-library/BH/include/boost/smart_ptr/shared_ptr.hpp:430:34: warning: ‘template<class> class std::auto_ptr’ is deprecated: use 'std::unique_ptr' instead [-Wdeprecated-declarations]
  430 |     shared_ptr & operator=( std::auto_ptr<Y> && r )
      |                                  ^~~~~~~~
/usr/include/c++/15/bits/unique_ptr.h:58:28: note: declared here
   58 |   template<typename> class auto_ptr;
      |                            ^~~~~~~~
/usr/local/lib/R/site-library/BH/include/boost/smart_ptr/shared_ptr.hpp: In member function ‘boost::shared_ptr<T>& boost::shared_ptr<T>::operator=(std::auto_ptr<_Up>&&)’:
/usr/local/lib/R/site-library/BH/include/boost/smart_ptr/shared_ptr.hpp:432:38: warning: ‘template<class> class std::auto_ptr’ is deprecated: use 'std::unique_ptr' instead [-Wdeprecated-declarations]
  432 |         this_type( static_cast< std::auto_ptr<Y> && >( r ) ).swap( *this );
      |                                      ^~~~~~~~
/usr/include/c++/15/bits/unique_ptr.h:58:28: note: declared here
   58 |   template<typename> class auto_ptr;
      |                            ^~~~~~~~
aarch64-linux-gnu-g++ -std=gnu++20 -shared -L/usr/lib/R/lib -Wl,-Bsymbolic-functions -Wl,--package-metadata=%7B%22type%22:%22deb%22%2C%22os%22:%22ubuntu%22%2C%22name%22:%22r-base%22%2C%22version%22:%224.6.0-3.2604.0%22%2C%22architecture%22:%22arm64%22%7D -flto=auto -ffat-lto-objects -Wl,-z,relro -o hibayes.so Bayes.o RcppExports.o SBayesD.o SBayesS.o cg.o cutwind.o read_bed.o rm.o solver.o stats.o tXXmat.o -fopenmp -llapack -lblas -lgfortran -lm -L/usr/lib/R/lib -lR
installing to /__w/linux-arm64-checks/linux-arm64-checks/mylib/00LOCK-hibayes/00new/hibayes/libs
** R
** inst
** byte-compile and prepare package for lazy loading
** help
*** installing help indices
** building package indices
** testing if installed package can be loaded from temporary location
** checking absolute paths in shared objects and dynamic libraries
** testing if installed package can be loaded from final location
** testing if installed package keeps a record of temporary installation path
* DONE (hibayes)
