* using log directory ‘/__w/linux-arm64-checks/linux-arm64-checks/rqti.Rcheck’
* using R version 4.6.1 (2026-06-24)
* using platform: aarch64-unknown-linux-gnu
* R was compiled by
    aarch64-linux-gnu-gcc (Ubuntu 15.2.0-16ubuntu1) 15.2.0
    GNU Fortran (Ubuntu 15.2.0-16ubuntu1) 15.2.0
* running under: Ubuntu 26.04.1 LTS
* using session charset: UTF-8
* current time: 2026-09-21 19:24:12 UTC
* using options ‘--no-manual --no-vignettes’
* checking for file ‘rqti/DESCRIPTION’ ... OK
* this is package ‘rqti’ version ‘1.3.0’
* package encoding: UTF-8
* checking package namespace information ... OK
* checking package dependencies ... OK
* checking if this is a source package ... OK
* checking if there is a namespace ... OK
* checking for executable files ... OK
* checking for hidden files and directories ... OK
* checking for portable file names ... OK
* checking for sufficient/correct file permissions ... OK
* checking whether package ‘rqti’ can be installed ... OK
* checking installed package size ... INFO
  installed size is  5.3Mb
  sub-directories of 1Mb or more:
    xsd   2.3Mb
* checking package directory ... OK
* checking DESCRIPTION meta-information ... OK
* checking top-level files ... OK
* checking for left-over files ... OK
* checking index information ... OK
* checking package subdirectories ... OK
* checking code files for non-ASCII characters ... OK
* checking R files for syntax errors ... OK
* checking whether the package can be loaded ... OK
* checking whether the package can be loaded with stated dependencies ... OK
* checking whether the package can be unloaded cleanly ... OK
* checking whether the namespace can be loaded with stated dependencies ... OK
* checking whether the namespace can be unloaded cleanly ... OK
* checking loading without being on the library search path ... OK
* checking whether startup messages can be suppressed ... OK
* checking dependencies in R code ... OK
* checking S3 generic/method consistency ... OK
* checking replacement functions ... OK
* checking foreign function calls ... OK
* checking R code for possible problems ... OK
* checking Rd files ... OK
* checking Rd metadata ... OK
* checking Rd cross-references ... OK
* checking for missing documentation entries ... OK
* checking for code/documentation mismatches ... OK
* checking Rd \usage sections ... OK
* checking Rd contents ... OK
* checking for unstated dependencies in examples ... OK
* checking examples ... ERROR
Running examples in ‘rqti-Ex.R’ failed
The error most likely occurred in:

> ### Name: section
> ### Title: Create a section as part of a test content
> ### Aliases: section
> 
> ### ** Examples
> 
> sc <- new("SingleChoice", prompt = "Question", choices = c("A", "B", "C"))
> es <- new("Essay", prompt = "Question")
> # Since ready-made S4 "AssessmentItem" objects are taken, in this example a
> #permanent section consisting of two tasks is created.
> s <- section(c(sc, es), title = "Section with nonrandomized tasks")
> 
> # Since Rmd files with randomization of internal variables are taken,
> #in this example 2 variants are created with a different seed number for each.
> path <- system.file("rmarkdown/templates/", package='rqti')
> file1 <- file.path(path, "singlechoice-simple/skeleton/skeleton.Rmd")
> file2 <- file.path(path, "singlechoice-complex/skeleton/skeleton.Rmd")
> s <- section(c(file1, file2), n_variants = 2,
+ title = "Section with two variants of tasks")
Unknown option --syntax-highlighting.
Try pandoc --help for more information.
Error: pandoc document conversion failed with error 6
Execution halted
* checking for unstated dependencies in ‘tests’ ... OK
* checking tests ... ERROR
  Running ‘testthat.R’
Running the tests in ‘tests/testthat.R’ failed.
Last 13 lines of output:
   3.     └─rmarkdown::pandoc_convert(input_file, options = options, wd = dir_name)
   4.       └─rmarkdown:::stop2(...)
  ── Error ('test-verify_qti.R:249:5'): verify_qti prints AssessmentTest validation summaries ──
  Error: pandoc document conversion failed with error 6
  Backtrace:
      ▆
   1. └─rqti::create_question_object(rmd_file) at test-verify_qti.R:249:5
   2.   └─rqti:::pandoc_html_convert(file_p, "_temp_pandoc.html", tdir)
   3.     └─rmarkdown::pandoc_convert(input_file, options = options, wd = dir_name)
   4.       └─rmarkdown:::stop2(...)
  
  [ FAIL 58 | WARN 0 | SKIP 20 | PASS 477 ]
  Error:
  ! Test failures.
  Execution halted
* DONE
Status: 2 ERRORs
