* installing *source* package ‘spant’ ...
** this is package ‘spant’ version ‘4.1.0’
** using staged installation
** libs
using C compiler: ‘aarch64-linux-gnu-gcc (Ubuntu 15.2.0-16ubuntu1) 15.2.0’
using Fortran compiler: ‘GNU Fortran (Ubuntu 15.2.0-16ubuntu1) 15.2.0’
aarch64-linux-gnu-gcc -I"/usr/share/R/include" -DNDEBUG       -fPIC  -g -O2 -fno-omit-frame-pointer -mno-omit-leaf-frame-pointer -ffile-prefix-map=/build/r-base-monHqu/r-base-4.6.0=. -fstack-protector-strong -fstack-clash-protection -Wformat -Werror=format-security -mbranch-protection=standard -fdebug-prefix-map=/build/r-base-monHqu/r-base-4.6.0=/usr/src/r-base-4.6.0-4.2604.0 -Wdate-time -D_FORTIFY_SOURCE=3  -c init.c -o init.o
aarch64-linux-gnu-gfortran  -fPIC  -g -O2 -fno-omit-frame-pointer -mno-omit-leaf-frame-pointer -ffile-prefix-map=/build/r-base-monHqu/r-base-4.6.0=. -fstack-protector-strong -fstack-clash-protection -mbranch-protection=standard -fdebug-prefix-map=/build/r-base-monHqu/r-base-4.6.0=/usr/src/r-base-4.6.0-4.2604.0  -c lsei.f -o lsei.o
aarch64-linux-gnu-gfortran  -fPIC  -g -O2 -fno-omit-frame-pointer -mno-omit-leaf-frame-pointer -ffile-prefix-map=/build/r-base-monHqu/r-base-4.6.0=. -fstack-protector-strong -fstack-clash-protection -mbranch-protection=standard -fdebug-prefix-map=/build/r-base-monHqu/r-base-4.6.0=/usr/src/r-base-4.6.0-4.2604.0  -c pnnls.f -o pnnls.o
aarch64-linux-gnu-gcc -shared -L/usr/lib/R/lib -Wl,-Bsymbolic-functions -Wl,--package-metadata=%7B%22type%22:%22deb%22%2C%22os%22:%22ubuntu%22%2C%22name%22:%22r-base%22%2C%22version%22:%224.6.0-4.2604.0%22%2C%22architecture%22:%22arm64%22%7D -flto=auto -ffat-lto-objects -Wl,-z,relro -o spant.so init.o lsei.o pnnls.o -lgfortran -lm -L/usr/lib/R/lib -lR
installing to /__w/linux-arm64-checks/linux-arm64-checks/mylib/00LOCK-spant/00new/spant/libs
** R
** inst
** byte-compile and prepare package for lazy loading
** help
*** installing help indices
*** copying figures
** building package indices
** installing vignettes
** testing if installed package can be loaded from temporary location
** checking absolute paths in shared objects and dynamic libraries
** testing if installed package can be loaded from final location
** testing if installed package keeps a record of temporary installation path
* DONE (spant)
