* installing *source* package ‘plmmr’ ...
** this is package ‘plmmr’ version ‘4.2.3’
** package ‘plmmr’ successfully unpacked and MD5 sums checked
** using staged installation
** libs
using C compiler: ‘aarch64-linux-gnu-gcc (Ubuntu 15.2.0-16ubuntu1) 15.2.0’
using C++ compiler: ‘aarch64-linux-gnu-g++ (Ubuntu 15.2.0-16ubuntu1) 15.2.0’
aarch64-linux-gnu-g++ -std=gnu++20 -I"/usr/share/R/include" -DNDEBUG  -I'/usr/local/lib/R/site-library/BH/include' -I'/usr/local/lib/R/site-library/bigmemory/include' -I'/usr/local/lib/R/site-library/Rcpp/include' -I'/usr/local/lib/R/site-library/RcppArmadillo/include'    -fopenmp -fPIC  -g -O2 -fno-omit-frame-pointer -mno-omit-leaf-frame-pointer -ffile-prefix-map=/build/r-base-k3yPaA/r-base-4.6.0=. -fstack-protector-strong -fstack-clash-protection -Wformat -Werror=format-security -mbranch-protection=standard -fdebug-prefix-map=/build/r-base-k3yPaA/r-base-4.6.0=/usr/src/r-base-4.6.0-0.2604.2 -Wdate-time -D_FORTIFY_SOURCE=3   -c big_crossprod.cpp -o big_crossprod.o
In file included from /usr/local/lib/R/site-library/BH/include/boost/smart_ptr/shared_ptr.hpp:17,
                 from /usr/local/lib/R/site-library/BH/include/boost/shared_ptr.hpp:17,
                 from /usr/local/lib/R/site-library/bigmemory/include/bigmemory/BigMatrix.h:10,
                 from utilities.h:2,
                 from big_crossprod.cpp:1:
/usr/local/lib/R/site-library/BH/include/boost/smart_ptr/detail/shared_count.hpp:294:33: warning: ‘template<class> class std::auto_ptr’ is deprecated: use 'std::unique_ptr' instead [-Wdeprecated-declarations]
  294 |     explicit shared_count( std::auto_ptr<Y> & r ): pi_( new sp_counted_impl_p<Y>( r.get() ) )
      |                                 ^~~~~~~~
In file included from /usr/include/c++/15/memory:80,
                 from /usr/local/lib/R/site-library/RcppArmadillo/include/armadillo:38,
                 from /usr/local/lib/R/site-library/RcppArmadillo/include/RcppArmadillo/interface/RcppArmadilloForward.h:51,
                 from /usr/local/lib/R/site-library/RcppArmadillo/include/RcppArmadillo.h:29,
                 from utilities.h:1:
/usr/include/c++/15/bits/unique_ptr.h:58:28: note: declared here
   58 |   template<typename> class auto_ptr;
      |                            ^~~~~~~~
/usr/local/lib/R/site-library/BH/include/boost/smart_ptr/shared_ptr.hpp:354:31: warning: ‘template<class> class std::auto_ptr’ is deprecated: use 'std::unique_ptr' instead [-Wdeprecated-declarations]
  354 |     explicit shared_ptr( std::auto_ptr<Y> & r ): px(r.get()), pn()
      |                               ^~~~~~~~
/usr/include/c++/15/bits/unique_ptr.h:58:28: note: declared here
   58 |   template<typename> class auto_ptr;
      |                            ^~~~~~~~
/usr/local/lib/R/site-library/BH/include/boost/smart_ptr/shared_ptr.hpp:365:22: warning: ‘template<class> class std::auto_ptr’ is deprecated: use 'std::unique_ptr' instead [-Wdeprecated-declarations]
  365 |     shared_ptr( std::auto_ptr<Y> && r ): px(r.get()), pn()
      |                      ^~~~~~~~
/usr/include/c++/15/bits/unique_ptr.h:58:28: note: declared here
   58 |   template<typename> class auto_ptr;
      |                            ^~~~~~~~
/usr/local/lib/R/site-library/BH/include/boost/smart_ptr/shared_ptr.hpp:423:34: warning: ‘template<class> class std::auto_ptr’ is deprecated: use 'std::unique_ptr' instead [-Wdeprecated-declarations]
  423 |     shared_ptr & operator=( std::auto_ptr<Y> & r )
      |                                  ^~~~~~~~
/usr/include/c++/15/bits/unique_ptr.h:58:28: note: declared here
   58 |   template<typename> class auto_ptr;
      |                            ^~~~~~~~
/usr/local/lib/R/site-library/BH/include/boost/smart_ptr/shared_ptr.hpp:430:34: warning: ‘template<class> class std::auto_ptr’ is deprecated: use 'std::unique_ptr' instead [-Wdeprecated-declarations]
  430 |     shared_ptr & operator=( std::auto_ptr<Y> && r )
      |                                  ^~~~~~~~
/usr/include/c++/15/bits/unique_ptr.h:58:28: note: declared here
   58 |   template<typename> class auto_ptr;
      |                            ^~~~~~~~
/usr/local/lib/R/site-library/BH/include/boost/smart_ptr/shared_ptr.hpp: In member function ‘boost::shared_ptr<T>& boost::shared_ptr<T>::operator=(std::auto_ptr<_Up>&&)’:
/usr/local/lib/R/site-library/BH/include/boost/smart_ptr/shared_ptr.hpp:432:38: warning: ‘template<class> class std::auto_ptr’ is deprecated: use 'std::unique_ptr' instead [-Wdeprecated-declarations]
  432 |         this_type( static_cast< std::auto_ptr<Y> && >( r ) ).swap( *this );
      |                                      ^~~~~~~~
/usr/include/c++/15/bits/unique_ptr.h:58:28: note: declared here
   58 |   template<typename> class auto_ptr;
      |                            ^~~~~~~~
aarch64-linux-gnu-g++ -std=gnu++20 -I"/usr/share/R/include" -DNDEBUG  -I'/usr/local/lib/R/site-library/BH/include' -I'/usr/local/lib/R/site-library/bigmemory/include' -I'/usr/local/lib/R/site-library/Rcpp/include' -I'/usr/local/lib/R/site-library/RcppArmadillo/include'    -fopenmp -fPIC  -g -O2 -fno-omit-frame-pointer -mno-omit-leaf-frame-pointer -ffile-prefix-map=/build/r-base-k3yPaA/r-base-4.6.0=. -fstack-protector-strong -fstack-clash-protection -Wformat -Werror=format-security -mbranch-protection=standard -fdebug-prefix-map=/build/r-base-k3yPaA/r-base-4.6.0=/usr/src/r-base-4.6.0-0.2604.2 -Wdate-time -D_FORTIFY_SOURCE=3   -c big_sd.cpp -o big_sd.o
In file included from /usr/local/lib/R/site-library/BH/include/boost/smart_ptr/shared_ptr.hpp:17,
                 from /usr/local/lib/R/site-library/BH/include/boost/shared_ptr.hpp:17,
                 from /usr/local/lib/R/site-library/bigmemory/include/bigmemory/BigMatrix.h:10,
                 from utilities.h:2,
                 from big_sd.cpp:1:
/usr/local/lib/R/site-library/BH/include/boost/smart_ptr/detail/shared_count.hpp:294:33: warning: ‘template<class> class std::auto_ptr’ is deprecated: use 'std::unique_ptr' instead [-Wdeprecated-declarations]
  294 |     explicit shared_count( std::auto_ptr<Y> & r ): pi_( new sp_counted_impl_p<Y>( r.get() ) )
      |                                 ^~~~~~~~
In file included from /usr/include/c++/15/memory:80,
                 from /usr/local/lib/R/site-library/RcppArmadillo/include/armadillo:38,
                 from /usr/local/lib/R/site-library/RcppArmadillo/include/RcppArmadillo/interface/RcppArmadilloForward.h:51,
                 from /usr/local/lib/R/site-library/RcppArmadillo/include/RcppArmadillo.h:29,
                 from utilities.h:1:
/usr/include/c++/15/bits/unique_ptr.h:58:28: note: declared here
   58 |   template<typename> class auto_ptr;
      |                            ^~~~~~~~
/usr/local/lib/R/site-library/BH/include/boost/smart_ptr/shared_ptr.hpp:354:31: warning: ‘template<class> class std::auto_ptr’ is deprecated: use 'std::unique_ptr' instead [-Wdeprecated-declarations]
  354 |     explicit shared_ptr( std::auto_ptr<Y> & r ): px(r.get()), pn()
      |                               ^~~~~~~~
/usr/include/c++/15/bits/unique_ptr.h:58:28: note: declared here
   58 |   template<typename> class auto_ptr;
      |                            ^~~~~~~~
/usr/local/lib/R/site-library/BH/include/boost/smart_ptr/shared_ptr.hpp:365:22: warning: ‘template<class> class std::auto_ptr’ is deprecated: use 'std::unique_ptr' instead [-Wdeprecated-declarations]
  365 |     shared_ptr( std::auto_ptr<Y> && r ): px(r.get()), pn()
      |                      ^~~~~~~~
/usr/include/c++/15/bits/unique_ptr.h:58:28: note: declared here
   58 |   template<typename> class auto_ptr;
      |                            ^~~~~~~~
/usr/local/lib/R/site-library/BH/include/boost/smart_ptr/shared_ptr.hpp:423:34: warning: ‘template<class> class std::auto_ptr’ is deprecated: use 'std::unique_ptr' instead [-Wdeprecated-declarations]
  423 |     shared_ptr & operator=( std::auto_ptr<Y> & r )
      |                                  ^~~~~~~~
/usr/include/c++/15/bits/unique_ptr.h:58:28: note: declared here
   58 |   template<typename> class auto_ptr;
      |                            ^~~~~~~~
/usr/local/lib/R/site-library/BH/include/boost/smart_ptr/shared_ptr.hpp:430:34: warning: ‘template<class> class std::auto_ptr’ is deprecated: use 'std::unique_ptr' instead [-Wdeprecated-declarations]
  430 |     shared_ptr & operator=( std::auto_ptr<Y> && r )
      |                                  ^~~~~~~~
/usr/include/c++/15/bits/unique_ptr.h:58:28: note: declared here
   58 |   template<typename> class auto_ptr;
      |                            ^~~~~~~~
/usr/local/lib/R/site-library/BH/include/boost/smart_ptr/shared_ptr.hpp: In member function ‘boost::shared_ptr<T>& boost::shared_ptr<T>::operator=(std::auto_ptr<_Up>&&)’:
/usr/local/lib/R/site-library/BH/include/boost/smart_ptr/shared_ptr.hpp:432:38: warning: ‘template<class> class std::auto_ptr’ is deprecated: use 'std::unique_ptr' instead [-Wdeprecated-declarations]
  432 |         this_type( static_cast< std::auto_ptr<Y> && >( r ) ).swap( *this );
      |                                      ^~~~~~~~
/usr/include/c++/15/bits/unique_ptr.h:58:28: note: declared here
   58 |   template<typename> class auto_ptr;
      |                            ^~~~~~~~
aarch64-linux-gnu-g++ -std=gnu++20 -I"/usr/share/R/include" -DNDEBUG  -I'/usr/local/lib/R/site-library/BH/include' -I'/usr/local/lib/R/site-library/bigmemory/include' -I'/usr/local/lib/R/site-library/Rcpp/include' -I'/usr/local/lib/R/site-library/RcppArmadillo/include'    -fopenmp -fPIC  -g -O2 -fno-omit-frame-pointer -mno-omit-leaf-frame-pointer -ffile-prefix-map=/build/r-base-k3yPaA/r-base-4.6.0=. -fstack-protector-strong -fstack-clash-protection -Wformat -Werror=format-security -mbranch-protection=standard -fdebug-prefix-map=/build/r-base-k3yPaA/r-base-4.6.0=/usr/src/r-base-4.6.0-0.2604.2 -Wdate-time -D_FORTIFY_SOURCE=3   -c big_standardize.cpp -o big_standardize.o
In file included from /usr/local/lib/R/site-library/BH/include/boost/smart_ptr/shared_ptr.hpp:17,
                 from /usr/local/lib/R/site-library/BH/include/boost/shared_ptr.hpp:17,
                 from /usr/local/lib/R/site-library/bigmemory/include/bigmemory/BigMatrix.h:10,
                 from utilities.h:2,
                 from big_standardize.cpp:1:
/usr/local/lib/R/site-library/BH/include/boost/smart_ptr/detail/shared_count.hpp:294:33: warning: ‘template<class> class std::auto_ptr’ is deprecated: use 'std::unique_ptr' instead [-Wdeprecated-declarations]
  294 |     explicit shared_count( std::auto_ptr<Y> & r ): pi_( new sp_counted_impl_p<Y>( r.get() ) )
      |                                 ^~~~~~~~
In file included from /usr/include/c++/15/memory:80,
                 from /usr/local/lib/R/site-library/RcppArmadillo/include/armadillo:38,
                 from /usr/local/lib/R/site-library/RcppArmadillo/include/RcppArmadillo/interface/RcppArmadilloForward.h:51,
                 from /usr/local/lib/R/site-library/RcppArmadillo/include/RcppArmadillo.h:29,
                 from utilities.h:1:
/usr/include/c++/15/bits/unique_ptr.h:58:28: note: declared here
   58 |   template<typename> class auto_ptr;
      |                            ^~~~~~~~
/usr/local/lib/R/site-library/BH/include/boost/smart_ptr/shared_ptr.hpp:354:31: warning: ‘template<class> class std::auto_ptr’ is deprecated: use 'std::unique_ptr' instead [-Wdeprecated-declarations]
  354 |     explicit shared_ptr( std::auto_ptr<Y> & r ): px(r.get()), pn()
      |                               ^~~~~~~~
/usr/include/c++/15/bits/unique_ptr.h:58:28: note: declared here
   58 |   template<typename> class auto_ptr;
      |                            ^~~~~~~~
/usr/local/lib/R/site-library/BH/include/boost/smart_ptr/shared_ptr.hpp:365:22: warning: ‘template<class> class std::auto_ptr’ is deprecated: use 'std::unique_ptr' instead [-Wdeprecated-declarations]
  365 |     shared_ptr( std::auto_ptr<Y> && r ): px(r.get()), pn()
      |                      ^~~~~~~~
/usr/include/c++/15/bits/unique_ptr.h:58:28: note: declared here
   58 |   template<typename> class auto_ptr;
      |                            ^~~~~~~~
/usr/local/lib/R/site-library/BH/include/boost/smart_ptr/shared_ptr.hpp:423:34: warning: ‘template<class> class std::auto_ptr’ is deprecated: use 'std::unique_ptr' instead [-Wdeprecated-declarations]
  423 |     shared_ptr & operator=( std::auto_ptr<Y> & r )
      |                                  ^~~~~~~~
/usr/include/c++/15/bits/unique_ptr.h:58:28: note: declared here
   58 |   template<typename> class auto_ptr;
      |                            ^~~~~~~~
/usr/local/lib/R/site-library/BH/include/boost/smart_ptr/shared_ptr.hpp:430:34: warning: ‘template<class> class std::auto_ptr’ is deprecated: use 'std::unique_ptr' instead [-Wdeprecated-declarations]
  430 |     shared_ptr & operator=( std::auto_ptr<Y> && r )
      |                                  ^~~~~~~~
/usr/include/c++/15/bits/unique_ptr.h:58:28: note: declared here
   58 |   template<typename> class auto_ptr;
      |                            ^~~~~~~~
/usr/local/lib/R/site-library/BH/include/boost/smart_ptr/shared_ptr.hpp: In member function ‘boost::shared_ptr<T>& boost::shared_ptr<T>::operator=(std::auto_ptr<_Up>&&)’:
/usr/local/lib/R/site-library/BH/include/boost/smart_ptr/shared_ptr.hpp:432:38: warning: ‘template<class> class std::auto_ptr’ is deprecated: use 'std::unique_ptr' instead [-Wdeprecated-declarations]
  432 |         this_type( static_cast< std::auto_ptr<Y> && >( r ) ).swap( *this );
      |                                      ^~~~~~~~
/usr/include/c++/15/bits/unique_ptr.h:58:28: note: declared here
   58 |   template<typename> class auto_ptr;
      |                            ^~~~~~~~
aarch64-linux-gnu-gcc -I"/usr/share/R/include" -DNDEBUG  -I'/usr/local/lib/R/site-library/BH/include' -I'/usr/local/lib/R/site-library/bigmemory/include' -I'/usr/local/lib/R/site-library/Rcpp/include' -I'/usr/local/lib/R/site-library/RcppArmadillo/include'     -fPIC  -g -O2 -fno-omit-frame-pointer -mno-omit-leaf-frame-pointer -ffile-prefix-map=/build/r-base-k3yPaA/r-base-4.6.0=. -fstack-protector-strong -fstack-clash-protection -Wformat -Werror=format-security -mbranch-protection=standard -fdebug-prefix-map=/build/r-base-k3yPaA/r-base-4.6.0=/usr/src/r-base-4.6.0-0.2604.2 -Wdate-time -D_FORTIFY_SOURCE=3  -c plmm_init.c -o plmm_init.o
aarch64-linux-gnu-g++ -std=gnu++20 -I"/usr/share/R/include" -DNDEBUG  -I'/usr/local/lib/R/site-library/BH/include' -I'/usr/local/lib/R/site-library/bigmemory/include' -I'/usr/local/lib/R/site-library/Rcpp/include' -I'/usr/local/lib/R/site-library/RcppArmadillo/include'    -fopenmp -fPIC  -g -O2 -fno-omit-frame-pointer -mno-omit-leaf-frame-pointer -ffile-prefix-map=/build/r-base-k3yPaA/r-base-4.6.0=. -fstack-protector-strong -fstack-clash-protection -Wformat -Werror=format-security -mbranch-protection=standard -fdebug-prefix-map=/build/r-base-k3yPaA/r-base-4.6.0=/usr/src/r-base-4.6.0-0.2604.2 -Wdate-time -D_FORTIFY_SOURCE=3   -c standardize.cpp -o standardize.o
In file included from /usr/local/lib/R/site-library/BH/include/boost/smart_ptr/shared_ptr.hpp:17,
                 from /usr/local/lib/R/site-library/BH/include/boost/shared_ptr.hpp:17,
                 from /usr/local/lib/R/site-library/bigmemory/include/bigmemory/BigMatrix.h:10,
                 from utilities.h:2,
                 from standardize.cpp:1:
/usr/local/lib/R/site-library/BH/include/boost/smart_ptr/detail/shared_count.hpp:294:33: warning: ‘template<class> class std::auto_ptr’ is deprecated: use 'std::unique_ptr' instead [-Wdeprecated-declarations]
  294 |     explicit shared_count( std::auto_ptr<Y> & r ): pi_( new sp_counted_impl_p<Y>( r.get() ) )
      |                                 ^~~~~~~~
In file included from /usr/include/c++/15/memory:80,
                 from /usr/local/lib/R/site-library/RcppArmadillo/include/armadillo:38,
                 from /usr/local/lib/R/site-library/RcppArmadillo/include/RcppArmadillo/interface/RcppArmadilloForward.h:51,
                 from /usr/local/lib/R/site-library/RcppArmadillo/include/RcppArmadillo.h:29,
                 from utilities.h:1:
/usr/include/c++/15/bits/unique_ptr.h:58:28: note: declared here
   58 |   template<typename> class auto_ptr;
      |                            ^~~~~~~~
/usr/local/lib/R/site-library/BH/include/boost/smart_ptr/shared_ptr.hpp:354:31: warning: ‘template<class> class std::auto_ptr’ is deprecated: use 'std::unique_ptr' instead [-Wdeprecated-declarations]
  354 |     explicit shared_ptr( std::auto_ptr<Y> & r ): px(r.get()), pn()
      |                               ^~~~~~~~
/usr/include/c++/15/bits/unique_ptr.h:58:28: note: declared here
   58 |   template<typename> class auto_ptr;
      |                            ^~~~~~~~
/usr/local/lib/R/site-library/BH/include/boost/smart_ptr/shared_ptr.hpp:365:22: warning: ‘template<class> class std::auto_ptr’ is deprecated: use 'std::unique_ptr' instead [-Wdeprecated-declarations]
  365 |     shared_ptr( std::auto_ptr<Y> && r ): px(r.get()), pn()
      |                      ^~~~~~~~
/usr/include/c++/15/bits/unique_ptr.h:58:28: note: declared here
   58 |   template<typename> class auto_ptr;
      |                            ^~~~~~~~
/usr/local/lib/R/site-library/BH/include/boost/smart_ptr/shared_ptr.hpp:423:34: warning: ‘template<class> class std::auto_ptr’ is deprecated: use 'std::unique_ptr' instead [-Wdeprecated-declarations]
  423 |     shared_ptr & operator=( std::auto_ptr<Y> & r )
      |                                  ^~~~~~~~
/usr/include/c++/15/bits/unique_ptr.h:58:28: note: declared here
   58 |   template<typename> class auto_ptr;
      |                            ^~~~~~~~
/usr/local/lib/R/site-library/BH/include/boost/smart_ptr/shared_ptr.hpp:430:34: warning: ‘template<class> class std::auto_ptr’ is deprecated: use 'std::unique_ptr' instead [-Wdeprecated-declarations]
  430 |     shared_ptr & operator=( std::auto_ptr<Y> && r )
      |                                  ^~~~~~~~
/usr/include/c++/15/bits/unique_ptr.h:58:28: note: declared here
   58 |   template<typename> class auto_ptr;
      |                            ^~~~~~~~
/usr/local/lib/R/site-library/BH/include/boost/smart_ptr/shared_ptr.hpp: In member function ‘boost::shared_ptr<T>& boost::shared_ptr<T>::operator=(std::auto_ptr<_Up>&&)’:
/usr/local/lib/R/site-library/BH/include/boost/smart_ptr/shared_ptr.hpp:432:38: warning: ‘template<class> class std::auto_ptr’ is deprecated: use 'std::unique_ptr' instead [-Wdeprecated-declarations]
  432 |         this_type( static_cast< std::auto_ptr<Y> && >( r ) ).swap( *this );
      |                                      ^~~~~~~~
/usr/include/c++/15/bits/unique_ptr.h:58:28: note: declared here
   58 |   template<typename> class auto_ptr;
      |                            ^~~~~~~~
aarch64-linux-gnu-g++ -std=gnu++20 -I"/usr/share/R/include" -DNDEBUG  -I'/usr/local/lib/R/site-library/BH/include' -I'/usr/local/lib/R/site-library/bigmemory/include' -I'/usr/local/lib/R/site-library/Rcpp/include' -I'/usr/local/lib/R/site-library/RcppArmadillo/include'    -fopenmp -fPIC  -g -O2 -fno-omit-frame-pointer -mno-omit-leaf-frame-pointer -ffile-prefix-map=/build/r-base-k3yPaA/r-base-4.6.0=. -fstack-protector-strong -fstack-clash-protection -Wformat -Werror=format-security -mbranch-protection=standard -fdebug-prefix-map=/build/r-base-k3yPaA/r-base-4.6.0=/usr/src/r-base-4.6.0-0.2604.2 -Wdate-time -D_FORTIFY_SOURCE=3   -c utilities.cpp -o utilities.o
In file included from /usr/local/lib/R/site-library/BH/include/boost/smart_ptr/shared_ptr.hpp:17,
                 from /usr/local/lib/R/site-library/BH/include/boost/shared_ptr.hpp:17,
                 from /usr/local/lib/R/site-library/bigmemory/include/bigmemory/BigMatrix.h:10,
                 from utilities.h:2,
                 from utilities.cpp:1:
/usr/local/lib/R/site-library/BH/include/boost/smart_ptr/detail/shared_count.hpp:294:33: warning: ‘template<class> class std::auto_ptr’ is deprecated: use 'std::unique_ptr' instead [-Wdeprecated-declarations]
  294 |     explicit shared_count( std::auto_ptr<Y> & r ): pi_( new sp_counted_impl_p<Y>( r.get() ) )
      |                                 ^~~~~~~~
In file included from /usr/include/c++/15/memory:80,
                 from /usr/local/lib/R/site-library/RcppArmadillo/include/armadillo:38,
                 from /usr/local/lib/R/site-library/RcppArmadillo/include/RcppArmadillo/interface/RcppArmadilloForward.h:51,
                 from /usr/local/lib/R/site-library/RcppArmadillo/include/RcppArmadillo.h:29,
                 from utilities.h:1:
/usr/include/c++/15/bits/unique_ptr.h:58:28: note: declared here
   58 |   template<typename> class auto_ptr;
      |                            ^~~~~~~~
/usr/local/lib/R/site-library/BH/include/boost/smart_ptr/shared_ptr.hpp:354:31: warning: ‘template<class> class std::auto_ptr’ is deprecated: use 'std::unique_ptr' instead [-Wdeprecated-declarations]
  354 |     explicit shared_ptr( std::auto_ptr<Y> & r ): px(r.get()), pn()
      |                               ^~~~~~~~
/usr/include/c++/15/bits/unique_ptr.h:58:28: note: declared here
   58 |   template<typename> class auto_ptr;
      |                            ^~~~~~~~
/usr/local/lib/R/site-library/BH/include/boost/smart_ptr/shared_ptr.hpp:365:22: warning: ‘template<class> class std::auto_ptr’ is deprecated: use 'std::unique_ptr' instead [-Wdeprecated-declarations]
  365 |     shared_ptr( std::auto_ptr<Y> && r ): px(r.get()), pn()
      |                      ^~~~~~~~
/usr/include/c++/15/bits/unique_ptr.h:58:28: note: declared here
   58 |   template<typename> class auto_ptr;
      |                            ^~~~~~~~
/usr/local/lib/R/site-library/BH/include/boost/smart_ptr/shared_ptr.hpp:423:34: warning: ‘template<class> class std::auto_ptr’ is deprecated: use 'std::unique_ptr' instead [-Wdeprecated-declarations]
  423 |     shared_ptr & operator=( std::auto_ptr<Y> & r )
      |                                  ^~~~~~~~
/usr/include/c++/15/bits/unique_ptr.h:58:28: note: declared here
   58 |   template<typename> class auto_ptr;
      |                            ^~~~~~~~
/usr/local/lib/R/site-library/BH/include/boost/smart_ptr/shared_ptr.hpp:430:34: warning: ‘template<class> class std::auto_ptr’ is deprecated: use 'std::unique_ptr' instead [-Wdeprecated-declarations]
  430 |     shared_ptr & operator=( std::auto_ptr<Y> && r )
      |                                  ^~~~~~~~
/usr/include/c++/15/bits/unique_ptr.h:58:28: note: declared here
   58 |   template<typename> class auto_ptr;
      |                            ^~~~~~~~
/usr/local/lib/R/site-library/BH/include/boost/smart_ptr/shared_ptr.hpp: In member function ‘boost::shared_ptr<T>& boost::shared_ptr<T>::operator=(std::auto_ptr<_Up>&&)’:
/usr/local/lib/R/site-library/BH/include/boost/smart_ptr/shared_ptr.hpp:432:38: warning: ‘template<class> class std::auto_ptr’ is deprecated: use 'std::unique_ptr' instead [-Wdeprecated-declarations]
  432 |         this_type( static_cast< std::auto_ptr<Y> && >( r ) ).swap( *this );
      |                                      ^~~~~~~~
/usr/include/c++/15/bits/unique_ptr.h:58:28: note: declared here
   58 |   template<typename> class auto_ptr;
      |                            ^~~~~~~~
aarch64-linux-gnu-g++ -std=gnu++20 -shared -L/usr/lib/R/lib -Wl,-Bsymbolic-functions -Wl,--package-metadata=%7B%22type%22:%22deb%22%2C%22os%22:%22ubuntu%22%2C%22name%22:%22r-base%22%2C%22version%22:%224.6.0-0.2604.2%22%2C%22architecture%22:%22arm64%22%7D -flto=auto -ffat-lto-objects -Wl,-z,relro -o plmmr.so big_crossprod.o big_sd.o big_standardize.o plmm_init.o standardize.o utilities.o -fopenmp -llapack -lblas -lgfortran -lm -L/usr/lib/R/lib -lR
installing to /__w/linux-arm64-checks/linux-arm64-checks/mylib/00LOCK-plmmr/00new/plmmr/libs
** R
** data
*** moving datasets to lazyload DB
** inst
** byte-compile and prepare package for lazy loading
** help
*** installing help indices
*** copying figures
** building package indices
** installing vignettes
** testing if installed package can be loaded from temporary location
** checking absolute paths in shared objects and dynamic libraries
** testing if installed package can be loaded from final location
** testing if installed package keeps a record of temporary installation path
* DONE (plmmr)
