* installing *source* package ‘RTriangle’ ...
** this is package ‘RTriangle’ version ‘1.6-0.15’
** package ‘RTriangle’ successfully unpacked and MD5 sums checked
** using staged installation
** libs
using C compiler: ‘aarch64-linux-gnu-gcc (Ubuntu 15.2.0-16ubuntu1) 15.2.0’
aarch64-linux-gnu-gcc -I"/usr/share/R/include" -DNDEBUG -include RTriangle.h -DANSI_DECLARATORS -DVOID=void -DSTRICT_R_HEADERS      -fPIC  -g -O2 -fno-omit-frame-pointer -mno-omit-leaf-frame-pointer -ffile-prefix-map=/build/r-base-zS155Z/r-base-4.6.1=. -fstack-protector-strong -fstack-clash-protection -Wformat -Werror=format-security -mbranch-protection=standard -fdebug-prefix-map=/build/r-base-zS155Z/r-base-4.6.1=/usr/src/r-base-4.6.1-2.2604.0 -Wdate-time -D_FORTIFY_SOURCE=3  -c RTriangle_init.c -o RTriangle_init.o
aarch64-linux-gnu-gcc -I"/usr/share/R/include" -DNDEBUG -include RTriangle.h -DANSI_DECLARATORS -DVOID=void -DSTRICT_R_HEADERS      -fPIC  -g -O2 -fno-omit-frame-pointer -mno-omit-leaf-frame-pointer -ffile-prefix-map=/build/r-base-zS155Z/r-base-4.6.1=. -fstack-protector-strong -fstack-clash-protection -Wformat -Werror=format-security -mbranch-protection=standard -fdebug-prefix-map=/build/r-base-zS155Z/r-base-4.6.1=/usr/src/r-base-4.6.1-2.2604.0 -Wdate-time -D_FORTIFY_SOURCE=3  -c interface.c -o interface.o
aarch64-linux-gnu-gcc -I"/usr/share/R/include" -DNDEBUG -include RTriangle.h -DANSI_DECLARATORS -DVOID=void -DSTRICT_R_HEADERS      -fPIC  -g -O2 -fno-omit-frame-pointer -mno-omit-leaf-frame-pointer -ffile-prefix-map=/build/r-base-zS155Z/r-base-4.6.1=. -fstack-protector-strong -fstack-clash-protection -Wformat -Werror=format-security -mbranch-protection=standard -fdebug-prefix-map=/build/r-base-zS155Z/r-base-4.6.1=/usr/src/r-base-4.6.1-2.2604.0 -Wdate-time -D_FORTIFY_SOURCE=3  -c triangle.c -o triangle.o
triangle.c:315:9: warning: ‘VOID’ redefined
  315 | #define VOID int
      |         ^~~~
<command-line>: note: this is the location of the previous definition
aarch64-linux-gnu-gcc -shared -L/usr/lib/R/lib -Wl,-Bsymbolic-functions -Wl,--package-metadata=%7B%22type%22:%22deb%22%2C%22os%22:%22ubuntu%22%2C%22name%22:%22r-base%22%2C%22version%22:%224.6.1-2.2604.0%22%2C%22architecture%22:%22arm64%22%7D -flto=auto -ffat-lto-objects -Wl,-z,relro -o RTriangle.so RTriangle_init.o interface.o triangle.o -L/usr/lib/R/lib -lR
installing to /__w/linux-arm64-checks/linux-arm64-checks/mylib/00LOCK-RTriangle/00new/RTriangle/libs
** R
** inst
** byte-compile and prepare package for lazy loading
** help
*** installing help indices
** building package indices
** testing if installed package can be loaded from temporary location
** checking absolute paths in shared objects and dynamic libraries
** testing if installed package can be loaded from final location
** testing if installed package keeps a record of temporary installation path
* DONE (RTriangle)
