* using log directory ‘/__w/linux-arm64-checks/linux-arm64-checks/DPQ.Rcheck’
* using R version 4.6.0 (2026-04-24)
* using platform: aarch64-unknown-linux-gnu
* R was compiled by
    aarch64-linux-gnu-gcc (Ubuntu 15.2.0-16ubuntu1) 15.2.0
    GNU Fortran (Ubuntu 15.2.0-16ubuntu1) 15.2.0
* running under: Ubuntu 26.04 LTS
* using session charset: UTF-8
* current time: 2026-05-17 02:11:47 UTC
* using options ‘--no-manual --no-vignettes’
* checking for file ‘DPQ/DESCRIPTION’ ... OK
* this is package ‘DPQ’ version ‘0.6-1’
* package encoding: UTF-8
* checking package namespace information ... OK
* checking package dependencies ... OK
* checking if this is a source package ... OK
* checking if there is a namespace ... OK
* checking for executable files ... OK
* checking for hidden files and directories ... OK
* checking for portable file names ... OK
* checking for sufficient/correct file permissions ... OK
* checking whether package ‘DPQ’ can be installed ... OK
* used C compiler: ‘aarch64-linux-gnu-gcc (Ubuntu 15.2.0-16ubuntu1) 15.2.0’
* used Fortran compiler: ‘GNU Fortran (Ubuntu 15.2.0-16ubuntu1) 15.2.0’
* checking installed package size ... OK
* checking package directory ... OK
* checking ‘build’ directory ... OK
* checking DESCRIPTION meta-information ... OK
* checking top-level files ... OK
* checking for left-over files ... OK
* checking index information ... OK
* checking package subdirectories ... OK
* checking code files for non-ASCII characters ... OK
* checking R files for syntax errors ... OK
* checking whether the package can be loaded ... OK
* checking whether the package can be loaded with stated dependencies ... OK
* checking whether the package can be unloaded cleanly ... OK
* checking whether the namespace can be loaded with stated dependencies ... OK
* checking whether the namespace can be unloaded cleanly ... OK
* checking loading without being on the library search path ... OK
* checking dependencies in R code ... OK
* checking S3 generic/method consistency ... OK
* checking replacement functions ... OK
* checking foreign function calls ... OK
* checking R code for possible problems ... OK
* checking Rd files ... OK
* checking Rd metadata ... OK
* checking Rd cross-references ... OK
* checking for missing documentation entries ... OK
* checking for code/documentation mismatches ... OK
* checking Rd \usage sections ... OK
* checking Rd contents ... OK
* checking for unstated dependencies in examples ... OK
* checking contents of ‘data’ directory ... OK
* checking data for non-ASCII characters ... OK
* checking data for ASCII and uncompressed saves ... OK
* checking line endings in C/C++/Fortran sources/headers ... OK
* checking compiled code ... INFO
Note: information on .o files is not available
* checking usage of KIND in Fortran files ... OK
* checking sizes of PDF files under ‘inst/doc’ ... OK
* checking installed files from ‘inst/doc’ ... OK
* checking files in ‘vignettes’ ... OK
* checking examples ... OK
* checking for unstated dependencies in ‘tests’ ... OK
* checking tests ... ERROR
  Running ‘bd0-tst.R’
  Running ‘chisq-nonc-ex.R’
  Running ‘dgamma-tst.R’
  Running ‘dnbinom-tst.R’
  Running ‘dnchisq-tst.R’
  Running ‘dt-ex.R’
  Running ‘expm1x-tst.R’
  Running ‘hyper-dist-ex.R’
  Running ‘log4p1p-exp.R’
  Running ‘pnbeta-tst.R’
  Running ‘pnt-prec.R’
  Running ‘pow-tst.R’
  Running ‘ppois-ex.R’
Running the tests in ‘tests/ppois-ex.R’ failed.
Last 13 lines of output:
  +       if(doExtras) {
  +         !okLD    || all.equal(pp,  pp. , tol = 1e-12)
  +         notXorLD || all.equal(pp,  ppSL, tol = 1e-12)
  +         notXorLD || all.equal(pp., ppSL, tol = 1e-14)# both ppoisD()  "fast" or "slow" should be very close
  +       } else {
  +         !okLD    || all.equal(pp,  pp. , tol = 1e-12)
  +       })
  + }
  Lam = 11400; M =   11850 :
  Error in plot.window(...) : need finite 'ylim' values
  Calls: plot -> plot.default -> localWindow -> plot.window
  In addition: Warning messages:
  1: In min(x) : no non-missing arguments to min; returning Inf
  2: In max(x) : no non-missing arguments to max; returning -Inf
  Execution halted
* checking for unstated dependencies in vignettes ... OK
* checking package vignettes ... OK
* checking running R code from vignettes ... SKIPPED
* checking re-building of vignette outputs ... SKIPPED
* DONE
Status: 1 ERROR
