* installing *source* package ‘DPQ’ ...
** this is package ‘DPQ’ version ‘0.6-1’
** package ‘DPQ’ successfully unpacked and MD5 sums checked
** using staged installation
** libs
using C compiler: ‘gcc (Ubuntu 15.2.0-16ubuntu1) 15.2.0’
using Fortran compiler: ‘GNU Fortran (Ubuntu 15.2.0-16ubuntu1) 15.2.0’
gcc -I"/usr/share/R/include" -DNDEBUG       -fPIC  -g -O2 -fno-omit-frame-pointer -mno-omit-leaf-frame-pointer -ffile-prefix-map=/build/r-base-cWlIXM/r-base-4.5.2=. -fstack-protector-strong -fstack-clash-protection -Wformat -Werror=format-security -mbranch-protection=standard -fdebug-prefix-map=/build/r-base-cWlIXM/r-base-4.5.2=/usr/src/r-base-4.5.2-1ubuntu2 -Wdate-time -D_FORTIFY_SOURCE=3  -c 310-pnbeta.c -o 310-pnbeta.o
gcc -I"/usr/share/R/include" -DNDEBUG       -fPIC  -g -O2 -fno-omit-frame-pointer -mno-omit-leaf-frame-pointer -ffile-prefix-map=/build/r-base-cWlIXM/r-base-4.5.2=. -fstack-protector-strong -fstack-clash-protection -Wformat -Werror=format-security -mbranch-protection=standard -fdebug-prefix-map=/build/r-base-cWlIXM/r-base-4.5.2=/usr/src/r-base-4.5.2-1ubuntu2 -Wdate-time -D_FORTIFY_SOURCE=3  -c DPQ-misc.c -o DPQ-misc.o
gcc -I"/usr/share/R/include" -DNDEBUG       -fPIC  -g -O2 -fno-omit-frame-pointer -mno-omit-leaf-frame-pointer -ffile-prefix-map=/build/r-base-cWlIXM/r-base-4.5.2=. -fstack-protector-strong -fstack-clash-protection -Wformat -Werror=format-security -mbranch-protection=standard -fdebug-prefix-map=/build/r-base-cWlIXM/r-base-4.5.2=/usr/src/r-base-4.5.2-1ubuntu2 -Wdate-time -D_FORTIFY_SOURCE=3  -c algdiv.c -o algdiv.o
gcc -I"/usr/share/R/include" -DNDEBUG       -fPIC  -g -O2 -fno-omit-frame-pointer -mno-omit-leaf-frame-pointer -ffile-prefix-map=/build/r-base-cWlIXM/r-base-4.5.2=. -fstack-protector-strong -fstack-clash-protection -Wformat -Werror=format-security -mbranch-protection=standard -fdebug-prefix-map=/build/r-base-cWlIXM/r-base-4.5.2=/usr/src/r-base-4.5.2-1ubuntu2 -Wdate-time -D_FORTIFY_SOURCE=3  -c bd0.c -o bd0.o
gcc -I"/usr/share/R/include" -DNDEBUG       -fPIC  -g -O2 -fno-omit-frame-pointer -mno-omit-leaf-frame-pointer -ffile-prefix-map=/build/r-base-cWlIXM/r-base-4.5.2=. -fstack-protector-strong -fstack-clash-protection -Wformat -Werror=format-security -mbranch-protection=standard -fdebug-prefix-map=/build/r-base-cWlIXM/r-base-4.5.2=/usr/src/r-base-4.5.2-1ubuntu2 -Wdate-time -D_FORTIFY_SOURCE=3  -c bpser.c -o bpser.o
gcc -I"/usr/share/R/include" -DNDEBUG       -fPIC  -g -O2 -fno-omit-frame-pointer -mno-omit-leaf-frame-pointer -ffile-prefix-map=/build/r-base-cWlIXM/r-base-4.5.2=. -fstack-protector-strong -fstack-clash-protection -Wformat -Werror=format-security -mbranch-protection=standard -fdebug-prefix-map=/build/r-base-cWlIXM/r-base-4.5.2=/usr/src/r-base-4.5.2-1ubuntu2 -Wdate-time -D_FORTIFY_SOURCE=3  -c chebyshev.c -o chebyshev.o
gcc -I"/usr/share/R/include" -DNDEBUG       -fPIC  -g -O2 -fno-omit-frame-pointer -mno-omit-leaf-frame-pointer -ffile-prefix-map=/build/r-base-cWlIXM/r-base-4.5.2=. -fstack-protector-strong -fstack-clash-protection -Wformat -Werror=format-security -mbranch-protection=standard -fdebug-prefix-map=/build/r-base-cWlIXM/r-base-4.5.2=/usr/src/r-base-4.5.2-1ubuntu2 -Wdate-time -D_FORTIFY_SOURCE=3  -c dpsifn.c -o dpsifn.o
gcc -I"/usr/share/R/include" -DNDEBUG       -fPIC  -g -O2 -fno-omit-frame-pointer -mno-omit-leaf-frame-pointer -ffile-prefix-map=/build/r-base-cWlIXM/r-base-4.5.2=. -fstack-protector-strong -fstack-clash-protection -Wformat -Werror=format-security -mbranch-protection=standard -fdebug-prefix-map=/build/r-base-cWlIXM/r-base-4.5.2=/usr/src/r-base-4.5.2-1ubuntu2 -Wdate-time -D_FORTIFY_SOURCE=3  -c gamma-variants.c -o gamma-variants.o
gcc -I"/usr/share/R/include" -DNDEBUG       -fPIC  -g -O2 -fno-omit-frame-pointer -mno-omit-leaf-frame-pointer -ffile-prefix-map=/build/r-base-cWlIXM/r-base-4.5.2=. -fstack-protector-strong -fstack-clash-protection -Wformat -Werror=format-security -mbranch-protection=standard -fdebug-prefix-map=/build/r-base-cWlIXM/r-base-4.5.2=/usr/src/r-base-4.5.2-1ubuntu2 -Wdate-time -D_FORTIFY_SOURCE=3  -c gamma_inc_T1006.c -o gamma_inc_T1006.o
gcc -I"/usr/share/R/include" -DNDEBUG       -fPIC  -g -O2 -fno-omit-frame-pointer -mno-omit-leaf-frame-pointer -ffile-prefix-map=/build/r-base-cWlIXM/r-base-4.5.2=. -fstack-protector-strong -fstack-clash-protection -Wformat -Werror=format-security -mbranch-protection=standard -fdebug-prefix-map=/build/r-base-cWlIXM/r-base-4.5.2=/usr/src/r-base-4.5.2-1ubuntu2 -Wdate-time -D_FORTIFY_SOURCE=3  -c init.c -o init.o
gcc -I"/usr/share/R/include" -DNDEBUG       -fPIC  -g -O2 -fno-omit-frame-pointer -mno-omit-leaf-frame-pointer -ffile-prefix-map=/build/r-base-cWlIXM/r-base-4.5.2=. -fstack-protector-strong -fstack-clash-protection -Wformat -Werror=format-security -mbranch-protection=standard -fdebug-prefix-map=/build/r-base-cWlIXM/r-base-4.5.2=/usr/src/r-base-4.5.2-1ubuntu2 -Wdate-time -D_FORTIFY_SOURCE=3  -c lgammacor.c -o lgammacor.o
gcc -I"/usr/share/R/include" -DNDEBUG       -fPIC  -g -O2 -fno-omit-frame-pointer -mno-omit-leaf-frame-pointer -ffile-prefix-map=/build/r-base-cWlIXM/r-base-4.5.2=. -fstack-protector-strong -fstack-clash-protection -Wformat -Werror=format-security -mbranch-protection=standard -fdebug-prefix-map=/build/r-base-cWlIXM/r-base-4.5.2=/usr/src/r-base-4.5.2-1ubuntu2 -Wdate-time -D_FORTIFY_SOURCE=3  -c logcf.c -o logcf.o
gcc -I"/usr/share/R/include" -DNDEBUG       -fPIC  -g -O2 -fno-omit-frame-pointer -mno-omit-leaf-frame-pointer -ffile-prefix-map=/build/r-base-cWlIXM/r-base-4.5.2=. -fstack-protector-strong -fstack-clash-protection -Wformat -Werror=format-security -mbranch-protection=standard -fdebug-prefix-map=/build/r-base-cWlIXM/r-base-4.5.2=/usr/src/r-base-4.5.2-1ubuntu2 -Wdate-time -D_FORTIFY_SOURCE=3  -c pnchisq-it.c -o pnchisq-it.o
gcc -I"/usr/share/R/include" -DNDEBUG       -fPIC  -g -O2 -fno-omit-frame-pointer -mno-omit-leaf-frame-pointer -ffile-prefix-map=/build/r-base-cWlIXM/r-base-4.5.2=. -fstack-protector-strong -fstack-clash-protection -Wformat -Werror=format-security -mbranch-protection=standard -fdebug-prefix-map=/build/r-base-cWlIXM/r-base-4.5.2=/usr/src/r-base-4.5.2-1ubuntu2 -Wdate-time -D_FORTIFY_SOURCE=3  -c ppois-direct.c -o ppois-direct.o
gcc -I"/usr/share/R/include" -DNDEBUG       -fPIC  -g -O2 -fno-omit-frame-pointer -mno-omit-leaf-frame-pointer -ffile-prefix-map=/build/r-base-cWlIXM/r-base-4.5.2=. -fstack-protector-strong -fstack-clash-protection -Wformat -Werror=format-security -mbranch-protection=standard -fdebug-prefix-map=/build/r-base-cWlIXM/r-base-4.5.2=/usr/src/r-base-4.5.2-1ubuntu2 -Wdate-time -D_FORTIFY_SOURCE=3  -c qchisq_appr.c -o qchisq_appr.o
gcc -I"/usr/share/R/include" -DNDEBUG       -fPIC  -g -O2 -fno-omit-frame-pointer -mno-omit-leaf-frame-pointer -ffile-prefix-map=/build/r-base-cWlIXM/r-base-4.5.2=. -fstack-protector-strong -fstack-clash-protection -Wformat -Werror=format-security -mbranch-protection=standard -fdebug-prefix-map=/build/r-base-cWlIXM/r-base-4.5.2=/usr/src/r-base-4.5.2-1ubuntu2 -Wdate-time -D_FORTIFY_SOURCE=3  -c stirlerr.c -o stirlerr.o
gcc -I"/usr/share/R/include" -DNDEBUG       -fPIC  -g -O2 -fno-omit-frame-pointer -mno-omit-leaf-frame-pointer -ffile-prefix-map=/build/r-base-cWlIXM/r-base-4.5.2=. -fstack-protector-strong -fstack-clash-protection -Wformat -Werror=format-security -mbranch-protection=standard -fdebug-prefix-map=/build/r-base-cWlIXM/r-base-4.5.2=/usr/src/r-base-4.5.2-1ubuntu2 -Wdate-time -D_FORTIFY_SOURCE=3  -c wienergerm_nchisq.c -o wienergerm_nchisq.o
gfortran  -fPIC  -g -O2 -fno-omit-frame-pointer -mno-omit-leaf-frame-pointer -ffile-prefix-map=/build/r-base-cWlIXM/r-base-4.5.2=. -fstack-protector-strong -fstack-clash-protection -mbranch-protection=standard -fdebug-prefix-map=/build/r-base-cWlIXM/r-base-4.5.2=/usr/src/r-base-4.5.2-1ubuntu2  -c wienergerm_nchisq_F.f -o wienergerm_nchisq_F.o
gcc -shared -L/usr/lib/R/lib -Wl,-Bsymbolic-functions -Wl,--package-metadata=%7B%22type%22:%22deb%22%2C%22os%22:%22ubuntu%22%2C%22name%22:%22r-base%22%2C%22version%22:%224.5.2-1ubuntu2%22%2C%22architecture%22:%22arm64%22%7D -flto=auto -ffat-lto-objects -Wl,-z,relro -o DPQ.so 310-pnbeta.o DPQ-misc.o algdiv.o bd0.o bpser.o chebyshev.o dpsifn.o gamma-variants.o gamma_inc_T1006.o init.o lgammacor.o logcf.o pnchisq-it.o ppois-direct.o qchisq_appr.o stirlerr.o wienergerm_nchisq.o wienergerm_nchisq_F.o -lgfortran -lm -L/usr/lib/R/lib -lR
installing to /__w/linux-arm64-checks/linux-arm64-checks/mylib/00LOCK-DPQ/00new/DPQ/libs
** R
** data
** inst
** byte-compile and prepare package for lazy loading
** help
*** installing help indices
** building package indices
** installing vignettes
** testing if installed package can be loaded from temporary location
** checking absolute paths in shared objects and dynamic libraries
** testing if installed package can be loaded from final location
** testing if installed package keeps a record of temporary installation path
* DONE (DPQ)
