* using log directory ‘/__w/linux-arm64-checks/linux-arm64-checks/FAfA.Rcheck’
* using R version 4.6.1 (2026-06-24)
* using platform: aarch64-unknown-linux-gnu
* R was compiled by
    aarch64-linux-gnu-gcc (Ubuntu 15.2.0-16ubuntu1) 15.2.0
    GNU Fortran (Ubuntu 15.2.0-16ubuntu1) 15.2.0
* running under: Ubuntu 26.04.1 LTS
* using session charset: UTF-8
* current time: 2026-10-01 00:45:06 UTC
* using options ‘--no-manual --no-vignettes’
* checking for file ‘FAfA/DESCRIPTION’ ... OK
* this is package ‘FAfA’ version ‘1.4’
* package encoding: UTF-8
* checking package namespace information ... OK
* checking package dependencies ... OK
* checking if this is a source package ... OK
* checking if there is a namespace ... OK
* checking for executable files ... OK
* checking for hidden files and directories ... OK
* checking for portable file names ... OK
* checking for sufficient/correct file permissions ... OK
* checking whether package ‘FAfA’ can be installed ... OK
* checking installed package size ... OK
* checking package directory ... OK
* checking DESCRIPTION meta-information ... OK
* checking top-level files ... OK
* checking for left-over files ... OK
* checking index information ... OK
* checking package subdirectories ... OK
* checking code files for non-ASCII characters ... OK
* checking R files for syntax errors ... OK
* checking whether the package can be loaded ... OK
* checking whether the package can be loaded with stated dependencies ... OK
* checking whether the package can be unloaded cleanly ... OK
* checking whether the namespace can be loaded with stated dependencies ... OK
* checking whether the namespace can be unloaded cleanly ... OK
* checking loading without being on the library search path ... OK
* checking dependencies in R code ... OK
* checking S3 generic/method consistency ... OK
* checking replacement functions ... OK
* checking foreign function calls ... OK
* checking R code for possible problems ... OK
* checking Rd files ... OK
* checking Rd metadata ... OK
* checking Rd cross-references ... OK
* checking for missing documentation entries ... OK
* checking for code/documentation mismatches ... OK
* checking Rd \usage sections ... OK
* checking Rd contents ... OK
* checking for unstated dependencies in examples ... OK
* checking examples ... NONE
* checking for unstated dependencies in ‘tests’ ... OK
* checking tests ... ERROR
  Running ‘spelling.R’
  Running ‘testthat.R’
Running the tests in ‘tests/testthat.R’ failed.
Last 13 lines of output:
  Expected `result$m_values[, "m_pr_4rth_power"]` to equal `c(...)`.
  Differences:
      actual         | expected          
  [1] 10.31157803778 | 10.31157803778 [1]
  [2] 31.42205093515 | 31.42205093515 [2]
  [3] 0.54074987791  | 0.54074987791  [3]
  [4] 2.85561771510  - 2.85561771508  [4]
  [5] 6.74765415192  - 6.74765415189  [5]
  [6] 42.99999771621 - 42.99999761360 [6]
  
  
  [ FAIL 2 | WARN 0 | SKIP 2 | PASS 219 ]
  Error:
  ! Test failures.
  Execution halted
* DONE
Status: 1 ERROR
