* using log directory ‘/__w/linux-arm64-checks/linux-arm64-checks/RSSL.Rcheck’
* using R version 4.6.0 (2026-04-24)
* using platform: aarch64-unknown-linux-gnu
* R was compiled by
    aarch64-linux-gnu-gcc (Ubuntu 15.2.0-16ubuntu1) 15.2.0
    GNU Fortran (Ubuntu 15.2.0-16ubuntu1) 15.2.0
* running under: Ubuntu 26.04 LTS
* using session charset: UTF-8
* current time: 2026-06-14 02:52:03 UTC
* using options ‘--no-manual --no-vignettes’
* checking for file ‘RSSL/DESCRIPTION’ ... OK
* this is package ‘RSSL’ version ‘0.9.8’
* package encoding: UTF-8
* checking package namespace information ... OK
* checking package dependencies ... ERROR
Packages required but not available:
  'Rcpp', 'kernlab', 'quadprog', 'dplyr', 'tidyr', 'ggplot2',
  'reshape2', 'scales', 'RcppArmadillo'

Packages suggested but not available for checking:
  'testthat', 'rmarkdown', 'SparseM', 'numDeriv', 'LiblineaR', 'covr'

See section ‘The DESCRIPTION file’ in the ‘Writing R Extensions’
manual.
* DONE
Status: 1 ERROR
