* using log directory ‘/__w/linux-arm64-checks/linux-arm64-checks/glmMisrep.Rcheck’
* using R version 4.6.1 (2026-06-24)
* using platform: aarch64-unknown-linux-gnu
* R was compiled by
    aarch64-linux-gnu-gcc (Ubuntu 15.2.0-16ubuntu1) 15.2.0
    GNU Fortran (Ubuntu 15.2.0-16ubuntu1) 15.2.0
* running under: Ubuntu 26.04.1 LTS
* using session charset: UTF-8
* current time: 2026-09-03 09:46:07 UTC
* using options ‘--no-manual --no-vignettes’
* checking for file ‘glmMisrep/DESCRIPTION’ ... OK
* checking extension type ... Package
* this is package ‘glmMisrep’ version ‘0.1.3’
* package encoding: UTF-8
* checking package namespace information ... OK
* checking package dependencies ... OK
* checking if this is a source package ... OK
* checking if there is a namespace ... OK
* checking for executable files ... OK
* checking for hidden files and directories ... OK
* checking for portable file names ... OK
* checking for sufficient/correct file permissions ... OK
* checking whether package ‘glmMisrep’ can be installed ... OK
* checking installed package size ... OK
* checking package directory ... OK
* checking DESCRIPTION meta-information ... OK
* checking top-level files ... OK
* checking for left-over files ... OK
* checking index information ... OK
* checking package subdirectories ... OK
* checking code files for non-ASCII characters ... OK
* checking R files for syntax errors ... OK
* checking whether the package can be loaded ... OK
* checking whether the package can be loaded with stated dependencies ... OK
* checking whether the package can be unloaded cleanly ... OK
* checking whether the namespace can be loaded with stated dependencies ... OK
* checking whether the namespace can be unloaded cleanly ... OK
* checking loading without being on the library search path ... OK
* checking dependencies in R code ... OK
* checking S3 generic/method consistency ... OK
* checking replacement functions ... OK
* checking foreign function calls ... OK
* checking R code for possible problems ... OK
* checking Rd files ... OK
* checking Rd metadata ... OK
* checking Rd cross-references ... OK
* checking for missing documentation entries ... OK
* checking for code/documentation mismatches ... OK
* checking Rd \usage sections ... OK
* checking Rd contents ... OK
* checking for unstated dependencies in examples ... OK
* checking contents of ‘data’ directory ... OK
* checking data for non-ASCII characters ... OK
* checking LazyData ... OK
* checking data for ASCII and uncompressed saves ... OK
* checking examples ... OK
* checking for unstated dependencies in ‘tests’ ... OK
* checking tests ... ERROR
  Running ‘gamma-testing.R’
  Running ‘LN-testing.R’
  Running ‘NB-testing.R’
  Running ‘Norm-testing.R’
  Running ‘Pois-testing.R’
Running the tests in ‘tests/Pois-testing.R’ failed.
Last 13 lines of output:
  > 
  > 
  > # On the first attempt, fails to converge, and restarts with new mixing props.
  > # Succeeds on the second attempt.
  > msg <- capture.output(
  +   t11 <-  poisRegMisrepEM(formula = Y ~ X1 + X2 + X3 + Sex + Race + V_star,
  +                            v_star = "V_star",
  +                            data = data,
  +                            lambda = c(0.6, 0.4),
  +                            epsilon = 1e-08,
  +                            maxit = 16,
  +                            maxrestarts = 4, verb = TRUE),
  +   type = "message"
  + )
  Execution halted
* DONE
Status: 1 ERROR
