* using log directory ‘/__w/linux-arm64-checks/linux-arm64-checks/KSgeneral.Rcheck’
* using R version 4.6.1 (2026-06-24)
* using platform: aarch64-unknown-linux-gnu
* R was compiled by
    aarch64-linux-gnu-gcc (Ubuntu 15.2.0-16ubuntu1) 15.2.0
    GNU Fortran (Ubuntu 15.2.0-16ubuntu1) 15.2.0
* running under: Ubuntu 26.04 LTS
* using session charset: UTF-8
* current time: 2026-07-12 01:58:27 UTC
* using options ‘--no-manual --no-vignettes’
* checking for file ‘KSgeneral/DESCRIPTION’ ... OK
* checking extension type ... Package
* this is package ‘KSgeneral’ version ‘2.0.2’
* package encoding: UTF-8
* checking package namespace information ... OK
* checking package dependencies ... OK
* checking if this is a source package ... OK
* checking if there is a namespace ... OK
* checking for executable files ... OK
* checking for hidden files and directories ... OK
* checking for portable file names ... OK
* checking for sufficient/correct file permissions ... OK
* checking whether package ‘KSgeneral’ can be installed ... ERROR
Installation failed.
See ‘/__w/linux-arm64-checks/linux-arm64-checks/KSgeneral.Rcheck/00install.out’ for details.
* DONE
Status: 1 ERROR
