* installing *source* package ‘KSgeneral’ ...
** this is package ‘KSgeneral’ version ‘2.0.2’
** package ‘KSgeneral’ successfully unpacked and MD5 sums checked
** using staged installation
checking for gcc... aarch64-linux-gnu-gcc
checking whether the C compiler works... yes
checking for C compiler default output file name... a.out
checking for suffix of executables... 
checking whether we are cross compiling... no
checking for suffix of object files... o
checking whether we are using the GNU C compiler... yes
checking whether aarch64-linux-gnu-gcc accepts -g... yes
checking for aarch64-linux-gnu-gcc option to accept ISO C89... none needed
checking for pkg-config... /usr/bin/pkg-config
checking pkg-config is at least version 0.9.0... yes
checking for FFTW... yes
configure: creating ./config.status
config.status: creating src/Makevars
** libs
using C++ compiler: ‘aarch64-linux-gnu-g++ (Ubuntu 15.2.0-16ubuntu1) 15.2.0’
aarch64-linux-gnu-g++ -std=gnu++20 -I"/usr/share/R/include" -DNDEBUG  -I'/usr/local/lib/R/site-library/Rcpp/include'     -fPIC  -g -O2 -fno-omit-frame-pointer -mno-omit-leaf-frame-pointer -ffile-prefix-map=/build/r-base-k3yPaA/r-base-4.6.0=. -fstack-protector-strong -fstack-clash-protection -Wformat -Werror=format-security -mbranch-protection=standard -fdebug-prefix-map=/build/r-base-k3yPaA/r-base-4.6.0=/usr/src/r-base-4.6.0-0.2604.2 -Wdate-time -D_FORTIFY_SOURCE=3   -c RcppExports.cpp -o RcppExports.o
aarch64-linux-gnu-g++ -std=gnu++20 -I"/usr/share/R/include" -DNDEBUG  -I'/usr/local/lib/R/site-library/Rcpp/include'     -fPIC  -g -O2 -fno-omit-frame-pointer -mno-omit-leaf-frame-pointer -ffile-prefix-map=/build/r-base-k3yPaA/r-base-4.6.0=. -fstack-protector-strong -fstack-clash-protection -Wformat -Werror=format-security -mbranch-protection=standard -fdebug-prefix-map=/build/r-base-k3yPaA/r-base-4.6.0=/usr/src/r-base-4.6.0-0.2604.2 -Wdate-time -D_FORTIFY_SOURCE=3   -c cont_ks_dist.cpp -o cont_ks_dist.o
aarch64-linux-gnu-g++ -std=gnu++20 -I"/usr/share/R/include" -DNDEBUG  -I'/usr/local/lib/R/site-library/Rcpp/include'     -fPIC  -g -O2 -fno-omit-frame-pointer -mno-omit-leaf-frame-pointer -ffile-prefix-map=/build/r-base-k3yPaA/r-base-4.6.0=. -fstack-protector-strong -fstack-clash-protection -Wformat -Werror=format-security -mbranch-protection=standard -fdebug-prefix-map=/build/r-base-k3yPaA/r-base-4.6.0=/usr/src/r-base-4.6.0-0.2604.2 -Wdate-time -D_FORTIFY_SOURCE=3   -c crossprob_new.cc -o crossprob_new.o
aarch64-linux-gnu-g++ -std=gnu++20 -I"/usr/share/R/include" -DNDEBUG  -I'/usr/local/lib/R/site-library/Rcpp/include'     -fPIC  -g -O2 -fno-omit-frame-pointer -mno-omit-leaf-frame-pointer -ffile-prefix-map=/build/r-base-k3yPaA/r-base-4.6.0=. -fstack-protector-strong -fstack-clash-protection -Wformat -Werror=format-security -mbranch-protection=standard -fdebug-prefix-map=/build/r-base-k3yPaA/r-base-4.6.0=/usr/src/r-base-4.6.0-0.2604.2 -Wdate-time -D_FORTIFY_SOURCE=3   -c fftw_wrappers.cc -o fftw_wrappers.o
In file included from fftw_wrappers.cc:5:
aligned_mem.h:6:10: fatal error: mm_malloc.h: No such file or directory
    6 | #include "mm_malloc.h"
      |          ^~~~~~~~~~~~~
compilation terminated.
make: *** [/usr/lib/R/etc/Makeconf:197: fftw_wrappers.o] Error 1
ERROR: compilation failed for package ‘KSgeneral’
* removing ‘/__w/linux-arm64-checks/linux-arm64-checks/mylib/KSgeneral’
