* using log directory ‘/__w/linux-arm64-checks/linux-arm64-checks/mGSFPCA.Rcheck’
* using R version 4.6.0 (2026-04-24)
* using platform: aarch64-unknown-linux-gnu
* R was compiled by
    aarch64-linux-gnu-gcc (Ubuntu 15.2.0-16ubuntu1) 15.2.0
    GNU Fortran (Ubuntu 15.2.0-16ubuntu1) 15.2.0
* running under: Ubuntu 26.04 LTS
* using session charset: UTF-8
* current time: 2026-05-08 16:04:05 UTC
* using options ‘--no-manual --no-vignettes’
* checking for file ‘mGSFPCA/DESCRIPTION’ ... OK
* this is package ‘mGSFPCA’ version ‘0.2.2’
* package encoding: UTF-8
* checking package namespace information ... OK
* checking package dependencies ... ERROR
Packages required but not available:
  'fda', 'pracma', 'Rcpp', 'Metrics', 'RcppEigen'

See section ‘The DESCRIPTION file’ in the ‘Writing R Extensions’
manual.
* DONE
Status: 1 ERROR
