* using log directory ‘/__w/linux-arm64-checks/linux-arm64-checks/mboost.Rcheck’
* using R version 4.6.1 (2026-06-24)
* using platform: aarch64-unknown-linux-gnu
* R was compiled by
    aarch64-linux-gnu-gcc (Ubuntu 15.2.0-16ubuntu1) 15.2.0
    GNU Fortran (Ubuntu 15.2.0-16ubuntu1) 15.2.0
* running under: Ubuntu 26.04 LTS
* using session charset: UTF-8
* current time: 2026-07-16 16:29:18 UTC
* using options ‘--no-manual --no-vignettes’
* checking for file ‘mboost/DESCRIPTION’ ... OK
* this is package ‘mboost’ version ‘2.9-13’
* package encoding: UTF-8
* checking package namespace information ... OK
* checking package dependencies ... OK
* checking if this is a source package ... OK
* checking if there is a namespace ... OK
* checking for executable files ... OK
* checking for hidden files and directories ... OK
* checking for portable file names ... OK
* checking for sufficient/correct file permissions ... OK
* checking whether package ‘mboost’ can be installed ... OK
* used C compiler: ‘aarch64-linux-gnu-gcc (Ubuntu 15.2.0-16ubuntu1) 15.2.0’
* checking installed package size ... OK
* checking package directory ... OK
* checking ‘build’ directory ... OK
* checking DESCRIPTION meta-information ... OK
* checking top-level files ... OK
* checking for left-over files ... OK
* checking index information ... OK
* checking package subdirectories ... OK
* checking code files for non-ASCII characters ... OK
* checking R files for syntax errors ... OK
* checking whether the package can be loaded ... OK
* checking whether the package can be loaded with stated dependencies ... OK
* checking whether the package can be unloaded cleanly ... OK
* checking whether the namespace can be loaded with stated dependencies ... OK
* checking whether the namespace can be unloaded cleanly ... OK
* checking loading without being on the library search path ... OK
* checking whether startup messages can be suppressed ... OK
* checking dependencies in R code ... OK
* checking S3 generic/method consistency ... OK
* checking replacement functions ... OK
* checking foreign function calls ... OK
* checking R code for possible problems ... OK
* checking Rd files ... OK
* checking Rd metadata ... OK
* checking Rd cross-references ... OK
* checking for missing documentation entries ... OK
* checking for code/documentation mismatches ... OK
* checking Rd \usage sections ... OK
* checking Rd contents ... OK
* checking for unstated dependencies in examples ... OK
* checking line endings in shell scripts ... OK
* checking line endings in C/C++/Fortran sources/headers ... OK
* checking line endings in Makefiles ... OK
* checking compilation flags in Makevars ... OK
* checking for GNU extensions in Makefiles ... OK
* checking for portable use of $(BLAS_LIBS) and $(LAPACK_LIBS) ... OK
* checking use of PKG_*FLAGS in Makefiles ... OK
* checking compiled code ... INFO
Note: information on .o files is not available
* checking sizes of PDF files under ‘inst/doc’ ... OK
* checking installed files from ‘inst/doc’ ... OK
* checking files in ‘vignettes’ ... OK
* checking examples ... OK
* checking for unstated dependencies in ‘tests’ ... OK
* checking tests ... NOTE
  Running ‘birds_Biometrics.R’
  Comparing ‘birds_Biometrics.Rout’ to ‘birds_Biometrics.Rout.save’ ... OK
  Running ‘bugfixes.R’
  Comparing ‘bugfixes.Rout’ to ‘bugfixes.Rout.save’ ... OK
  Running ‘regtest-baselearner.R’
  Comparing ‘regtest-baselearner.Rout’ to ‘regtest-baselearner.Rout.save’ ...
14,21c14,22
<     %+%, %O%, %X%, AdaExp, as.data.frame.varimp, AUC, bbs, Binomial,
<     bkernel, blackboost, bmono, bmrf, bns, bols, boost_control, brad,
<     brandom, bspatial, bss, btree, buser, Cindex, confint.glmboost,
<     confint.mboost, CoxPH, cv, cvrisk, downstream.test, ExpectReg,
<     extract, Family, fitted.mboost, FP, gamboost, GammaReg, GaussClass,
<     Gaussian, GaussReg, Gehan, glmboost, Huber, Hurdle, IPCweights,
<     Laplace, lines.mboost, lines.mboost.ci, Loglog, Lognormal, mboost,
<     mboost_fit, mboost_intern, mstop, mstop<-, Multinomial, NBinomial,
---
>     %+%, %O%, %X%, AUC, AdaExp, Binomial, Cindex, CoxPH, ExpectReg, FP,
>     Family, GammaReg, GaussClass, GaussReg, Gaussian, Gehan, Huber,
>     Hurdle, IPCweights, Laplace, Loglog, Lognormal, Multinomial,
>     NBinomial, Poisson, PropOdds, QuantReg, RCG, Weibull,
>     as.data.frame.varimp, bbs, bkernel, blackboost, bmono, bmrf, bns,
>     bols, boost_control, brad, brandom, bspatial, bss, btree, buser,
>     confint.glmboost, confint.mboost, cv, cvrisk, downstream.test,
>     extract, fitted.mboost, gamboost, glmboost, lines.mboost,
>     lines.mboost.ci, mboost, mboost_fit, mboost_intern, mstop, mstop<-,
23,25c24,26
<     plot.varimp, Poisson, predict.glmboost, predict.mboost,
<     print.glmboost.ci, PropOdds, QuantReg, RCG, risk, selected.mboost,
<     stabsel_parameters.mboost, stabsel.mboost, survFit, varimp, Weibull
---
>     plot.varimp, predict.glmboost, predict.mboost, print.glmboost.ci,
>     risk, selected.mboost, stabsel.mboost, stabsel_parameters.mboost,
>     survFit, varimp
  Running ‘regtest-blackboost.R’
  Comparing ‘regtest-blackboost.Rout’ to ‘regtest-blackboost.Rout.save’ ... OK
  Running ‘regtest-family.R’
  Comparing ‘regtest-family.Rout’ to ‘regtest-family.Rout.save’ ... OK
  Running ‘regtest-gamboost.R’
  Comparing ‘regtest-gamboost.Rout’ to ‘regtest-gamboost.Rout.save’ ... OK
  Running ‘regtest-glmboost.R’
  Comparing ‘regtest-glmboost.Rout’ to ‘regtest-glmboost.Rout.save’ ... OK
  Running ‘regtest-hatmatrix.R’
  Comparing ‘regtest-hatmatrix.Rout’ to ‘regtest-hatmatrix.Rout.save’ ... OK
  Running ‘regtest-varimp.R’
  Comparing ‘regtest-varimp.Rout’ to ‘regtest-varimp.Rout.save’ ... OK
* checking for unstated dependencies in vignettes ... OK
* checking package vignettes ... OK
* checking running R code from vignettes ... SKIPPED
* checking re-building of vignette outputs ... SKIPPED
* DONE
Status: 1 NOTE
