* using log directory ‘/__w/linux-arm64-checks/linux-arm64-checks/power.nb.Rcheck’
* using R version 4.6.1 (2026-06-24)
* using platform: aarch64-unknown-linux-gnu
* R was compiled by
    aarch64-linux-gnu-gcc (Ubuntu 15.2.0-16ubuntu1) 15.2.0
    GNU Fortran (Ubuntu 15.2.0-16ubuntu1) 15.2.0
* running under: Ubuntu 26.04 LTS
* using session charset: UTF-8
* current time: 2026-08-16 01:14:45 UTC
* using options ‘--no-manual --no-vignettes’
* checking for file ‘power.nb/DESCRIPTION’ ... OK
* this is package ‘power.nb’ version ‘0.1.0’
* package encoding: UTF-8
* checking package namespace information ... OK
* checking package dependencies ... OK
* checking if this is a source package ... OK
* checking if there is a namespace ... OK
* checking for executable files ... OK
* checking for hidden files and directories ... OK
* checking for portable file names ... OK
* checking for sufficient/correct file permissions ... OK
* checking whether package ‘power.nb’ can be installed ... OK
* checking installed package size ... INFO
  installed size is  8.2Mb
  sub-directories of 1Mb or more:
    doc       2.3Mb
    extdata   5.5Mb
* checking package directory ... OK
* checking ‘build’ directory ... OK
* checking DESCRIPTION meta-information ... OK
* checking top-level files ... OK
* checking for left-over files ... OK
* checking index information ... OK
* checking package subdirectories ... OK
* checking code files for non-ASCII characters ... OK
* checking R files for syntax errors ... OK
* checking whether the package can be loaded ... OK
* checking whether the package can be loaded with stated dependencies ... OK
* checking whether the package can be unloaded cleanly ... OK
* checking whether the namespace can be loaded with stated dependencies ... OK
* checking whether the namespace can be unloaded cleanly ... OK
* checking loading without being on the library search path ... OK
* checking dependencies in R code ... OK
* checking S3 generic/method consistency ... OK
* checking replacement functions ... OK
* checking foreign function calls ... OK
* checking R code for possible problems ... OK
* checking Rd files ... OK
* checking Rd metadata ... OK
* checking Rd cross-references ... OK
* checking for missing documentation entries ... OK
* checking for code/documentation mismatches ... OK
* checking Rd \usage sections ... OK
* checking Rd contents ... OK
* checking for unstated dependencies in examples ... OK
* checking installed files from ‘inst/doc’ ... OK
* checking files in ‘vignettes’ ... OK
* checking examples ... ERROR
Running examples in ‘power.nb-Ex.R’ failed
The error most likely occurred in:

> ### Name: power_fun_ss
> ### Title: Fit a smooth power model for sample size estimation
> ### Aliases: power_fun_ss
> 
> ### ** Examples
> 
> #' @examples
> 
> # Example structure only
> set.seed(101)
> n = 70
> pval_est_list = list(rnorm(n),rnorm(n))
> logmean_list = list(rnorm(n),rnorm(n))
> logfoldchange_list = list(rnorm(n),rnorm(n))
> nsample_vec <- c(20, 40)
> out <- power_fun_ss(
+ pval_est_list = pval_est_list,
+ logmean_list = logmean_list,
+ nsample_vec = nsample_vec,
+ logfoldchange_list = logfoldchange_list,
+ alpha_level = 0.1
+ )
Error: The simpler SCAM model failed to converge.
Original error: inner loop 3; can't correct step size
Execution halted
* checking for unstated dependencies in vignettes ... OK
* checking package vignettes ... OK
* checking running R code from vignettes ... SKIPPED
* checking re-building of vignette outputs ... SKIPPED
* DONE
Status: 1 ERROR
