* installing *source* package ‘profoc’ ...
** this is package ‘profoc’ version ‘1.3.4’
** package ‘profoc’ successfully unpacked and MD5 sums checked
** using staged installation
** libs
using C++ compiler: ‘aarch64-linux-gnu-g++ (Ubuntu 15.2.0-16ubuntu1) 15.2.0’
aarch64-linux-gnu-g++ -std=gnu++20 -I"/usr/share/R/include" -DNDEBUG  -I'/usr/local/lib/R/site-library/Rcpp/include' -I'/usr/local/lib/R/site-library/RcppArmadillo/include' -I'/usr/local/lib/R/site-library/RcppProgress/include' -I'/usr/local/lib/R/site-library/splines2/include' -I'/usr/local/lib/R/site-library/rcpptimer/include'    -fopenmp  -I../inst/include -I../inst/include/optim  -DRCPP_ARMADILLO_FIX_Field -fPIC  -g -O2 -fno-omit-frame-pointer -mno-omit-leaf-frame-pointer -ffile-prefix-map=/build/r-base-96Zb1T/r-base-4.6.0=. -fstack-protector-strong -fstack-clash-protection -Wformat -Werror=format-security -mbranch-protection=standard -fdebug-prefix-map=/build/r-base-96Zb1T/r-base-4.6.0=/usr/src/r-base-4.6.0-2.2604.0 -Wdate-time -D_FORTIFY_SOURCE=3   -c RcppExports.cpp -o RcppExports.o
aarch64-linux-gnu-g++ -std=gnu++20 -I"/usr/share/R/include" -DNDEBUG  -I'/usr/local/lib/R/site-library/Rcpp/include' -I'/usr/local/lib/R/site-library/RcppArmadillo/include' -I'/usr/local/lib/R/site-library/RcppProgress/include' -I'/usr/local/lib/R/site-library/splines2/include' -I'/usr/local/lib/R/site-library/rcpptimer/include'    -fopenmp  -I../inst/include -I../inst/include/optim  -DRCPP_ARMADILLO_FIX_Field -fPIC  -g -O2 -fno-omit-frame-pointer -mno-omit-leaf-frame-pointer -ffile-prefix-map=/build/r-base-96Zb1T/r-base-4.6.0=. -fstack-protector-strong -fstack-clash-protection -Wformat -Werror=format-security -mbranch-protection=standard -fdebug-prefix-map=/build/r-base-96Zb1T/r-base-4.6.0=/usr/src/r-base-4.6.0-2.2604.0 -Wdate-time -D_FORTIFY_SOURCE=3   -c batch.cpp -o batch.o
aarch64-linux-gnu-g++ -std=gnu++20 -I"/usr/share/R/include" -DNDEBUG  -I'/usr/local/lib/R/site-library/Rcpp/include' -I'/usr/local/lib/R/site-library/RcppArmadillo/include' -I'/usr/local/lib/R/site-library/RcppProgress/include' -I'/usr/local/lib/R/site-library/splines2/include' -I'/usr/local/lib/R/site-library/rcpptimer/include'    -fopenmp  -I../inst/include -I../inst/include/optim  -DRCPP_ARMADILLO_FIX_Field -fPIC  -g -O2 -fno-omit-frame-pointer -mno-omit-leaf-frame-pointer -ffile-prefix-map=/build/r-base-96Zb1T/r-base-4.6.0=. -fstack-protector-strong -fstack-clash-protection -Wformat -Werror=format-security -mbranch-protection=standard -fdebug-prefix-map=/build/r-base-96Zb1T/r-base-4.6.0=/usr/src/r-base-4.6.0-2.2604.0 -Wdate-time -D_FORTIFY_SOURCE=3   -c conline.cpp -o conline.o
aarch64-linux-gnu-g++ -std=gnu++20 -I"/usr/share/R/include" -DNDEBUG  -I'/usr/local/lib/R/site-library/Rcpp/include' -I'/usr/local/lib/R/site-library/RcppArmadillo/include' -I'/usr/local/lib/R/site-library/RcppProgress/include' -I'/usr/local/lib/R/site-library/splines2/include' -I'/usr/local/lib/R/site-library/rcpptimer/include'    -fopenmp  -I../inst/include -I../inst/include/optim  -DRCPP_ARMADILLO_FIX_Field -fPIC  -g -O2 -fno-omit-frame-pointer -mno-omit-leaf-frame-pointer -ffile-prefix-map=/build/r-base-96Zb1T/r-base-4.6.0=. -fstack-protector-strong -fstack-clash-protection -Wformat -Werror=format-security -mbranch-protection=standard -fdebug-prefix-map=/build/r-base-96Zb1T/r-base-4.6.0=/usr/src/r-base-4.6.0-2.2604.0 -Wdate-time -D_FORTIFY_SOURCE=3   -c conline_exports.cpp -o conline_exports.o
aarch64-linux-gnu-g++ -std=gnu++20 -I"/usr/share/R/include" -DNDEBUG  -I'/usr/local/lib/R/site-library/Rcpp/include' -I'/usr/local/lib/R/site-library/RcppArmadillo/include' -I'/usr/local/lib/R/site-library/RcppProgress/include' -I'/usr/local/lib/R/site-library/splines2/include' -I'/usr/local/lib/R/site-library/rcpptimer/include'    -fopenmp  -I../inst/include -I../inst/include/optim  -DRCPP_ARMADILLO_FIX_Field -fPIC  -g -O2 -fno-omit-frame-pointer -mno-omit-leaf-frame-pointer -ffile-prefix-map=/build/r-base-96Zb1T/r-base-4.6.0=. -fstack-protector-strong -fstack-clash-protection -Wformat -Werror=format-security -mbranch-protection=standard -fdebug-prefix-map=/build/r-base-96Zb1T/r-base-4.6.0=/usr/src/r-base-4.6.0-2.2604.0 -Wdate-time -D_FORTIFY_SOURCE=3   -c loss.cpp -o loss.o
aarch64-linux-gnu-g++ -std=gnu++20 -I"/usr/share/R/include" -DNDEBUG  -I'/usr/local/lib/R/site-library/Rcpp/include' -I'/usr/local/lib/R/site-library/RcppArmadillo/include' -I'/usr/local/lib/R/site-library/RcppProgress/include' -I'/usr/local/lib/R/site-library/splines2/include' -I'/usr/local/lib/R/site-library/rcpptimer/include'    -fopenmp  -I../inst/include -I../inst/include/optim  -DRCPP_ARMADILLO_FIX_Field -fPIC  -g -O2 -fno-omit-frame-pointer -mno-omit-leaf-frame-pointer -ffile-prefix-map=/build/r-base-96Zb1T/r-base-4.6.0=. -fstack-protector-strong -fstack-clash-protection -Wformat -Werror=format-security -mbranch-protection=standard -fdebug-prefix-map=/build/r-base-96Zb1T/r-base-4.6.0=/usr/src/r-base-4.6.0-2.2604.0 -Wdate-time -D_FORTIFY_SOURCE=3   -c misc.cpp -o misc.o
aarch64-linux-gnu-g++ -std=gnu++20 -I"/usr/share/R/include" -DNDEBUG  -I'/usr/local/lib/R/site-library/Rcpp/include' -I'/usr/local/lib/R/site-library/RcppArmadillo/include' -I'/usr/local/lib/R/site-library/RcppProgress/include' -I'/usr/local/lib/R/site-library/splines2/include' -I'/usr/local/lib/R/site-library/rcpptimer/include'    -fopenmp  -I../inst/include -I../inst/include/optim  -DRCPP_ARMADILLO_FIX_Field -fPIC  -g -O2 -fno-omit-frame-pointer -mno-omit-leaf-frame-pointer -ffile-prefix-map=/build/r-base-96Zb1T/r-base-4.6.0=. -fstack-protector-strong -fstack-clash-protection -Wformat -Werror=format-security -mbranch-protection=standard -fdebug-prefix-map=/build/r-base-96Zb1T/r-base-4.6.0=/usr/src/r-base-4.6.0-2.2604.0 -Wdate-time -D_FORTIFY_SOURCE=3   -c oracle.cpp -o oracle.o
aarch64-linux-gnu-g++ -std=gnu++20 -I"/usr/share/R/include" -DNDEBUG  -I'/usr/local/lib/R/site-library/Rcpp/include' -I'/usr/local/lib/R/site-library/RcppArmadillo/include' -I'/usr/local/lib/R/site-library/RcppProgress/include' -I'/usr/local/lib/R/site-library/splines2/include' -I'/usr/local/lib/R/site-library/rcpptimer/include'    -fopenmp  -I../inst/include -I../inst/include/optim  -DRCPP_ARMADILLO_FIX_Field -fPIC  -g -O2 -fno-omit-frame-pointer -mno-omit-leaf-frame-pointer -ffile-prefix-map=/build/r-base-96Zb1T/r-base-4.6.0=. -fstack-protector-strong -fstack-clash-protection -Wformat -Werror=format-security -mbranch-protection=standard -fdebug-prefix-map=/build/r-base-96Zb1T/r-base-4.6.0=/usr/src/r-base-4.6.0-2.2604.0 -Wdate-time -D_FORTIFY_SOURCE=3   -c profoc_types.cpp -o profoc_types.o
aarch64-linux-gnu-g++ -std=gnu++20 -I"/usr/share/R/include" -DNDEBUG  -I'/usr/local/lib/R/site-library/Rcpp/include' -I'/usr/local/lib/R/site-library/RcppArmadillo/include' -I'/usr/local/lib/R/site-library/RcppProgress/include' -I'/usr/local/lib/R/site-library/splines2/include' -I'/usr/local/lib/R/site-library/rcpptimer/include'    -fopenmp  -I../inst/include -I../inst/include/optim  -DRCPP_ARMADILLO_FIX_Field -fPIC  -g -O2 -fno-omit-frame-pointer -mno-omit-leaf-frame-pointer -ffile-prefix-map=/build/r-base-96Zb1T/r-base-4.6.0=. -fstack-protector-strong -fstack-clash-protection -Wformat -Werror=format-security -mbranch-protection=standard -fdebug-prefix-map=/build/r-base-96Zb1T/r-base-4.6.0=/usr/src/r-base-4.6.0-2.2604.0 -Wdate-time -D_FORTIFY_SOURCE=3   -c splines.cpp -o splines.o
aarch64-linux-gnu-g++ -std=gnu++20 -shared -L/usr/lib/R/lib -Wl,-Bsymbolic-functions -Wl,--package-metadata=%7B%22type%22:%22deb%22%2C%22os%22:%22ubuntu%22%2C%22name%22:%22r-base%22%2C%22version%22:%224.6.0-2.2604.0%22%2C%22architecture%22:%22arm64%22%7D -flto=auto -ffat-lto-objects -Wl,-z,relro -o profoc.so RcppExports.o batch.o conline.o conline_exports.o loss.o misc.o oracle.o profoc_types.o splines.o -fopenmp -llapack -lblas -lgfortran -lm -L/usr/lib/R/lib -lR
installing to /__w/linux-arm64-checks/linux-arm64-checks/mylib/00LOCK-profoc/00new/profoc/libs
** R
** inst
** byte-compile and prepare package for lazy loading
** help
*** installing help indices
*** copying figures
** building package indices
** installing vignettes
** testing if installed package can be loaded from temporary location
** checking absolute paths in shared objects and dynamic libraries
** testing if installed package can be loaded from final location
** testing if installed package keeps a record of temporary installation path
* DONE (profoc)
