* using log directory ‘/__w/linux-arm64-checks/linux-arm64-checks/ShortRead.Rcheck’
* using R version 4.5.3 (2026-03-11)
* using platform: aarch64-unknown-linux-gnu
* R was compiled by
    gcc (Ubuntu 13.3.0-6ubuntu2~24.04.1) 13.3.0
    GNU Fortran (Ubuntu 13.3.0-6ubuntu2~24.04.1) 13.3.0
* running under: Ubuntu 24.04.4 LTS
* using session charset: UTF-8
* using options ‘--no-manual --no-vignettes’
* checking for file ‘ShortRead/DESCRIPTION’ ... OK
* checking extension type ... Package
* this is package ‘ShortRead’ version ‘1.69.3-2’
* checking package namespace information ... OK
* checking package dependencies ... OK
* checking if this is a source package ... OK
* checking if there is a namespace ... OK
* checking for executable files ... OK
* checking for hidden files and directories ... OK
* checking for portable file names ... OK
* checking for sufficient/correct file permissions ... OK
* checking whether package ‘ShortRead’ can be installed ... WARNING
Found the following significant warnings:
  io.c:227:38: warning: format ‘%f’ expects argument of type ‘double’, but argument 2 has type ‘const char *’ [-Wformat=]
  io.c:658:49: warning: format ‘%s’ expects argument of type ‘char *’, but argument 2 has type ‘int’ [-Wformat=]
  io.c:676:48: warning: format ‘%s’ expects argument of type ‘char *’, but argument 2 has type ‘int’ [-Wformat=]
  readBfaToc.cc:36:19: warning: ignoring return value of ‘size_t fread(void*, size_t, size_t, FILE*)’ declared with attribute ‘warn_unused_result’ [-Wunused-result]
  readBfaToc.cc:37:19: warning: ignoring return value of ‘size_t fread(void*, size_t, size_t, FILE*)’ declared with attribute ‘warn_unused_result’ [-Wunused-result]
  readBfaToc.cc:38:19: warning: ignoring return value of ‘size_t fread(void*, size_t, size_t, FILE*)’ declared with attribute ‘warn_unused_result’ [-Wunused-result]
See ‘/__w/linux-arm64-checks/linux-arm64-checks/ShortRead.Rcheck/00install.out’ for details.
* used C compiler: ‘gcc (Ubuntu 13.3.0-6ubuntu2~24.04.1) 13.3.0’
* used C++ compiler: ‘g++ (Ubuntu 13.3.0-6ubuntu2~24.04.1) 13.3.0’
* checking installed package size ... INFO
  installed size is  8.8Mb
  sub-directories of 1Mb or more:
    extdata   4.0Mb
    R         2.2Mb
* checking package directory ... OK
* checking ‘build’ directory ... OK
* checking DESCRIPTION meta-information ... OK
* checking top-level files ... OK
* checking for left-over files ... OK
* checking index information ... OK
* checking package subdirectories ... OK
* checking code files for non-ASCII characters ... OK
* checking R files for syntax errors ... OK
* checking whether the package can be loaded ... OK
* checking whether the package can be loaded with stated dependencies ... OK
* checking whether the package can be unloaded cleanly ... OK
* checking whether the namespace can be loaded with stated dependencies ... OK
* checking whether the namespace can be unloaded cleanly ... OK
* checking loading without being on the library search path ... OK
* checking dependencies in R code ... NOTE
Unexported object imported by a ':::' call: ‘S4Vectors:::V_recycle’
  See the note in ?`:::` about the use of this operator.
* checking S3 generic/method consistency ... OK
* checking replacement functions ... OK
* checking foreign function calls ... OK
* checking R code for possible problems ... NOTE
.plotCycleBaseCall: no visible binding for global variable ‘Base’
flag,QAReadQuality: no visible binding for global variable ‘Score’
flag,QAReadQuality: no visible binding for global variable ‘Id’
flag,QAReadQuality: no visible binding for global variable ‘Density’
report,QAFrequentSequence: no visible binding for global variable
  ‘TopCount’
report,QAFrequentSequence: no visible binding for global variable ‘Id’
report,QANucleotideByCycle: no visible binding for global variable
  ‘Base’
report,QANucleotideUse: no visible binding for global variable
  ‘Nucleotide’
report,QAQualityUse: no visible binding for global variable ‘Count’
report,QAQualityUse: no visible binding for global variable ‘Id’
report,QAQualityUse: no visible binding for global variable ‘Quality’
report,QAReadQuality: no visible binding for global variable ‘Id’
report,QASequenceUse: no visible binding for global variable
  ‘Occurrences’
report,QASequenceUse: no visible binding for global variable ‘Id’
report,QASequenceUse: no visible binding for global variable ‘Reads’
trimEnds,XStringSet: no visible global function definition for
  ‘seqtype’
Undefined global functions or variables:
  Base Count Density Id Nucleotide Occurrences Quality Reads Score
  seqtype TopCount
* checking Rd files ... NOTE
checkRd: (-1) deprecated.Rd:21: Lost braces in \itemize; meant \describe ?
checkRd: (-1) deprecated.Rd:23-24: Lost braces in \itemize; meant \describe ?
* checking Rd metadata ... OK
* checking Rd cross-references ... OK
* checking for missing documentation entries ... OK
* checking for code/documentation mismatches ... OK
* checking Rd \usage sections ... OK
* checking Rd contents ... OK
* checking for unstated dependencies in examples ... OK
* checking line endings in shell scripts ... OK
* checking line endings in C/C++/Fortran sources/headers ... OK
* checking line endings in Makefiles ... OK
* checking compilation flags in Makevars ... OK
* checking for GNU extensions in Makefiles ... OK
* checking for portable use of $(BLAS_LIBS) and $(LAPACK_LIBS) ... OK
* checking use of PKG_*FLAGS in Makefiles ... OK
* checking compiled code ... WARNING
Note: information on .o files is not available
File ‘/__w/linux-arm64-checks/linux-arm64-checks/mylib/ShortRead/libs/ShortRead.so’:
  Found ‘__sprintf_chk’, possibly from ‘sprintf’ (C)

Compiled code should not call entry points which might terminate R nor
write to stdout/stderr instead of to the console, nor use Fortran I/O
nor system RNGs nor [v]sprintf. The detected symbols are linked into
the code but might come from libraries and not actually be called.

See ‘Writing portable packages’ in the ‘Writing R Extensions’ manual.
* checking installed files from ‘inst/doc’ ... OK
* checking files in ‘vignettes’ ... OK
* checking examples ... OK
* checking for unstated dependencies in ‘tests’ ... OK
* checking tests ... ERROR
  Running ‘ShortRead_unit_tests.R’
Running the tests in ‘tests/ShortRead_unit_tests.R’ failed.
Last 13 lines of output:
   
  
  Test files with failing tests
  
     test_readPrb.R 
       test_readPrb_consistent 
       test_readPrb_input 
  
  
  Error in BiocGenerics:::testPackage("ShortRead") : 
    unit tests failed for package ShortRead
  In addition: Warning message:
  In for (i in seq_len(n)) { :
    closing unused connection 3 (/tmp/Rtmpfq8xiN/file1e456bc22ba5)
  Execution halted
* checking for unstated dependencies in vignettes ... OK
* checking package vignettes ... OK
* checking running R code from vignettes ... SKIPPED
* checking re-building of vignette outputs ... SKIPPED
* DONE
Status: 1 ERROR, 2 WARNINGs, 3 NOTEs
