* using log directory ‘/__w/linux-arm64-checks/linux-arm64-checks/iSTATS.Rcheck’
* using R version 4.6.1 (2026-06-24)
* using platform: aarch64-unknown-linux-gnu
* R was compiled by
    aarch64-linux-gnu-gcc (Ubuntu 15.2.0-16ubuntu1) 15.2.0
    GNU Fortran (Ubuntu 15.2.0-16ubuntu1) 15.2.0
* running under: Ubuntu 26.04.1 LTS
* using session charset: UTF-8
* current time: 2026-10-10 21:24:27 UTC
* using options ‘--no-manual --no-vignettes’
* checking for file ‘iSTATS/DESCRIPTION’ ... OK
* checking extension type ... Package
* this is package ‘iSTATS’ version ‘1.8’
* package encoding: UTF-8
* checking package namespace information ... OK
* checking package dependencies ... OK
* checking if this is a source package ... OK
* checking if there is a namespace ... OK
* checking for executable files ... OK
* checking for hidden files and directories ... OK
* checking for portable file names ... OK
* checking for sufficient/correct file permissions ... OK
* checking whether package ‘iSTATS’ can be installed ... OK
* checking installed package size ... INFO
  installed size is  5.4Mb
  sub-directories of 1Mb or more:
    app   4.4Mb
* checking package directory ... OK
* checking DESCRIPTION meta-information ... OK
* checking top-level files ... OK
* checking for left-over files ... OK
* checking index information ... OK
* checking package subdirectories ... OK
* checking code files for non-ASCII characters ... OK
* checking R files for syntax errors ... OK
* checking whether the package can be loaded ... OK
* checking whether the package can be loaded with stated dependencies ... OK
* checking whether the package can be unloaded cleanly ... OK
* checking whether the namespace can be loaded with stated dependencies ... OK
* checking whether the namespace can be unloaded cleanly ... OK
* checking loading without being on the library search path ... OK
* checking dependencies in R code ... OK
* checking S3 generic/method consistency ... OK
* checking replacement functions ... OK
* checking foreign function calls ... OK
* checking R code for possible problems ... OK
* checking Rd files ... OK
* checking Rd metadata ... OK
* checking Rd cross-references ... OK
* checking for missing documentation entries ... OK
* checking for code/documentation mismatches ... OK
* checking Rd \usage sections ... OK
* checking Rd contents ... OK
* checking for unstated dependencies in examples ... OK
* checking contents of ‘data’ directory ... OK
* checking data for non-ASCII characters ... OK
* checking LazyData ... OK
* checking data for ASCII and uncompressed saves ... OK
* checking examples ... OK
* checking for unstated dependencies in ‘tests’ ... OK
* checking tests ... ERROR
  Running ‘alignment-regions.R’
  Running ‘app-helpers.R’
Running the tests in ‘tests/app-helpers.R’ failed.
Last 13 lines of output:
  + }
  > y <- matrix(rnorm(52 * 8), 52, dimnames = list(NULL, paste0("c", 1:8)))
  > y[1, 1] <- NA; y[2, 2] <- Inf; y[, 3] <- NaN; y[1:50, 4] <- NA
  > shapiro_cases[[length(shapiro_cases) + 1L]] <- y
  > default_blocks <- helpers$.column_blocks
  > for (block_size in c(8192L, 3L)) {     # one block, and many uneven blocks
  +   helpers$.column_blocks <- function(columns, size = block_size)
  +     default_blocks(columns, size)
  +   for (m in c(cases, shapiro_cases)) {
  +     stopifnot(identical(helpers$.shapiro_p_values(m), reference_p(m)),
  +               identical(helpers$.spearman_ranks(m), reference_ranks(m)))
  +   }
  + }
  Error: identical(helpers$.shapiro_p_values(m), reference_p(m)) is not TRUE
  Execution halted
* DONE
Status: 1 ERROR
