* installing *source* package ‘PFIM’ ...
** this is package ‘PFIM’ version ‘8.0’
** package ‘PFIM’ successfully unpacked and MD5 sums checked
** using staged installation
** libs
specified C++17
using C compiler: ‘aarch64-linux-gnu-gcc (Ubuntu 15.2.0-16ubuntu1) 15.2.0’
using C++ compiler: ‘aarch64-linux-gnu-g++ (Ubuntu 15.2.0-16ubuntu1) 15.2.0’
using C++17
aarch64-linux-gnu-g++ -std=gnu++17 -I"/usr/share/R/include" -DNDEBUG -I../inst/include -DARMA_WARN_LEVEL=1 -I'/usr/local/lib/R/site-library/Rcpp/include' -I'/usr/local/lib/R/site-library/RcppArmadillo/include'     -fPIC  -g -O2 -fno-omit-frame-pointer -mno-omit-leaf-frame-pointer -ffile-prefix-map=/build/r-base-G8rfbz/r-base-4.6.1=. -fstack-protector-strong -fstack-clash-protection -Wformat -Werror=format-security -mbranch-protection=standard -fdebug-prefix-map=/build/r-base-G8rfbz/r-base-4.6.1=/usr/src/r-base-4.6.1-6.2604.0 -Wdate-time -D_FORTIFY_SOURCE=3   -c FedorovWynnAlgorithm.cpp -o FedorovWynnAlgorithm.o
aarch64-linux-gnu-g++ -std=gnu++17 -I"/usr/share/R/include" -DNDEBUG -I../inst/include -DARMA_WARN_LEVEL=1 -I'/usr/local/lib/R/site-library/Rcpp/include' -I'/usr/local/lib/R/site-library/RcppArmadillo/include'     -fPIC  -g -O2 -fno-omit-frame-pointer -mno-omit-leaf-frame-pointer -ffile-prefix-map=/build/r-base-G8rfbz/r-base-4.6.1=. -fstack-protector-strong -fstack-clash-protection -Wformat -Werror=format-security -mbranch-protection=standard -fdebug-prefix-map=/build/r-base-G8rfbz/r-base-4.6.1=/usr/src/r-base-4.6.1-6.2604.0 -Wdate-time -D_FORTIFY_SOURCE=3   -c MultiplicativeAlgorithm.cpp -o MultiplicativeAlgorithm.o
aarch64-linux-gnu-g++ -std=gnu++17 -I"/usr/share/R/include" -DNDEBUG -I../inst/include -DARMA_WARN_LEVEL=1 -I'/usr/local/lib/R/site-library/Rcpp/include' -I'/usr/local/lib/R/site-library/RcppArmadillo/include'     -fPIC  -g -O2 -fno-omit-frame-pointer -mno-omit-leaf-frame-pointer -ffile-prefix-map=/build/r-base-G8rfbz/r-base-4.6.1=. -fstack-protector-strong -fstack-clash-protection -Wformat -Werror=format-security -mbranch-protection=standard -fdebug-prefix-map=/build/r-base-G8rfbz/r-base-4.6.1=/usr/src/r-base-4.6.1-6.2604.0 -Wdate-time -D_FORTIFY_SOURCE=3   -c PGBOAlgorithm.cpp -o PGBOAlgorithm.o
aarch64-linux-gnu-g++ -std=gnu++17 -I"/usr/share/R/include" -DNDEBUG -I../inst/include -DARMA_WARN_LEVEL=1 -I'/usr/local/lib/R/site-library/Rcpp/include' -I'/usr/local/lib/R/site-library/RcppArmadillo/include'     -fPIC  -g -O2 -fno-omit-frame-pointer -mno-omit-leaf-frame-pointer -ffile-prefix-map=/build/r-base-G8rfbz/r-base-4.6.1=. -fstack-protector-strong -fstack-clash-protection -Wformat -Werror=format-security -mbranch-protection=standard -fdebug-prefix-map=/build/r-base-G8rfbz/r-base-4.6.1=/usr/src/r-base-4.6.1-6.2604.0 -Wdate-time -D_FORTIFY_SOURCE=3   -c PSOKernel.cpp -o PSOKernel.o
aarch64-linux-gnu-g++ -std=gnu++17 -I"/usr/share/R/include" -DNDEBUG -I../inst/include -DARMA_WARN_LEVEL=1 -I'/usr/local/lib/R/site-library/Rcpp/include' -I'/usr/local/lib/R/site-library/RcppArmadillo/include'     -fPIC  -g -O2 -fno-omit-frame-pointer -mno-omit-leaf-frame-pointer -ffile-prefix-map=/build/r-base-G8rfbz/r-base-4.6.1=. -fstack-protector-strong -fstack-clash-protection -Wformat -Werror=format-security -mbranch-protection=standard -fdebug-prefix-map=/build/r-base-G8rfbz/r-base-4.6.1=/usr/src/r-base-4.6.1-6.2604.0 -Wdate-time -D_FORTIFY_SOURCE=3   -c RcppExports.cpp -o RcppExports.o
aarch64-linux-gnu-g++ -std=gnu++17 -I"/usr/share/R/include" -DNDEBUG -I../inst/include -DARMA_WARN_LEVEL=1 -I'/usr/local/lib/R/site-library/Rcpp/include' -I'/usr/local/lib/R/site-library/RcppArmadillo/include'     -fPIC  -g -O2 -fno-omit-frame-pointer -mno-omit-leaf-frame-pointer -ffile-prefix-map=/build/r-base-G8rfbz/r-base-4.6.1=. -fstack-protector-strong -fstack-clash-protection -Wformat -Werror=format-security -mbranch-protection=standard -fdebug-prefix-map=/build/r-base-G8rfbz/r-base-4.6.1=/usr/src/r-base-4.6.1-6.2604.0 -Wdate-time -D_FORTIFY_SOURCE=3   -c SimplexAlgorithm.cpp -o SimplexAlgorithm.o
aarch64-linux-gnu-g++ -std=gnu++17 -I"/usr/share/R/include" -DNDEBUG -I../inst/include -DARMA_WARN_LEVEL=1 -I'/usr/local/lib/R/site-library/Rcpp/include' -I'/usr/local/lib/R/site-library/RcppArmadillo/include'     -fPIC  -g -O2 -fno-omit-frame-pointer -mno-omit-leaf-frame-pointer -ffile-prefix-map=/build/r-base-G8rfbz/r-base-4.6.1=. -fstack-protector-strong -fstack-clash-protection -Wformat -Werror=format-security -mbranch-protection=standard -fdebug-prefix-map=/build/r-base-G8rfbz/r-base-4.6.1=/usr/src/r-base-4.6.1-6.2604.0 -Wdate-time -D_FORTIFY_SOURCE=3   -c compute-linalg.cpp -o compute-linalg.o
aarch64-linux-gnu-g++ -std=gnu++17 -I"/usr/share/R/include" -DNDEBUG -I../inst/include -DARMA_WARN_LEVEL=1 -I'/usr/local/lib/R/site-library/Rcpp/include' -I'/usr/local/lib/R/site-library/RcppArmadillo/include'     -fPIC  -g -O2 -fno-omit-frame-pointer -mno-omit-leaf-frame-pointer -ffile-prefix-map=/build/r-base-G8rfbz/r-base-4.6.1=. -fstack-protector-strong -fstack-clash-protection -Wformat -Werror=format-security -mbranch-protection=standard -fdebug-prefix-map=/build/r-base-G8rfbz/r-base-4.6.1=/usr/src/r-base-4.6.1-6.2604.0 -Wdate-time -D_FORTIFY_SOURCE=3   -c compute-mfvar.cpp -o compute-mfvar.o
aarch64-linux-gnu-g++ -std=gnu++17 -I"/usr/share/R/include" -DNDEBUG -I../inst/include -DARMA_WARN_LEVEL=1 -I'/usr/local/lib/R/site-library/Rcpp/include' -I'/usr/local/lib/R/site-library/RcppArmadillo/include'     -fPIC  -g -O2 -fno-omit-frame-pointer -mno-omit-leaf-frame-pointer -ffile-prefix-map=/build/r-base-G8rfbz/r-base-4.6.1=. -fstack-protector-strong -fstack-clash-protection -Wformat -Werror=format-security -mbranch-protection=standard -fdebug-prefix-map=/build/r-base-G8rfbz/r-base-4.6.1=/usr/src/r-base-4.6.1-6.2604.0 -Wdate-time -D_FORTIFY_SOURCE=3   -c compute-pop-fim-combo.cpp -o compute-pop-fim-combo.o
aarch64-linux-gnu-g++ -std=gnu++17 -I"/usr/share/R/include" -DNDEBUG -I../inst/include -DARMA_WARN_LEVEL=1 -I'/usr/local/lib/R/site-library/Rcpp/include' -I'/usr/local/lib/R/site-library/RcppArmadillo/include'     -fPIC  -g -O2 -fno-omit-frame-pointer -mno-omit-leaf-frame-pointer -ffile-prefix-map=/build/r-base-G8rfbz/r-base-4.6.1=. -fstack-protector-strong -fstack-clash-protection -Wformat -Werror=format-security -mbranch-protection=standard -fdebug-prefix-map=/build/r-base-G8rfbz/r-base-4.6.1=/usr/src/r-base-4.6.1-6.2604.0 -Wdate-time -D_FORTIFY_SOURCE=3   -c compute-residual-error.cpp -o compute-residual-error.o
aarch64-linux-gnu-gcc -I"/usr/share/R/include" -DNDEBUG -I../inst/include -DARMA_WARN_LEVEL=1 -I'/usr/local/lib/R/site-library/Rcpp/include' -I'/usr/local/lib/R/site-library/RcppArmadillo/include'     -fPIC  -g -O2 -fno-omit-frame-pointer -mno-omit-leaf-frame-pointer -ffile-prefix-map=/build/r-base-G8rfbz/r-base-4.6.1=. -fstack-protector-strong -fstack-clash-protection -Wformat -Werror=format-security -mbranch-protection=standard -fdebug-prefix-map=/build/r-base-G8rfbz/r-base-4.6.1=/usr/src/r-base-4.6.1-6.2604.0 -Wdate-time -D_FORTIFY_SOURCE=3  -c init.c -o init.o
aarch64-linux-gnu-g++ -std=gnu++17 -I"/usr/share/R/include" -DNDEBUG -I../inst/include -DARMA_WARN_LEVEL=1 -I'/usr/local/lib/R/site-library/Rcpp/include' -I'/usr/local/lib/R/site-library/RcppArmadillo/include'     -fPIC  -g -O2 -fno-omit-frame-pointer -mno-omit-leaf-frame-pointer -ffile-prefix-map=/build/r-base-G8rfbz/r-base-4.6.1=. -fstack-protector-strong -fstack-clash-protection -Wformat -Werror=format-security -mbranch-protection=standard -fdebug-prefix-map=/build/r-base-G8rfbz/r-base-4.6.1=/usr/src/r-base-4.6.1-6.2604.0 -Wdate-time -D_FORTIFY_SOURCE=3   -c ode-cache.cpp -o ode-cache.o
aarch64-linux-gnu-g++ -std=gnu++17 -shared -L/usr/lib/R/lib -Wl,-Bsymbolic-functions -Wl,--package-metadata=%7B%22type%22:%22deb%22%2C%22os%22:%22ubuntu%22%2C%22name%22:%22r-base%22%2C%22version%22:%224.6.1-6.2604.0%22%2C%22architecture%22:%22arm64%22%7D -flto=auto -ffat-lto-objects -Wl,-z,relro -o PFIM.so FedorovWynnAlgorithm.o MultiplicativeAlgorithm.o PGBOAlgorithm.o PSOKernel.o RcppExports.o SimplexAlgorithm.o compute-linalg.o compute-mfvar.o compute-pop-fim-combo.o compute-residual-error.o init.o ode-cache.o -llapack -lblas -lgfortran -lm -L/usr/lib/R/lib -lR
installing to /__w/linux-arm64-checks/linux-arm64-checks/mylib/00LOCK-PFIM/00new/PFIM/libs
** R
** inst
** byte-compile and prepare package for lazy loading
** help
*** installing help indices
** building package indices
** installing vignettes
** testing if installed package can be loaded from temporary location
** checking absolute paths in shared objects and dynamic libraries
** testing if installed package can be loaded from final location
** testing if installed package keeps a record of temporary installation path
* DONE (PFIM)
