* using log directory ‘/__w/linux-arm64-checks/linux-arm64-checks/wjake.Rcheck’
* using R version 4.6.0 (2026-04-24)
* using platform: aarch64-unknown-linux-gnu
* R was compiled by
    aarch64-linux-gnu-gcc (Ubuntu 15.2.0-16ubuntu1) 15.2.0
    GNU Fortran (Ubuntu 15.2.0-16ubuntu1) 15.2.0
* running under: Ubuntu 26.04 LTS
* using session charset: UTF-8
* current time: 2026-06-09 20:30:46 UTC
* using options ‘--no-manual --no-vignettes’
* checking for file ‘wjake/DESCRIPTION’ ... OK
* this is package ‘wjake’ version ‘1.0.1’
* package encoding: UTF-8
* checking package namespace information ... OK
* checking package dependencies ... ERROR
Packages required but not available:
  'cli', 'colorspace', 'dplyr', 'english', 'ggplot2', 'ggtext', 'gh',
  'glue', 'gt', 'knitr', 'pak', 'rlang', 'rstudioapi', 'scales',
  'showtextdb', 'stringr', 'sysfonts', 'systemfonts', 'xfun'

Packages suggested but not available for checking:
  'spelling', 'taylor', 'testthat', 'vdiffr', 'withr'

See section ‘The DESCRIPTION file’ in the ‘Writing R Extensions’
manual.
* DONE
Status: 1 ERROR
