* using log directory ‘/__w/linux-arm64-checks/linux-arm64-checks/BioStatR.Rcheck’
* using R version 4.6.1 (2026-06-24)
* using platform: aarch64-unknown-linux-gnu
* R was compiled by
    aarch64-linux-gnu-gcc (Ubuntu 15.2.0-16ubuntu1) 15.2.0
    GNU Fortran (Ubuntu 15.2.0-16ubuntu1) 15.2.0
* running under: Ubuntu 26.04.1 LTS
* using session charset: UTF-8
* current time: 2026-09-06 02:05:00 UTC
* using options ‘--no-manual --no-vignettes’
* checking for file ‘BioStatR/DESCRIPTION’ ... OK
* checking extension type ... Package
* this is package ‘BioStatR’ version ‘4.1.1’
* package encoding: UTF-8
* checking package namespace information ... OK
* checking package dependencies ... OK
* checking if this is a source package ... OK
* checking if there is a namespace ... OK
* checking for executable files ... OK
* checking for hidden files and directories ... OK
* checking for portable file names ... OK
* checking for sufficient/correct file permissions ... OK
* checking whether package ‘BioStatR’ can be installed ... OK
* checking installed package size ... OK
* checking package directory ... OK
* checking DESCRIPTION meta-information ... OK
* checking top-level files ... OK
* checking for left-over files ... OK
* checking index information ... OK
* checking package subdirectories ... OK
* checking code files for non-ASCII characters ... OK
* checking R files for syntax errors ... OK
* checking whether the package can be loaded ... OK
* checking whether the package can be loaded with stated dependencies ... OK
* checking whether the package can be unloaded cleanly ... OK
* checking whether the namespace can be loaded with stated dependencies ... OK
* checking whether the namespace can be unloaded cleanly ... OK
* checking loading without being on the library search path ... OK
* checking dependencies in R code ... OK
* checking S3 generic/method consistency ... OK
* checking replacement functions ... OK
* checking foreign function calls ... OK
* checking R code for possible problems ... OK
* checking Rd files ... OK
* checking Rd metadata ... OK
* checking Rd cross-references ... OK
* checking for missing documentation entries ... OK
* checking for code/documentation mismatches ... OK
* checking Rd \usage sections ... OK
* checking Rd contents ... OK
* checking for unstated dependencies in examples ... OK
* checking contents of ‘data’ directory ... OK
* checking data for non-ASCII characters ... OK
* checking LazyData ... OK
* checking data for ASCII and uncompressed saves ... OK
* checking examples ... OK
* checking for unstated dependencies in ‘tests’ ... OK
* checking tests ... ERROR
  Running ‘testthat.R’
Running the tests in ‘tests/testthat.R’ failed.
Last 13 lines of output:
  • On CRAN (3): 'test_gg_qqplot_vdiffr.R:1:1', 'test_gg_qqplot_vdiffr.R:10:1',
    'test_panel_hist_vdiffr.R:1:1'
  
  ══ Failed tests ════════════════════════════════════════════════════════════════
  ── Failure ('test_binom_ci_values.R:55:5'): binom.ci handles edge cases x=0 and x=n (end) ──
  Expected `all(m0[, "Lower"] >= 0 & m0[, "Upper"] <= 1)` to be TRUE.
  Differences:
  `actual`:   FALSE
  `expected`: TRUE 
  
  
  [ FAIL 1 | WARN 0 | SKIP 3 | PASS 67 ]
  Error:
  ! Test failures.
  Execution halted
* DONE
Status: 1 ERROR
