* using log directory ‘/__w/linux-arm64-checks/linux-arm64-checks/mantar.Rcheck’
* using R version 4.6.0 (2026-04-24)
* using platform: aarch64-unknown-linux-gnu
* R was compiled by
    aarch64-linux-gnu-gcc (Ubuntu 15.2.0-16ubuntu1) 15.2.0
    GNU Fortran (Ubuntu 15.2.0-16ubuntu1) 15.2.0
* running under: Ubuntu 26.04 LTS
* using session charset: UTF-8
* current time: 2026-05-31 02:59:14 UTC
* using options ‘--no-manual --no-vignettes’
* checking for file ‘mantar/DESCRIPTION’ ... OK
* this is package ‘mantar’ version ‘0.3.0’
* package encoding: UTF-8
* checking package namespace information ... OK
* checking package dependencies ... OK
* checking if this is a source package ... OK
* checking if there is a namespace ... OK
* checking for executable files ... OK
* checking for hidden files and directories ... OK
* checking for portable file names ... OK
* checking for sufficient/correct file permissions ... OK
* checking whether package ‘mantar’ can be installed ... OK
* checking installed package size ... OK
* checking package directory ... OK
* checking ‘build’ directory ... OK
* checking DESCRIPTION meta-information ... OK
* checking top-level files ... OK
* checking for left-over files ... OK
* checking index information ... OK
* checking package subdirectories ... OK
* checking code files for non-ASCII characters ... OK
* checking R files for syntax errors ... OK
* checking whether the package can be loaded ... OK
* checking whether the package can be loaded with stated dependencies ... OK
* checking whether the package can be unloaded cleanly ... OK
* checking whether the namespace can be loaded with stated dependencies ... OK
* checking whether the namespace can be unloaded cleanly ... OK
* checking loading without being on the library search path ... OK
* checking dependencies in R code ... OK
* checking S3 generic/method consistency ... OK
* checking replacement functions ... OK
* checking foreign function calls ... OK
* checking R code for possible problems ... OK
* checking Rd files ... OK
* checking Rd metadata ... OK
* checking Rd cross-references ... OK
* checking for missing documentation entries ... OK
* checking for code/documentation mismatches ... OK
* checking Rd \usage sections ... OK
* checking Rd contents ... OK
* checking for unstated dependencies in examples ... OK
* checking contents of ‘data’ directory ... OK
* checking data for non-ASCII characters ... OK
* checking LazyData ... OK
* checking data for ASCII and uncompressed saves ... OK
* checking installed files from ‘inst/doc’ ... OK
* checking files in ‘vignettes’ ... OK
* checking examples ... OK
* checking for unstated dependencies in ‘tests’ ... OK
* checking tests ... ERROR
  Running ‘testthat.R’
Running the tests in ‘tests/testthat.R’ failed.
Last 13 lines of output:
  + expected[4, ] 0.00000000 0.22593282 0.00000000 0.00000000 0.0000000 0.00000000 0.00000000 0.05216923
  - actual[5, ]   0.00000000 0.00000000 0.00000000 0.00000000 0.0000000 0.26329917 0.00000000 0.26002110
  + expected[5, ] 0.00000000 0.00000000 0.00000000 0.00000000 0.0000000 0.26329042 0.00000000 0.26000851
  - actual[6, ]   0.00000000 0.00000000 0.00000000 0.00000000 0.2632992 0.00000000 0.07496059 0.14922931
  + expected[6, ] 0.00000000 0.00000000 0.00000000 0.00000000 0.2632904 0.00000000 0.07495335 0.14924612
  - actual[7, ]   0.00000000 0.02189152 0.09884089 0.00000000 0.0000000 0.07496059 0.00000000 0.00000000
  + expected[7, ] 0.00000000 0.02189766 0.09884079 0.00000000 0.0000000 0.07495335 0.00000000 0.00000000
  - actual[8, ]   0.00000000 0.00000000 0.00000000 0.05216599 0.2600211 0.14922931 0.00000000 0.00000000
  + expected[8, ] 0.00000000 0.00000000 0.00000000 0.05216923 0.2600085 0.14924612 0.00000000 0.00000000
  
  
  [ FAIL 1 | WARN 0 | SKIP 0 | PASS 269 ]
  Error:
  ! Test failures.
  Execution halted
* checking for unstated dependencies in vignettes ... OK
* checking package vignettes ... OK
* checking running R code from vignettes ... SKIPPED
* checking re-building of vignette outputs ... SKIPPED
* DONE
Status: 1 ERROR
