* using log directory ‘/__w/linux-arm64-checks/linux-arm64-checks/bigmemory.Rcheck’
* using R version 4.6.0 (2026-04-24)
* using platform: aarch64-unknown-linux-gnu
* R was compiled by
    aarch64-linux-gnu-gcc (Ubuntu 15.2.0-16ubuntu1) 15.2.0
    GNU Fortran (Ubuntu 15.2.0-16ubuntu1) 15.2.0
* running under: Ubuntu 26.04 LTS
* using session charset: UTF-8
* current time: 2026-06-08 08:32:27 UTC
* using options ‘--no-manual --no-vignettes’
* checking for file ‘bigmemory/DESCRIPTION’ ... OK
* this is package ‘bigmemory’ version ‘4.6.5’
* package encoding: UTF-8
* checking package namespace information ... OK
* checking package dependencies ... INFO
Packages which this enhances but not available for checking:
  'biganalytics', 'bigtabulate'
* checking if this is a source package ... OK
* checking if there is a namespace ... OK
* checking for executable files ... OK
* checking for hidden files and directories ... OK
* checking for portable file names ... OK
* checking for sufficient/correct file permissions ... OK
* checking whether package ‘bigmemory’ can be installed ... OK
* used C++ compiler: ‘aarch64-linux-gnu-g++ (Ubuntu 15.2.0-16ubuntu1) 15.2.0’
* checking installed package size ... INFO
  installed size is  8.6Mb
  sub-directories of 1Mb or more:
    libs   8.2Mb
* checking package directory ... OK
* checking DESCRIPTION meta-information ... OK
* checking top-level files ... OK
* checking for left-over files ... OK
* checking index information ... OK
* checking package subdirectories ... OK
* checking code files for non-ASCII characters ... OK
* checking R files for syntax errors ... OK
* checking whether the package can be loaded ... OK
* checking whether the package can be loaded with stated dependencies ... OK
* checking whether the package can be unloaded cleanly ... OK
* checking whether the namespace can be loaded with stated dependencies ... OK
* checking whether the namespace can be unloaded cleanly ... OK
* checking loading without being on the library search path ... OK
* checking whether startup messages can be suppressed ... OK
* checking dependencies in R code ... OK
* checking S3 generic/method consistency ... OK
* checking replacement functions ... OK
* checking foreign function calls ... OK
* checking R code for possible problems ... OK
* checking Rd files ... OK
* checking Rd metadata ... OK
* checking Rd cross-references ... OK
* checking for missing documentation entries ... OK
* checking for code/documentation mismatches ... OK
* checking Rd \usage sections ... OK
* checking Rd contents ... OK
* checking for unstated dependencies in examples ... OK
* checking line endings in shell scripts ... OK
* checking line endings in C/C++/Fortran sources/headers ... OK
* checking compiled code ... INFO
Note: information on .o files is not available
* checking examples ... OK
* checking for unstated dependencies in ‘tests’ ... OK
* checking tests ... ERROR
  Running ‘testthat.R’
Running the tests in ‘tests/testthat.R’ failed.
Last 13 lines of output:
  ── Failure ('test_readonly.R:63:5'): test_readonly ─────────────────────────────
  Expected `attach.big.matrix(fbm.desc.path, readonly = FALSE)` to produce warnings.
  big.matrix object could only be opened read-only.
  ── Failure ('test_readonly.R:66:5'): test_readonly ─────────────────────────────
  Expected `suppressWarnings(...)` to be TRUE.
  Differences:
  `actual`:   FALSE
  `expected`: TRUE 
  
  FBM should be readonly if readonly on FS, even if requested read/write
  
  [ FAIL 2 | WARN 0 | SKIP 7 | PASS 188 ]
  Error:
  ! Test failures.
  Execution halted
* DONE
Status: 1 ERROR
