* using log directory ‘/__w/linux-arm64-checks/linux-arm64-checks/CompositionalSR.Rcheck’
* using R version 4.5.3 (2026-03-11)
* using platform: aarch64-unknown-linux-gnu
* R was compiled by
    gcc (Ubuntu 13.3.0-6ubuntu2~24.04.1) 13.3.0
    GNU Fortran (Ubuntu 13.3.0-6ubuntu2~24.04.1) 13.3.0
* running under: Ubuntu 24.04.4 LTS
* using session charset: UTF-8
* using options ‘--no-manual --no-vignettes’
* checking for file ‘CompositionalSR/DESCRIPTION’ ... OK
* checking extension type ... Package
* this is package ‘CompositionalSR’ version ‘1.3’
* checking package namespace information ... OK
* checking package dependencies ... OK
* checking if this is a source package ... OK
* checking if there is a namespace ... OK
* checking for executable files ... OK
* checking for hidden files and directories ... OK
* checking for portable file names ... OK
* checking for sufficient/correct file permissions ... OK
* checking whether package ‘CompositionalSR’ can be installed ... WARNING
Found the following significant warnings:
  Warning: 'rgl.init' failed, will use the null device.
See ‘/__w/linux-arm64-checks/linux-arm64-checks/CompositionalSR.Rcheck/00install.out’ for details.
* checking installed package size ... OK
* checking package directory ... OK
* checking DESCRIPTION meta-information ... OK
* checking top-level files ... OK
* checking for left-over files ... OK
* checking index information ... OK
* checking package subdirectories ... OK
* checking code files for non-ASCII characters ... OK
* checking R files for syntax errors ... OK
* checking whether the package can be loaded ... OK
* checking whether the package can be loaded with stated dependencies ... OK
* checking whether the package can be unloaded cleanly ... OK
* checking whether the namespace can be loaded with stated dependencies ... OK
* checking whether the namespace can be unloaded cleanly ... OK
* checking loading without being on the library search path ... OK
* checking dependencies in R code ... OK
* checking S3 generic/method consistency ... OK
* checking replacement functions ... OK
* checking foreign function calls ... OK
* checking R code for possible problems ... OK
* checking Rd files ... OK
* checking Rd metadata ... OK
* checking Rd cross-references ... OK
* checking for missing documentation entries ... OK
* checking for code/documentation mismatches ... OK
* checking Rd \usage sections ... OK
* checking Rd contents ... OK
* checking for unstated dependencies in examples ... OK
* checking contents of ‘data’ directory ... OK
* checking data for non-ASCII characters ... OK
* checking LazyData ... OK
* checking data for ASCII and uncompressed saves ... OK
* checking examples ... ERROR
Running examples in ‘CompositionalSR-Ex.R’ failed
The error most likely occurred in:

> ### Name: ICE plot for the alpha-ESF model
> ### Title: ICE plot for the alpha-ESF model
> ### Aliases: ice.aesf
> 
> ### ** Examples
> 
> data(fadn)
> coords <- fadn[, 1:2]
> y <- fadn[, 3:7]
> x <- fadn[, 8, drop = FALSE]
> mod <- alfa.esf(y, x, a = 0.1, coords = coords)
 25 spatial eigen-pairs
> ice <- ice.aesf(mod$be, mod$gama, x, mod$X.esf, ind = 1)
Error in plot.window(...) : need finite 'ylim' values
Calls: ice.aesf ... <Anonymous> -> plot -> plot.default -> localWindow -> plot.window
Execution halted
* DONE
Status: 1 ERROR, 1 WARNING
