* using log directory ‘/__w/linux-arm64-checks/linux-arm64-checks/CAST.Rcheck’
* using R version 4.6.1 (2026-06-24)
* using platform: aarch64-unknown-linux-gnu
* R was compiled by
    aarch64-linux-gnu-gcc (Ubuntu 15.2.0-16ubuntu1) 15.2.0
    GNU Fortran (Ubuntu 15.2.0-16ubuntu1) 15.2.0
* running under: Ubuntu 26.04 LTS
* using session charset: UTF-8
* current time: 2026-06-28 02:41:13 UTC
* using options ‘--no-manual --no-vignettes’
* checking for file ‘CAST/DESCRIPTION’ ... OK
* checking extension type ... Package
* this is package ‘CAST’ version ‘1.1.0’
* package encoding: UTF-8
* checking package namespace information ... OK
* checking package dependencies ... OK
* checking if this is a source package ... OK
* checking if there is a namespace ... OK
* checking for executable files ... OK
* checking for hidden files and directories ... OK
* checking for portable file names ... OK
* checking for sufficient/correct file permissions ... OK
* checking whether package ‘CAST’ can be installed ... OK
* checking installed package size ... OK
* checking package directory ... OK
* checking ‘build’ directory ... OK
* checking DESCRIPTION meta-information ... OK
* checking top-level files ... OK
* checking for left-over files ... OK
* checking index information ... OK
* checking package subdirectories ... OK
* checking code files for non-ASCII characters ... OK
* checking R files for syntax errors ... OK
* checking whether the package can be loaded ... OK
* checking whether the package can be loaded with stated dependencies ... OK
* checking whether the package can be unloaded cleanly ... OK
* checking whether the namespace can be loaded with stated dependencies ... OK
* checking whether the namespace can be unloaded cleanly ... OK
* checking loading without being on the library search path ... OK
* checking dependencies in R code ... OK
* checking S3 generic/method consistency ... OK
* checking replacement functions ... OK
* checking foreign function calls ... OK
* checking R code for possible problems ... OK
* checking Rd files ... OK
* checking Rd metadata ... OK
* checking Rd cross-references ... OK
* checking for missing documentation entries ... OK
* checking for code/documentation mismatches ... OK
* checking Rd \usage sections ... OK
* checking Rd contents ... OK
* checking for unstated dependencies in examples ... OK
* checking contents of ‘data’ directory ... OK
* checking data for non-ASCII characters ... OK
* checking data for ASCII and uncompressed saves ... OK
* checking installed files from ‘inst/doc’ ... OK
* checking files in ‘vignettes’ ... OK
* checking examples ... OK
* checking for unstated dependencies in ‘tests’ ... OK
* checking tests ... ERROR
  Running ‘testthat.R’
Running the tests in ‘tests/testthat.R’ failed.
Last 13 lines of output:
  Differences:
    `actual`: 27.69
  `expected`: 27.40
  
  ── Failure ('test-global_validation.R:20:3'): global_validation works with caret regression ──
  Expected `global_validation(model)` to equal `c(RMSE = 0.330787, Rsquared = 0.8400544, MAE = 0.2621827)`.
  Differences:
    `actual`: 0.341 0.830 0.271
  `expected`: 0.331 0.840 0.262
  
  
  [ FAIL 3 | WARN 0 | SKIP 20 | PASS 143 ]
  Error:
  ! Test failures.
  Execution halted
* checking for unstated dependencies in vignettes ... OK
* checking package vignettes ... OK
* checking running R code from vignettes ... SKIPPED
* checking re-building of vignette outputs ... SKIPPED
* DONE
Status: 1 ERROR
